Archive member included to satisfy reference by file (symbol)

/home/kj/NXP/S32DS.3.6.7/S32DS/build_tools/gcc_v10.2/gcc-10.2-arm32-eabi/bin/../lib/gcc/arm-none-eabi/10.2.0/../../../../arm-none-eabi/lib/thumb/v7e-m+fp/hard/libc_nano.a(lib_a-memmove.o)
                              ./RTD/src/Siul2_Port_Ip.o (memmove)
/home/kj/NXP/S32DS.3.6.7/S32DS/build_tools/gcc_v10.2/gcc-10.2-arm32-eabi/bin/../lib/gcc/arm-none-eabi/10.2.0/../../../../arm-none-eabi/lib/thumb/v7e-m+fp/hard/libc_nano.a(lib_a-memset.o)
                              ./Project_Settings/Startup_Code/startup.o (memset)
/home/kj/NXP/S32DS.3.6.7/S32DS/build_tools/gcc_v10.2/gcc-10.2-arm32-eabi/bin/../lib/gcc/arm-none-eabi/10.2.0/thumb/v7e-m+fp/hard/libgcc.a(_aeabi_ldivmod.o)
                              ./RTD/src/Clock_Ip_ProgFreqSwitch.o (__aeabi_ldivmod)
/home/kj/NXP/S32DS.3.6.7/S32DS/build_tools/gcc_v10.2/gcc-10.2-arm32-eabi/bin/../lib/gcc/arm-none-eabi/10.2.0/thumb/v7e-m+fp/hard/libgcc.a(_aeabi_uldivmod.o)
                              ./RTD/src/Clock_Ip_Monitor.o (__aeabi_uldivmod)
/home/kj/NXP/S32DS.3.6.7/S32DS/build_tools/gcc_v10.2/gcc-10.2-arm32-eabi/bin/../lib/gcc/arm-none-eabi/10.2.0/thumb/v7e-m+fp/hard/libgcc.a(_udivmoddi4.o)
                              /home/kj/NXP/S32DS.3.6.7/S32DS/build_tools/gcc_v10.2/gcc-10.2-arm32-eabi/bin/../lib/gcc/arm-none-eabi/10.2.0/thumb/v7e-m+fp/hard/libgcc.a(_aeabi_ldivmod.o) (__udivmoddi4)
/home/kj/NXP/S32DS.3.6.7/S32DS/build_tools/gcc_v10.2/gcc-10.2-arm32-eabi/bin/../lib/gcc/arm-none-eabi/10.2.0/thumb/v7e-m+fp/hard/libgcc.a(_dvmd_tls.o)
                              /home/kj/NXP/S32DS.3.6.7/S32DS/build_tools/gcc_v10.2/gcc-10.2-arm32-eabi/bin/../lib/gcc/arm-none-eabi/10.2.0/thumb/v7e-m+fp/hard/libgcc.a(_aeabi_ldivmod.o) (__aeabi_ldiv0)

Discarded input sections

 .group         0x0000000000000000        0xc ./Project_Settings/Startup_Code/exceptions.o
 .group         0x0000000000000000        0xc ./Project_Settings/Startup_Code/exceptions.o
 .group         0x0000000000000000        0xc ./Project_Settings/Startup_Code/exceptions.o
 .group         0x0000000000000000        0xc ./Project_Settings/Startup_Code/exceptions.o
 .group         0x0000000000000000        0xc ./Project_Settings/Startup_Code/exceptions.o
 .group         0x0000000000000000        0xc ./Project_Settings/Startup_Code/exceptions.o
 .group         0x0000000000000000        0xc ./Project_Settings/Startup_Code/exceptions.o
 .group         0x0000000000000000        0xc ./Project_Settings/Startup_Code/exceptions.o
 .group         0x0000000000000000        0xc ./Project_Settings/Startup_Code/exceptions.o
 .group         0x0000000000000000        0xc ./Project_Settings/Startup_Code/exceptions.o
 .group         0x0000000000000000        0xc ./Project_Settings/Startup_Code/exceptions.o
 .group         0x0000000000000000        0xc ./Project_Settings/Startup_Code/exceptions.o
 .group         0x0000000000000000        0xc ./Project_Settings/Startup_Code/exceptions.o
 .group         0x0000000000000000        0xc ./Project_Settings/Startup_Code/exceptions.o
 .group         0x0000000000000000        0xc ./Project_Settings/Startup_Code/exceptions.o
 .group         0x0000000000000000        0xc ./Project_Settings/Startup_Code/exceptions.o
 .group         0x0000000000000000        0xc ./Project_Settings/Startup_Code/exceptions.o
 .group         0x0000000000000000        0xc ./Project_Settings/Startup_Code/exceptions.o
 .group         0x0000000000000000        0xc ./Project_Settings/Startup_Code/exceptions.o
 .group         0x0000000000000000        0xc ./Project_Settings/Startup_Code/exceptions.o
 .group         0x0000000000000000        0xc ./Project_Settings/Startup_Code/exceptions.o
 .group         0x0000000000000000        0xc ./Project_Settings/Startup_Code/exceptions.o
 .group         0x0000000000000000        0xc ./Project_Settings/Startup_Code/exceptions.o
 .group         0x0000000000000000        0xc ./Project_Settings/Startup_Code/exceptions.o
 .group         0x0000000000000000        0xc ./Project_Settings/Startup_Code/exceptions.o
 .group         0x0000000000000000        0xc ./Project_Settings/Startup_Code/exceptions.o
 .group         0x0000000000000000        0xc ./Project_Settings/Startup_Code/exceptions.o
 .group         0x0000000000000000        0xc ./Project_Settings/Startup_Code/exceptions.o
 .group         0x0000000000000000        0xc ./Project_Settings/Startup_Code/exceptions.o
 .group         0x0000000000000000        0xc ./Project_Settings/Startup_Code/exceptions.o
 .group         0x0000000000000000        0xc ./Project_Settings/Startup_Code/nvic.o
 .group         0x0000000000000000        0xc ./Project_Settings/Startup_Code/nvic.o
 .group         0x0000000000000000        0xc ./Project_Settings/Startup_Code/nvic.o
 .group         0x0000000000000000        0xc ./Project_Settings/Startup_Code/nvic.o
 .group         0x0000000000000000        0xc ./Project_Settings/Startup_Code/nvic.o
[...]
Memory Configuration

Name             Origin             Length             Attributes
int_pflash       0x0000000000400000 0x00000000007d4000
int_dflash       0x0000000010000000 0x0000000000020000
int_itcm         0x0000000000000000 0x0000000000008000
int_dtcm         0x0000000020000000 0x000000000000f000
int_stack_dtcm   0x000000002000f000 0x0000000000001000
int_sram         0x0000000020400000 0x000000000007ff00
int_sram_fls_rsv 0x000000002047ff00 0x0000000000000100
int_sram_no_cacheable 0x0000000020480000 0x000000000003bf00
int_sram_results 0x00000000204bbf00 0x0000000000000100
int_sram_shareable 0x00000000204bc000 0x0000000000004000
ram_rsvd2        0x00000000204c0000 0x0000000000000000
*default*        0x0000000000000000 0xffffffffffffffff

Linker script and memory map

LOAD ./Project_Settings/Startup_Code/Vector_Table.o
LOAD ./Project_Settings/Startup_Code/exceptions.o
LOAD ./Project_Settings/Startup_Code/nvic.o
LOAD ./Project_Settings/Startup_Code/startup.o
LOAD ./Project_Settings/Startup_Code/startup_cm7.o
LOAD ./Project_Settings/Startup_Code/system.o
LOAD ./RTD/src/Clock_Ip.o
LOAD ./RTD/src/Clock_Ip_Data.o
LOAD ./RTD/src/Clock_Ip_Divider.o
LOAD ./RTD/src/Clock_Ip_DividerTrigger.o
LOAD ./RTD/src/Clock_Ip_ExtOsc.o
LOAD ./RTD/src/Clock_Ip_FracDiv.o
LOAD ./RTD/src/Clock_Ip_Frequency.o
LOAD ./RTD/src/Clock_Ip_Gate.o
LOAD ./RTD/src/Clock_Ip_IntOsc.o
LOAD ./RTD/src/Clock_Ip_Irq.o
LOAD ./RTD/src/Clock_Ip_Monitor.o
LOAD ./RTD/src/Clock_Ip_Pll.o
LOAD ./RTD/src/Clock_Ip_ProgFreqSwitch.o
LOAD ./RTD/src/Clock_Ip_Selector.o
LOAD ./RTD/src/Clock_Ip_Specific.o
LOAD ./RTD/src/Det.o
LOAD ./RTD/src/Det_stub.o
LOAD ./RTD/src/Flexio_Mcl_Ip.o
LOAD ./RTD/src/Flexio_Mcl_Ip_HwAccess.o
LOAD ./RTD/src/Flexio_Mcl_Ip_Irq.o
LOAD ./RTD/src/Flexio_Uart_Ip.o
LOAD ./RTD/src/Flexio_Uart_Ip_Irq.o
LOAD ./RTD/src/Igf_Port_Ip.o
LOAD ./RTD/src/IntCtrl_Ip.o
LOAD ./RTD/src/Lpuart_Uart_Ip.o
LOAD ./RTD/src/Lpuart_Uart_Ip_Irq.o
LOAD ./RTD/src/OsIf_Interrupts.o
LOAD ./RTD/src/OsIf_Software_Semaphore.o
LOAD ./RTD/src/OsIf_Timer.o
LOAD ./RTD/src/OsIf_Timer_System.o
LOAD ./RTD/src/OsIf_Timer_System_Internal_Systick.o
LOAD ./RTD/src/SchM_BaseNXP.o
LOAD ./RTD/src/SchM_Mcl.o
LOAD ./RTD/src/SchM_Mcu.o
LOAD ./RTD/src/SchM_Port.o
LOAD ./RTD/src/SchM_Uart.o
LOAD ./RTD/src/Siul2_Port_Ip.o
LOAD ./RTD/src/Tspc_Port_Ip.o
LOAD ./board/Siul2_Port_Ip_Cfg.o
LOAD ./board/Tspc_Port_Ip_Cfg.o
LOAD ./board/dcf_config.o
LOAD ./board/ivt_config.o
LOAD ./generate/src/Clock_Ip_Cfg.o
LOAD ./generate/src/Flexio_Mcl_Ip_Sa_VS_0_PBcfg.o
LOAD ./generate/src/Flexio_Uart_Ip_Sa_VS_0_PBcfg.o
LOAD ./generate/src/Igf_Port_Ip_Cfg.o
LOAD ./generate/src/IntCtrl_Ip_Cfg.o
LOAD ./generate/src/Lpuart_Uart_Ip_Sa_VS_0_PBcfg.o
LOAD ./generate/src/OsIf_Cfg.o
LOAD ./src/main.o
LOAD /home/kj/NXP/S32DS.3.6.7/S32DS/build_tools/gcc_v10.2/gcc-10.2-arm32-eabi/bin/../lib/gcc/arm-none-eabi/10.2.0/../../../../arm-none-eabi/lib/thumb/v7e-m+fp/hard/libc_nano.a
LOAD /home/kj/NXP/S32DS.3.6.7/S32DS/build_tools/gcc_v10.2/gcc-10.2-arm32-eabi/bin/../lib/gcc/arm-none-eabi/10.2.0/../../../../arm-none-eabi/lib/thumb/v7e-m+fp/hard/libm.a
LOAD /home/kj/NXP/S32DS.3.6.7/S32DS/build_tools/gcc_v10.2/gcc-10.2-arm32-eabi/bin/../lib/gcc/arm-none-eabi/10.2.0/thumb/v7e-m+fp/hard/libgcc.a
START GROUP
LOAD /home/kj/NXP/S32DS.3.6.7/S32DS/build_tools/gcc_v10.2/gcc-10.2-arm32-eabi/bin/../lib/gcc/arm-none-eabi/10.2.0/thumb/v7e-m+fp/hard/libgcc.a
LOAD /home/kj/NXP/S32DS.3.6.7/S32DS/build_tools/gcc_v10.2/gcc-10.2-arm32-eabi/bin/../lib/gcc/arm-none-eabi/10.2.0/../../../../arm-none-eabi/lib/thumb/v7e-m+fp/hard/libg_nano.a
LOAD /home/kj/NXP/S32DS.3.6.7/S32DS/build_tools/gcc_v10.2/gcc-10.2-arm32-eabi/bin/../lib/gcc/arm-none-eabi/10.2.0/../../../../arm-none-eabi/lib/thumb/v7e-m+fp/hard/libc_nano.a
END GROUP
START GROUP
LOAD /home/kj/NXP/S32DS.3.6.7/S32DS/build_tools/gcc_v10.2/gcc-10.2-arm32-eabi/bin/../lib/gcc/arm-none-eabi/10.2.0/thumb/v7e-m+fp/hard/libgcc.a
LOAD /home/kj/NXP/S32DS.3.6.7/S32DS/build_tools/gcc_v10.2/gcc-10.2-arm32-eabi/bin/../lib/gcc/arm-none-eabi/10.2.0/../../../../arm-none-eabi/lib/thumb/v7e-m+fp/hard/libc_nano.a
LOAD /home/kj/NXP/S32DS.3.6.7/S32DS/build_tools/gcc_v10.2/gcc-10.2-arm32-eabi/bin/../lib/gcc/arm-none-eabi/10.2.0/../../../../arm-none-eabi/lib/thumb/v7e-m+fp/hard/libnosys.a
END GROUP
START GROUP
LOAD /home/kj/NXP/S32DS.3.6.7/S32DS/build_tools/gcc_v10.2/gcc-10.2-arm32-eabi/bin/../lib/gcc/arm-none-eabi/10.2.0/thumb/v7e-m+fp/hard/libgcc.a
LOAD /home/kj/NXP/S32DS.3.6.7/S32DS/build_tools/gcc_v10.2/gcc-10.2-arm32-eabi/bin/../lib/gcc/arm-none-eabi/10.2.0/../../../../arm-none-eabi/lib/thumb/v7e-m+fp/hard/libc_nano.a
LOAD /home/kj/NXP/S32DS.3.6.7/S32DS/build_tools/gcc_v10.2/gcc-10.2-arm32-eabi/bin/../lib/gcc/arm-none-eabi/10.2.0/../../../../arm-none-eabi/lib/thumb/v7e-m+fp/hard/libnosys.a
END GROUP
                0x0000000000002000                HEAP_SIZE = DEFINED (__heap_size__)?__heap_size__:0x2000
                0x000000002040ffff                __STANDBY_RAM_LIMIT_END = 0x2040ffff

.pflash         0x0000000000400000     0xc6d4
 *(.boot_header)
 .boot_header   0x0000000000400000      0x100 ./Project_Settings/Startup_Code/startup_cm7.o
                0x0000000000402000                . = ALIGN (0x2000)
 *fill*         0x0000000000400100     0x1f00 
                0x0000000000402000                __text_start = .
                0x0000000000402000                __interrupts_init_start = .
 *(.intc_vector)
 .intc_vector   0x0000000000402000      0x408 ./Project_Settings/Startup_Code/Vector_Table.o
                0x0000000000402000                VTABLE
                0x0000000000402408                . = ALIGN (0x4)
                0x0000000000402408                __interrupts_init_end = .
 *(.core_loop)
 .core_loop     0x0000000000402408        0xc ./Project_Settings/Startup_Code/startup_cm7.o
                0x0000000000402408                _core_loop
                0x0000000000402414                . = ALIGN (0x4)
 *(.startup)
 *fill*         0x0000000000402414        0xc 
 .startup       0x0000000000402420      0x214 ./Project_Settings/Startup_Code/startup_cm7.o
                0x0000000000402420                Reset_Handler
                0x0000000000402420                _start
                0x00000000004025b4                MCAL_LTB_TRACE_OFF
                0x00000000004025b6                _end_of_eunit_test
                0x0000000000402634                . = ALIGN (0x4)
 *(.systeminit)
                0x0000000000402634                . = ALIGN (0x4)
 *(.text.startup)
 .text.startup  0x0000000000402634       0xbc ./src/main.o
                0x0000000000402634                main
                0x00000000004026f0                . = ALIGN (0x4)
 *(.text)
 .text          0x00000000004026f0        0x0 ./Project_Settings/Startup_Code/Vector_Table.o
 .text          0x00000000004026f0        0x0 ./Project_Settings/Startup_Code/exceptions.o
 .text          0x00000000004026f0        0x0 ./Project_Settings/Startup_Code/nvic.o
 .text          0x00000000004026f0        0x0 ./Project_Settings/Startup_Code/startup.o
 .text          0x00000000004026f0        0x0 ./Project_Settings/Startup_Code/startup_cm7.o
 .text          0x00000000004026f0        0x0 ./Project_Settings/Startup_Code/system.o
 .text          0x00000000004026f0        0x0 ./RTD/src/Clock_Ip.o
 .text          0x00000000004026f0        0x0 ./RTD/src/Clock_Ip_Data.o
 .text          0x00000000004026f0        0x0 ./RTD/src/Clock_Ip_Divider.o
 .text          0x00000000004026f0        0x0 ./RTD/src/Clock_Ip_DividerTrigger.o
 .text          0x00000000004026f0        0x0 ./RTD/src/Clock_Ip_ExtOsc.o
 .text          0x00000000004026f0        0x0 ./RTD/src/Clock_Ip_FracDiv.o
 .text          0x00000000004026f0        0x0 ./RTD/src/Clock_Ip_Frequency.o
 .text          0x00000000004026f0        0x0 ./RTD/src/Clock_Ip_Gate.o
 .text          0x00000000004026f0        0x0 ./RTD/src/Clock_Ip_IntOsc.o
 .text          0x00000000004026f0        0x0 ./RTD/src/Clock_Ip_Irq.o
 .text          0x00000000004026f0        0x0 ./RTD/src/Clock_Ip_Monitor.o
 .text          0x00000000004026f0        0x0 ./RTD/src/Clock_Ip_Pll.o
 .text          0x00000000004026f0        0x0 ./RTD/src/Clock_Ip_ProgFreqSwitch.o
 .text          0x00000000004026f0        0x0 ./RTD/src/Clock_Ip_Selector.o
 .text          0x00000000004026f0        0x0 ./RTD/src/Clock_Ip_Specific.o
 .text          0x00000000004026f0        0x0 ./RTD/src/Det.o
 .text          0x00000000004026f0        0x0 ./RTD/src/Det_stub.o
 .text          0x00000000004026f0        0x0 ./RTD/src/Flexio_Mcl_Ip.o
 .text          0x00000000004026f0        0x0 ./RTD/src/Flexio_Mcl_Ip_HwAccess.o
 .text          0x00000000004026f0        0x0 ./RTD/src/Flexio_Mcl_Ip_Irq.o
 .text          0x00000000004026f0       0x14 ./RTD/src/Flexio_Uart_Ip.o
 .text          0x0000000000402704        0x0 ./RTD/src/Flexio_Uart_Ip_Irq.o
 .text          0x0000000000402704        0x0 ./RTD/src/Igf_Port_Ip.o
 .text          0x0000000000402704       0x14 ./RTD/src/IntCtrl_Ip.o
 .text          0x0000000000402718       0x14 ./RTD/src/Lpuart_Uart_Ip.o
 .text          0x000000000040272c        0x0 ./RTD/src/Lpuart_Uart_Ip_Irq.o
 .text          0x000000000040272c        0x0 ./RTD/src/OsIf_Interrupts.o
 .text          0x000000000040272c        0x0 ./RTD/src/OsIf_Software_Semaphore.o
 .text          0x000000000040272c        0x0 ./RTD/src/OsIf_Timer.o
 .text          0x000000000040272c        0x0 ./RTD/src/OsIf_Timer_System.o
 .text          0x000000000040272c        0x0 ./RTD/src/OsIf_Timer_System_Internal_Systick.o
 .text          0x000000000040272c        0x6 ./RTD/src/SchM_BaseNXP.o
                0x000000000040272c                BaseNXP_schm_read_msr
 .text          0x0000000000402732        0x6 ./RTD/src/SchM_Mcl.o
                0x0000000000402732                Mcl_schm_read_msr
 .text          0x0000000000402738        0x6 ./RTD/src/SchM_Mcu.o
                0x0000000000402738                Mcu_schm_read_msr
 .text          0x000000000040273e        0x6 ./RTD/src/SchM_Port.o
                0x000000000040273e                Port_schm_read_msr
 .text          0x0000000000402744        0x6 ./RTD/src/SchM_Uart.o
                0x0000000000402744                Uart_schm_read_msr
 .text          0x000000000040274a       0x14 ./RTD/src/Siul2_Port_Ip.o
 .text          0x000000000040275e        0x0 ./RTD/src/Tspc_Port_Ip.o
 .text          0x000000000040275e        0x0 ./board/Siul2_Port_Ip_Cfg.o
 .text          0x000000000040275e        0x0 ./board/Tspc_Port_Ip_Cfg.o
 .text          0x000000000040275e        0x0 ./board/dcf_config.o
 .text          0x000000000040275e        0x0 ./board/ivt_config.o
 .text          0x000000000040275e        0x0 ./generate/src/Clock_Ip_Cfg.o
 .text          0x000000000040275e        0x0 ./generate/src/Flexio_Mcl_Ip_Sa_VS_0_PBcfg.o
 .text          0x000000000040275e        0x0 ./generate/src/Flexio_Uart_Ip_Sa_VS_0_PBcfg.o
 .text          0x000000000040275e        0x0 ./generate/src/Igf_Port_Ip_Cfg.o
 .text          0x000000000040275e        0x0 ./generate/src/IntCtrl_Ip_Cfg.o
 .text          0x000000000040275e        0x0 ./generate/src/Lpuart_Uart_Ip_Sa_VS_0_PBcfg.o
 .text          0x000000000040275e        0x0 ./generate/src/OsIf_Cfg.o
 .text          0x000000000040275e       0xf8 ./src/main.o
                0x000000000040275e                User_Str_Cmp
                0x000000000040277a                Send_Data
 .text          0x0000000000402856        0x0 /home/kj/NXP/S32DS.3.6.7/S32DS/build_tools/gcc_v10.2/gcc-10.2-arm32-eabi/bin/../lib/gcc/arm-none-eabi/10.2.0/../../../../arm-none-eabi/lib/thumb/v7e-m+fp/hard/libc_nano.a(lib_a-memmove.o)
 .text          0x0000000000402856        0x0 /home/kj/NXP/S32DS.3.6.7/S32DS/build_tools/gcc_v10.2/gcc-10.2-arm32-eabi/bin/../lib/gcc/arm-none-eabi/10.2.0/../../../../arm-none-eabi/lib/thumb/v7e-m+fp/hard/libc_nano.a(lib_a-memset.o)
 *fill*         0x0000000000402856        0x2 
 .text          0x0000000000402858       0xa0 /home/kj/NXP/S32DS.3.6.7/S32DS/build_tools/gcc_v10.2/gcc-10.2-arm32-eabi/bin/../lib/gcc/arm-none-eabi/10.2.0/thumb/v7e-m+fp/hard/libgcc.a(_aeabi_ldivmod.o)
                0x0000000000402858                __aeabi_ldivmod
 .text          0x00000000004028f8       0x30 /home/kj/NXP/S32DS.3.6.7/S32DS/build_tools/gcc_v10.2/gcc-10.2-arm32-eabi/bin/../lib/gcc/arm-none-eabi/10.2.0/thumb/v7e-m+fp/hard/libgcc.a(_aeabi_uldivmod.o)
                0x00000000004028f8                __aeabi_uldivmod
 .text          0x0000000000402928      0x2d8 /home/kj/NXP/S32DS.3.6.7/S32DS/build_tools/gcc_v10.2/gcc-10.2-arm32-eabi/bin/../lib/gcc/arm-none-eabi/10.2.0/thumb/v7e-m+fp/hard/libgcc.a(_udivmoddi4.o)
                0x0000000000402928                __udivmoddi4
 .text          0x0000000000402c00        0x4 /home/kj/NXP/S32DS.3.6.7/S32DS/build_tools/gcc_v10.2/gcc-10.2-arm32-eabi/bin/../lib/gcc/arm-none-eabi/10.2.0/thumb/v7e-m+fp/hard/libgcc.a(_dvmd_tls.o)
                0x0000000000402c00                __aeabi_ldiv0
                0x0000000000402c00                __aeabi_idiv0
 *(.text*)
 .text.memmove  0x0000000000402c04       0x34 /home/kj/NXP/S32DS.3.6.7/S32DS/build_tools/gcc_v10.2/gcc-10.2-arm32-eabi/bin/../lib/gcc/arm-none-eabi/10.2.0/../../../../arm-none-eabi/lib/thumb/v7e-m+fp/hard/libc_nano.a(lib_a-memmove.o)
                0x0000000000402c04                memmove
 .text.memset   0x0000000000402c38       0x10 /home/kj/NXP/S32DS.3.6.7/S32DS/build_tools/gcc_v10.2/gcc-10.2-arm32-eabi/bin/../lib/gcc/arm-none-eabi/10.2.0/../../../../arm-none-eabi/lib/thumb/v7e-m+fp/hard/libc_nano.a(lib_a-memset.o)
                0x0000000000402c38                memset
                0x0000000000402c48                . = ALIGN (0x4)
 *(.mcal_text)
 .mcal_text     0x0000000000402c48       0x14 ./Project_Settings/Startup_Code/exceptions.o
                0x0000000000402c48                NMI_Handler
                0x0000000000402c4a                HardFault_Handler
                0x0000000000402c4c                MemManage_Handler
                0x0000000000402c4e                BusFault_Handler
                0x0000000000402c50                UsageFault_Handler
                0x0000000000402c52                SVC_Handler
                0x0000000000402c54                DebugMon_Handler
                0x0000000000402c56                PendSV_Handler
                0x0000000000402c58                SysTick_Handler
                0x0000000000402c5a                undefined_handler
 .mcal_text     0x0000000000402c5c       0x52 ./Project_Settings/Startup_Code/nvic.o
                0x0000000000402c5c                NVIC_SetPriorityGrouping
                0x0000000000402c70                NVIC_EnableIRQ
                0x0000000000402c88                NVIC_DisableIRQ
                0x0000000000402ca0                NVIC_SetPriority
 *fill*         0x0000000000402cae        0x2 
 .mcal_text     0x0000000000402cb0       0xe8 ./Project_Settings/Startup_Code/startup.o
                0x0000000000402cb0                init_data_bss
                0x0000000000402d3c                init_data_bss_core2
 .mcal_text     0x0000000000402d98      0x340 ./Project_Settings/Startup_Code/system.o
                0x0000000000402d98                startup_go_to_user_mode
                0x0000000000402d9a                default_interrupt_routine
                0x0000000000402d9c                Sys_GetCoreID
                0x0000000000402dac                SystemInit
                0x00000000004030bc                Enable_FPU
 .mcal_text     0x00000000004030d8      0x884 ./RTD/src/Clock_Ip.o
                0x00000000004030da                Clock_Ip_InitClock
                0x0000000000403680                Clock_Ip_GetPllStatus
                0x0000000000403724                Clock_Ip_DistributePll
                0x0000000000403810                Clock_Ip_Init
                0x0000000000403834                Clock_Ip_DisableClockMonitor
                0x0000000000403858                Clock_Ip_InstallNotificationsCallback
                0x0000000000403864                Clock_Ip_DisableModuleClock
                0x000000000040388c                Clock_Ip_EnableModuleClock
                0x00000000004038b4                Clock_Ip_DisableFircInStandby
                0x00000000004038cc                Clock_Ip_EnableFircInStandby
                0x00000000004038e4                Clock_Ip_DisableSircInStandby
                0x00000000004038fc                Clock_Ip_EnableSircInStandby
                0x0000000000403914                Clock_Ip_ReportClockErrors
                0x0000000000403920                Clock_Ip_StartTimeout
                0x0000000000403940                Clock_Ip_TimeoutExpired
 .mcal_text     0x000000000040395c      0x1e4 ./RTD/src/Clock_Ip_Divider.o
 .mcal_text     0x0000000000403b40       0x9c ./RTD/src/Clock_Ip_DividerTrigger.o
 .mcal_text     0x0000000000403bdc      0x234 ./RTD/src/Clock_Ip_ExtOsc.o
 .mcal_text     0x0000000000403e10        0x6 ./RTD/src/Clock_Ip_FracDiv.o
 .mcal_text     0x0000000000403e16        0x2 ./RTD/src/Clock_Ip_Frequency.o
                0x0000000000403e16                Clock_Ip_SetExternalSignalFrequency
 .mcal_text     0x0000000000403e18      0x154 ./RTD/src/Clock_Ip_Gate.o
 .mcal_text     0x0000000000403f6c      0x104 ./RTD/src/Clock_Ip_IntOsc.o
 .mcal_text     0x0000000000404070        0x4 ./RTD/src/Clock_Ip_Irq.o
                0x0000000000404070                Mcu_Cmu_ClockFail_IRQHandler
 .mcal_text     0x0000000000404074      0x288 ./RTD/src/Clock_Ip_Monitor.o
                0x00000000004042b4                Clock_Ip_CMU_ClockFailInt
 .mcal_text     0x00000000004042fc      0x1d0 ./RTD/src/Clock_Ip_Pll.o
 .mcal_text     0x00000000004044cc      0x1f0 ./RTD/src/Clock_Ip_ProgFreqSwitch.o
 .mcal_text     0x00000000004046bc      0x3dc ./RTD/src/Clock_Ip_Selector.o
                0x0000000000404a6c                Clock_Ip_SetRtcRtccClksel_TrustedCall
 .mcal_text     0x0000000000404a98      0x3c8 ./RTD/src/Clock_Ip_Specific.o
                0x0000000000404a98                Clock_Ip_SetFlashWaitStates
                0x0000000000404a9c                Clock_Ip_McMeEnterKey
                0x0000000000404ab0                Clock_Ip_PowerClockIpModules
                0x0000000000404db4                DisableFircInStandbyMode
                0x0000000000404dc4                EnableFircInStandbyMode
                0x0000000000404de0                DisableSircInStandbyMode
                0x0000000000404df0                EnableSircInStandbyMode
                0x0000000000404e0c                Clock_Ip_Command
                0x0000000000404e5c                Clock_Ip_SetRamWaitStates
 .mcal_text     0x0000000000404e60      0x504 ./RTD/src/Det.o
                0x0000000000404e60                Det_Start
                0x0000000000404e62                Det_InitDataNode
                0x0000000000404ee8                Det_LinkNodeToHead
                0x0000000000404f18                Det_DelAllNodesSameId
                0x0000000000405016                Det_FreeNodesInLinkedList
                0x000000000040504c                Det_Init
                0x0000000000405244                Det_ReportError
                0x00000000004052a4                Det_ReportRuntimeError
                0x0000000000405304                Det_ReportTransientFault
 .mcal_text     0x0000000000405364      0x1e0 ./RTD/src/Det_stub.o
                0x0000000000405364                Det_TestLastReportError
                0x00000000004053b4                Det_TestLastReportRuntimeError
                0x0000000000405404                Det_TestLastReportTransientFault
                0x0000000000405454                Det_TestNoError
                0x00000000004054a4                Det_TestNoRuntimeError
                0x00000000004054f4                Det_TestNoTransientFault
 .mcal_text     0x0000000000405544       0xa4 ./RTD/src/Flexio_Mcl_Ip.o
                0x0000000000405544                Flexio_Mcl_Ip_InitDevice
                0x00000000004055b0                Flexio_Mcl_Ip_DeinitDevice
 .mcal_text     0x00000000004055e8      0x15c ./RTD/src/Flexio_Mcl_Ip_HwAccess.o
                0x00000000004055e8                Flexio_Mcl_Ip_SetSoftwareReset
                0x000000000040560c                Flexio_Mcl_Ip_SetDebugEnable
                0x0000000000405632                Flexio_Mcl_Ip_SetEnable
                0x000000000040564e                Flexio_Mcl_Ip_GetShifterStatus
                0x0000000000405658                Flexio_Mcl_Ip_GetAllShifterStatus
                0x000000000040565c                Flexio_Mcl_Ip_ClearShifterStatus
                0x0000000000405668                Flexio_Mcl_Ip_GetShifterErrorStatus
                0x0000000000405672                Flexio_Mcl_Ip_GetAllShifterErrorStatus
                0x0000000000405676                Flexio_Mcl_Ip_ClearShifterErrorStatus
                0x0000000000405680                Flexio_Mcl_Ip_SetShifterErrorInterrupt
                0x00000000004056a2                Flexio_Mcl_Ip_SetShifterInterrupt
                0x00000000004056c4                Flexio_Mcl_Ip_SetShifterDMARequest
                0x00000000004056e6                Flexio_Mcl_Ip_SetTimerInterrupt
                0x0000000000405708                Flexio_Mcl_Ip_Init
                0x0000000000405718                Flexio_Mcl_Ip_SetTimerDMARequest
                0x000000000040573a                Flexio_Mcl_Ip_ClearPinStatus
 .mcal_text     0x0000000000405744       0x80 ./RTD/src/Flexio_Mcl_Ip_Irq.o
                0x0000000000405744                MCL_FLEXIO_ISR
 .mcal_text     0x00000000004057c4      0xe28 ./RTD/src/Flexio_Uart_Ip.o
                0x0000000000405ae4                Flexio_Uart_Ip_IrqHandler
                0x0000000000405c58                Flexio_Uart_Ip_Init
                0x0000000000405ed4                Flexio_Uart_Ip_GetBaudRate
                0x0000000000405f00                Flexio_Uart_Ip_Deinit
                0x0000000000405f54                Flexio_Uart_Ip_AsyncSend
                0x0000000000406028                Flexio_Uart_Ip_GetStatus
                0x0000000000406084                Flexio_Uart_Ip_SyncSend
                0x00000000004061e0                Flexio_Uart_Ip_AsyncReceive
                0x00000000004062a0                Flexio_Uart_Ip_SyncReceive
                0x000000000040640c                Flexio_Uart_Ip_AbortTransferData
                0x0000000000406470                Flexio_Uart_Ip_SetBaudRate
                0x0000000000406584                Flexio_Uart_Ip_SetTxBuffer
                0x00000000004065b8                Flexio_Uart_Ip_SetRxBuffer
 .mcal_text     0x00000000004065ec      0x276 ./RTD/src/IntCtrl_Ip.o
                0x00000000004065ec                IntCtrl_Ip_InstallHandlerPrivileged
                0x0000000000406626                IntCtrl_Ip_EnableIrqPrivileged
                0x0000000000406666                IntCtrl_Ip_DisableIrqPrivileged
                0x00000000004066a6                IntCtrl_Ip_SetPriorityPrivileged
                0x00000000004066da                IntCtrl_Ip_GetPriorityPrivileged
                0x00000000004066fe                IntCtrl_Ip_ClearPendingPrivileged
                0x000000000040672e                IntCtrl_Ip_SetPendingPrivileged
                0x000000000040675e                IntCtrl_Ip_GetPendingPrivileged
                0x000000000040678e                IntCtrl_Ip_GetActivePrivileged
                0x00000000004067be                IntCtrl_Ip_Init
                0x000000000040682a                IntCtrl_Ip_InstallHandler
                0x000000000040682e                IntCtrl_Ip_EnableIrq
                0x0000000000406832                IntCtrl_Ip_DisableIrq
                0x0000000000406836                IntCtrl_Ip_SetPriority
                0x000000000040683a                IntCtrl_Ip_GetPriority
                0x000000000040683e                IntCtrl_Ip_ClearPending
                0x0000000000406842                IntCtrl_Ip_SetPending
                0x0000000000406846                IntCtrl_Ip_GetPending
                0x0000000000406854                IntCtrl_Ip_GetActive
 *fill*         0x0000000000406862        0x2 
 .mcal_text     0x0000000000406864      0xde8 ./RTD/src/Lpuart_Uart_Ip.o
                0x0000000000406b38                Lpuart_Uart_Ip_Init
                0x0000000000406c88                Lpuart_Uart_Ip_Deinit
                0x0000000000406d08                Lpuart_Uart_Ip_SyncSend
                0x0000000000406e0c                Lpuart_Uart_Ip_AsyncSend
                0x0000000000406ecc                Lpuart_Uart_Ip_GetTransmitStatus
                0x0000000000406f34                Lpuart_Uart_Ip_AbortSendingData
                0x0000000000406f9c                Lpuart_Uart_Ip_SyncReceive
                0x0000000000407138                Lpuart_Uart_Ip_AsyncReceive
                0x0000000000407230                Lpuart_Uart_Ip_GetReceiveStatus
                0x0000000000407298                Lpuart_Uart_Ip_AbortReceivingData
                0x0000000000407314                Lpuart_Uart_Ip_SetBaudRate
                0x000000000040741c                Lpuart_Uart_Ip_GetBaudRate
                0x0000000000407448                Lpuart_Uart_Ip_SetTxBuffer
                0x000000000040747c                Lpuart_Uart_Ip_SetRxBuffer
                0x00000000004074b0                Lpuart_Uart_Ip_IrqHandler
 .mcal_text     0x000000000040764c        0x6 ./RTD/src/Lpuart_Uart_Ip_Irq.o
                0x000000000040764c                LPUART_UART_IP_0_IRQHandler
 .mcal_text     0x0000000000407652       0x1e ./RTD/src/OsIf_Timer.o
                0x0000000000407652                OsIf_Init
                0x000000000040765a                OsIf_GetCounter
                0x000000000040765e                OsIf_GetElapsed
                0x0000000000407666                OsIf_SetTimerFrequency
                0x0000000000407668                OsIf_MicrosToTicks
 .mcal_text     0x0000000000407670       0x4c ./RTD/src/OsIf_Timer_System_Internal_Systick.o
                0x0000000000407670                OsIf_Timer_System_Internal_Init
                0x0000000000407686                OsIf_Timer_System_Internal_GetCounter
                0x0000000000407692                OsIf_Timer_System_Internal_GetElapsed
 .mcal_text     0x00000000004076bc       0xc8 ./RTD/src/SchM_BaseNXP.o
                0x00000000004076bc                SchM_Enter_BaseNXP_BASENXP_EXCLUSIVE_AREA_00
                0x00000000004076f0                SchM_Exit_BaseNXP_BASENXP_EXCLUSIVE_AREA_00
                0x0000000000407720                SchM_Enter_BaseNXP_BASENXP_EXCLUSIVE_AREA_01
                0x0000000000407754                SchM_Exit_BaseNXP_BASENXP_EXCLUSIVE_AREA_01
 .mcal_text     0x0000000000407784     0x12c0 ./RTD/src/SchM_Mcl.o
                0x0000000000407784                SchM_Enter_Mcl_MCL_EXCLUSIVE_AREA_00
                0x00000000004077b8                SchM_Exit_Mcl_MCL_EXCLUSIVE_AREA_00
                0x00000000004077e8                SchM_Enter_Mcl_MCL_EXCLUSIVE_AREA_01
                0x000000000040781c                SchM_Exit_Mcl_MCL_EXCLUSIVE_AREA_01
                0x000000000040784c                SchM_Enter_Mcl_MCL_EXCLUSIVE_AREA_02
                0x0000000000407880                SchM_Exit_Mcl_MCL_EXCLUSIVE_AREA_02
                0x00000000004078b0                SchM_Enter_Mcl_MCL_EXCLUSIVE_AREA_03
                0x00000000004078e4                SchM_Exit_Mcl_MCL_EXCLUSIVE_AREA_03
                0x0000000000407914                SchM_Enter_Mcl_MCL_EXCLUSIVE_AREA_04
                0x0000000000407948                SchM_Exit_Mcl_MCL_EXCLUSIVE_AREA_04
                0x0000000000407978                SchM_Enter_Mcl_MCL_EXCLUSIVE_AREA_05
                0x00000000004079ac                SchM_Exit_Mcl_MCL_EXCLUSIVE_AREA_05
                0x00000000004079dc                SchM_Enter_Mcl_MCL_EXCLUSIVE_AREA_06
                0x0000000000407a10                SchM_Exit_Mcl_MCL_EXCLUSIVE_AREA_06
                0x0000000000407a40                SchM_Enter_Mcl_MCL_EXCLUSIVE_AREA_07
                0x0000000000407a74                SchM_Exit_Mcl_MCL_EXCLUSIVE_AREA_07
                0x0000000000407aa4                SchM_Enter_Mcl_MCL_EXCLUSIVE_AREA_08
                0x0000000000407ad8                SchM_Exit_Mcl_MCL_EXCLUSIVE_AREA_08
                0x0000000000407b08                SchM_Enter_Mcl_MCL_EXCLUSIVE_AREA_09
                0x0000000000407b3c                SchM_Exit_Mcl_MCL_EXCLUSIVE_AREA_09
                0x0000000000407b6c                SchM_Enter_Mcl_MCL_EXCLUSIVE_AREA_10
                0x0000000000407ba0                SchM_Exit_Mcl_MCL_EXCLUSIVE_AREA_10
                0x0000000000407bd0                SchM_Enter_Mcl_MCL_EXCLUSIVE_AREA_11
                0x0000000000407c04                SchM_Exit_Mcl_MCL_EXCLUSIVE_AREA_11
                0x0000000000407c34                SchM_Enter_Mcl_MCL_EXCLUSIVE_AREA_12
                0x0000000000407c68                SchM_Exit_Mcl_MCL_EXCLUSIVE_AREA_12
                0x0000000000407c98                SchM_Enter_Mcl_MCL_EXCLUSIVE_AREA_13
                0x0000000000407ccc                SchM_Exit_Mcl_MCL_EXCLUSIVE_AREA_13
                0x0000000000407cfc                SchM_Enter_Mcl_MCL_EXCLUSIVE_AREA_14
                0x0000000000407d30                SchM_Exit_Mcl_MCL_EXCLUSIVE_AREA_14
                0x0000000000407d60                SchM_Enter_Mcl_MCL_EXCLUSIVE_AREA_15
                0x0000000000407d94                SchM_Exit_Mcl_MCL_EXCLUSIVE_AREA_15
                0x0000000000407dc4                SchM_Enter_Mcl_MCL_EXCLUSIVE_AREA_16
                0x0000000000407df8                SchM_Exit_Mcl_MCL_EXCLUSIVE_AREA_16
                0x0000000000407e28                SchM_Enter_Mcl_MCL_EXCLUSIVE_AREA_17
                0x0000000000407e5c                SchM_Exit_Mcl_MCL_EXCLUSIVE_AREA_17
                0x0000000000407e8c                SchM_Enter_Mcl_MCL_EXCLUSIVE_AREA_18
                0x0000000000407ec0                SchM_Exit_Mcl_MCL_EXCLUSIVE_AREA_18
                0x0000000000407ef0                SchM_Enter_Mcl_MCL_EXCLUSIVE_AREA_19
                0x0000000000407f24                SchM_Exit_Mcl_MCL_EXCLUSIVE_AREA_19
                0x0000000000407f54                SchM_Enter_Mcl_MCL_EXCLUSIVE_AREA_20
                0x0000000000407f88                SchM_Exit_Mcl_MCL_EXCLUSIVE_AREA_20
                0x0000000000407fb8                SchM_Enter_Mcl_MCL_EXCLUSIVE_AREA_21
                0x0000000000407fec                SchM_Exit_Mcl_MCL_EXCLUSIVE_AREA_21
                0x000000000040801c                SchM_Enter_Mcl_MCL_EXCLUSIVE_AREA_22
                0x0000000000408050                SchM_Exit_Mcl_MCL_EXCLUSIVE_AREA_22
                0x0000000000408080                SchM_Enter_Mcl_MCL_EXCLUSIVE_AREA_23
                0x00000000004080b4                SchM_Exit_Mcl_MCL_EXCLUSIVE_AREA_23
                0x00000000004080e4                SchM_Enter_Mcl_MCL_EXCLUSIVE_AREA_24
                0x0000000000408118                SchM_Exit_Mcl_MCL_EXCLUSIVE_AREA_24
                0x0000000000408148                SchM_Enter_Mcl_MCL_EXCLUSIVE_AREA_25
                0x000000000040817c                SchM_Exit_Mcl_MCL_EXCLUSIVE_AREA_25
                0x00000000004081ac                SchM_Enter_Mcl_MCL_EXCLUSIVE_AREA_26
                0x00000000004081e0                SchM_Exit_Mcl_MCL_EXCLUSIVE_AREA_26
                0x0000000000408210                SchM_Enter_Mcl_MCL_EXCLUSIVE_AREA_27
                0x0000000000408244                SchM_Exit_Mcl_MCL_EXCLUSIVE_AREA_27
                0x0000000000408274                SchM_Enter_Mcl_MCL_EXCLUSIVE_AREA_28
                0x00000000004082a8                SchM_Exit_Mcl_MCL_EXCLUSIVE_AREA_28
                0x00000000004082d8                SchM_Enter_Mcl_MCL_EXCLUSIVE_AREA_29
                0x000000000040830c                SchM_Exit_Mcl_MCL_EXCLUSIVE_AREA_29
                0x000000000040833c                SchM_Enter_Mcl_MCL_EXCLUSIVE_AREA_30
                0x0000000000408370                SchM_Exit_Mcl_MCL_EXCLUSIVE_AREA_30
                0x00000000004083a0                SchM_Enter_Mcl_MCL_EXCLUSIVE_AREA_31
                0x00000000004083d4                SchM_Exit_Mcl_MCL_EXCLUSIVE_AREA_31
                0x0000000000408404                SchM_Enter_Mcl_MCL_EXCLUSIVE_AREA_32
                0x0000000000408438                SchM_Exit_Mcl_MCL_EXCLUSIVE_AREA_32
                0x0000000000408468                SchM_Enter_Mcl_MCL_EXCLUSIVE_AREA_33
                0x000000000040849c                SchM_Exit_Mcl_MCL_EXCLUSIVE_AREA_33
                0x00000000004084cc                SchM_Enter_Mcl_MCL_EXCLUSIVE_AREA_34
                0x0000000000408500                SchM_Exit_Mcl_MCL_EXCLUSIVE_AREA_34
                0x0000000000408530                SchM_Enter_Mcl_MCL_EXCLUSIVE_AREA_35
                0x0000000000408564                SchM_Exit_Mcl_MCL_EXCLUSIVE_AREA_35
                0x0000000000408594                SchM_Enter_Mcl_MCL_EXCLUSIVE_AREA_36
                0x00000000004085c8                SchM_Exit_Mcl_MCL_EXCLUSIVE_AREA_36
                0x00000000004085f8                SchM_Enter_Mcl_MCL_EXCLUSIVE_AREA_37
                0x000000000040862c                SchM_Exit_Mcl_MCL_EXCLUSIVE_AREA_37
                0x000000000040865c                SchM_Enter_Mcl_MCL_EXCLUSIVE_AREA_38
                0x0000000000408690                SchM_Exit_Mcl_MCL_EXCLUSIVE_AREA_38
                0x00000000004086c0                SchM_Enter_Mcl_MCL_EXCLUSIVE_AREA_39
                0x00000000004086f4                SchM_Exit_Mcl_MCL_EXCLUSIVE_AREA_39
                0x0000000000408724                SchM_Enter_Mcl_MCL_EXCLUSIVE_AREA_40
                0x0000000000408758                SchM_Exit_Mcl_MCL_EXCLUSIVE_AREA_40
                0x0000000000408788                SchM_Enter_Mcl_MCL_EXCLUSIVE_AREA_41
                0x00000000004087bc                SchM_Exit_Mcl_MCL_EXCLUSIVE_AREA_41
                0x00000000004087ec                SchM_Enter_Mcl_MCL_EXCLUSIVE_AREA_42
                0x0000000000408820                SchM_Exit_Mcl_MCL_EXCLUSIVE_AREA_42
                0x0000000000408850                SchM_Enter_Mcl_MCL_EXCLUSIVE_AREA_43
                0x0000000000408884                SchM_Exit_Mcl_MCL_EXCLUSIVE_AREA_43
                0x00000000004088b4                SchM_Enter_Mcl_MCL_EXCLUSIVE_AREA_44
                0x00000000004088e8                SchM_Exit_Mcl_MCL_EXCLUSIVE_AREA_44
                0x0000000000408918                SchM_Enter_Mcl_MCL_EXCLUSIVE_AREA_45
                0x000000000040894c                SchM_Exit_Mcl_MCL_EXCLUSIVE_AREA_45
                0x000000000040897c                SchM_Enter_Mcl_MCL_EXCLUSIVE_AREA_46
                0x00000000004089b0                SchM_Exit_Mcl_MCL_EXCLUSIVE_AREA_46
                0x00000000004089e0                SchM_Enter_Mcl_MCL_EXCLUSIVE_AREA_47
                0x0000000000408a14                SchM_Exit_Mcl_MCL_EXCLUSIVE_AREA_47
 .mcal_text     0x0000000000408a44      0x12c ./RTD/src/SchM_Mcu.o
                0x0000000000408a44                SchM_Enter_Mcu_MCU_EXCLUSIVE_AREA_00
                0x0000000000408a78                SchM_Exit_Mcu_MCU_EXCLUSIVE_AREA_00
                0x0000000000408aa8                SchM_Enter_Mcu_MCU_EXCLUSIVE_AREA_01
                0x0000000000408adc                SchM_Exit_Mcu_MCU_EXCLUSIVE_AREA_01
                0x0000000000408b0c                SchM_Enter_Mcu_MCU_EXCLUSIVE_AREA_02
                0x0000000000408b40                SchM_Exit_Mcu_MCU_EXCLUSIVE_AREA_02
 .mcal_text     0x0000000000408b70      0xaf0 ./RTD/src/SchM_Port.o
                0x0000000000408b70                SchM_Enter_Port_PORT_EXCLUSIVE_AREA_00
                0x0000000000408ba4                SchM_Exit_Port_PORT_EXCLUSIVE_AREA_00
                0x0000000000408bd4                SchM_Enter_Port_PORT_EXCLUSIVE_AREA_01
                0x0000000000408c08                SchM_Exit_Port_PORT_EXCLUSIVE_AREA_01
                0x0000000000408c38                SchM_Enter_Port_PORT_EXCLUSIVE_AREA_02
                0x0000000000408c6c                SchM_Exit_Port_PORT_EXCLUSIVE_AREA_02
                0x0000000000408c9c                SchM_Enter_Port_PORT_EXCLUSIVE_AREA_03
                0x0000000000408cd0                SchM_Exit_Port_PORT_EXCLUSIVE_AREA_03
                0x0000000000408d00                SchM_Enter_Port_PORT_EXCLUSIVE_AREA_04
                0x0000000000408d34                SchM_Exit_Port_PORT_EXCLUSIVE_AREA_04
                0x0000000000408d64                SchM_Enter_Port_PORT_EXCLUSIVE_AREA_05
                0x0000000000408d98                SchM_Exit_Port_PORT_EXCLUSIVE_AREA_05
                0x0000000000408dc8                SchM_Enter_Port_PORT_EXCLUSIVE_AREA_06
                0x0000000000408dfc                SchM_Exit_Port_PORT_EXCLUSIVE_AREA_06
                0x0000000000408e2c                SchM_Enter_Port_PORT_EXCLUSIVE_AREA_07
                0x0000000000408e60                SchM_Exit_Port_PORT_EXCLUSIVE_AREA_07
                0x0000000000408e90                SchM_Enter_Port_PORT_EXCLUSIVE_AREA_08
                0x0000000000408ec4                SchM_Exit_Port_PORT_EXCLUSIVE_AREA_08
                0x0000000000408ef4                SchM_Enter_Port_PORT_EXCLUSIVE_AREA_09
                0x0000000000408f28                SchM_Exit_Port_PORT_EXCLUSIVE_AREA_09
                0x0000000000408f58                SchM_Enter_Port_PORT_EXCLUSIVE_AREA_10
                0x0000000000408f8c                SchM_Exit_Port_PORT_EXCLUSIVE_AREA_10
                0x0000000000408fbc                SchM_Enter_Port_PORT_EXCLUSIVE_AREA_11
                0x0000000000408ff0                SchM_Exit_Port_PORT_EXCLUSIVE_AREA_11
                0x0000000000409020                SchM_Enter_Port_PORT_EXCLUSIVE_AREA_12
                0x0000000000409054                SchM_Exit_Port_PORT_EXCLUSIVE_AREA_12
                0x0000000000409084                SchM_Enter_Port_PORT_EXCLUSIVE_AREA_13
                0x00000000004090b8                SchM_Exit_Port_PORT_EXCLUSIVE_AREA_13
                0x00000000004090e8                SchM_Enter_Port_PORT_EXCLUSIVE_AREA_14
                0x000000000040911c                SchM_Exit_Port_PORT_EXCLUSIVE_AREA_14
                0x000000000040914c                SchM_Enter_Port_PORT_EXCLUSIVE_AREA_15
                0x0000000000409180                SchM_Exit_Port_PORT_EXCLUSIVE_AREA_15
                0x00000000004091b0                SchM_Enter_Port_PORT_EXCLUSIVE_AREA_16
                0x00000000004091e4                SchM_Exit_Port_PORT_EXCLUSIVE_AREA_16
                0x0000000000409214                SchM_Enter_Port_PORT_EXCLUSIVE_AREA_17
                0x0000000000409248                SchM_Exit_Port_PORT_EXCLUSIVE_AREA_17
                0x0000000000409278                SchM_Enter_Port_PORT_EXCLUSIVE_AREA_18
                0x00000000004092ac                SchM_Exit_Port_PORT_EXCLUSIVE_AREA_18
                0x00000000004092dc                SchM_Enter_Port_PORT_EXCLUSIVE_AREA_19
                0x0000000000409310                SchM_Exit_Port_PORT_EXCLUSIVE_AREA_19
                0x0000000000409340                SchM_Enter_Port_PORT_EXCLUSIVE_AREA_20
                0x0000000000409374                SchM_Exit_Port_PORT_EXCLUSIVE_AREA_20
                0x00000000004093a4                SchM_Enter_Port_PORT_EXCLUSIVE_AREA_21
                0x00000000004093d8                SchM_Exit_Port_PORT_EXCLUSIVE_AREA_21
                0x0000000000409408                SchM_Enter_Port_PORT_EXCLUSIVE_AREA_22
                0x000000000040943c                SchM_Exit_Port_PORT_EXCLUSIVE_AREA_22
                0x000000000040946c                SchM_Enter_Port_PORT_EXCLUSIVE_AREA_23
                0x00000000004094a0                SchM_Exit_Port_PORT_EXCLUSIVE_AREA_23
                0x00000000004094d0                SchM_Enter_Port_PORT_EXCLUSIVE_AREA_24
                0x0000000000409504                SchM_Exit_Port_PORT_EXCLUSIVE_AREA_24
                0x0000000000409534                SchM_Enter_Port_PORT_EXCLUSIVE_AREA_25
                0x0000000000409568                SchM_Exit_Port_PORT_EXCLUSIVE_AREA_25
                0x0000000000409598                SchM_Enter_Port_PORT_EXCLUSIVE_AREA_26
                0x00000000004095cc                SchM_Exit_Port_PORT_EXCLUSIVE_AREA_26
                0x00000000004095fc                SchM_Enter_Port_PORT_EXCLUSIVE_AREA_27
                0x0000000000409630                SchM_Exit_Port_PORT_EXCLUSIVE_AREA_27
 .mcal_text     0x0000000000409660      0x898 ./RTD/src/SchM_Uart.o
                0x0000000000409660                SchM_Enter_Uart_UART_EXCLUSIVE_AREA_00
                0x0000000000409694                SchM_Exit_Uart_UART_EXCLUSIVE_AREA_00
                0x00000000004096c4                SchM_Enter_Uart_UART_EXCLUSIVE_AREA_01
                0x00000000004096f8                SchM_Exit_Uart_UART_EXCLUSIVE_AREA_01
                0x0000000000409728                SchM_Enter_Uart_UART_EXCLUSIVE_AREA_02
                0x000000000040975c                SchM_Exit_Uart_UART_EXCLUSIVE_AREA_02
                0x000000000040978c                SchM_Enter_Uart_UART_EXCLUSIVE_AREA_03
                0x00000000004097c0                SchM_Exit_Uart_UART_EXCLUSIVE_AREA_03
                0x00000000004097f0                SchM_Enter_Uart_UART_EXCLUSIVE_AREA_04
                0x0000000000409824                SchM_Exit_Uart_UART_EXCLUSIVE_AREA_04
                0x0000000000409854                SchM_Enter_Uart_UART_EXCLUSIVE_AREA_05
                0x0000000000409888                SchM_Exit_Uart_UART_EXCLUSIVE_AREA_05
                0x00000000004098b8                SchM_Enter_Uart_UART_EXCLUSIVE_AREA_06
                0x00000000004098ec                SchM_Exit_Uart_UART_EXCLUSIVE_AREA_06
                0x000000000040991c                SchM_Enter_Uart_UART_EXCLUSIVE_AREA_07
                0x0000000000409950                SchM_Exit_Uart_UART_EXCLUSIVE_AREA_07
                0x0000000000409980                SchM_Enter_Uart_UART_EXCLUSIVE_AREA_08
                0x00000000004099b4                SchM_Exit_Uart_UART_EXCLUSIVE_AREA_08
                0x00000000004099e4                SchM_Enter_Uart_UART_EXCLUSIVE_AREA_09
                0x0000000000409a18                SchM_Exit_Uart_UART_EXCLUSIVE_AREA_09
                0x0000000000409a48                SchM_Enter_Uart_UART_EXCLUSIVE_AREA_10
                0x0000000000409a7c                SchM_Exit_Uart_UART_EXCLUSIVE_AREA_10
                0x0000000000409aac                SchM_Enter_Uart_UART_EXCLUSIVE_AREA_11
                0x0000000000409ae0                SchM_Exit_Uart_UART_EXCLUSIVE_AREA_11
                0x0000000000409b10                SchM_Enter_Uart_UART_EXCLUSIVE_AREA_12
                0x0000000000409b44                SchM_Exit_Uart_UART_EXCLUSIVE_AREA_12
                0x0000000000409b74                SchM_Enter_Uart_UART_EXCLUSIVE_AREA_13
                0x0000000000409ba8                SchM_Exit_Uart_UART_EXCLUSIVE_AREA_13
                0x0000000000409bd8                SchM_Enter_Uart_UART_EXCLUSIVE_AREA_14
                0x0000000000409c0c                SchM_Exit_Uart_UART_EXCLUSIVE_AREA_14
                0x0000000000409c3c                SchM_Enter_Uart_UART_EXCLUSIVE_AREA_15
                0x0000000000409c70                SchM_Exit_Uart_UART_EXCLUSIVE_AREA_15
                0x0000000000409ca0                SchM_Enter_Uart_UART_EXCLUSIVE_AREA_16
                0x0000000000409cd4                SchM_Exit_Uart_UART_EXCLUSIVE_AREA_16
                0x0000000000409d04                SchM_Enter_Uart_UART_EXCLUSIVE_AREA_17
                0x0000000000409d38                SchM_Exit_Uart_UART_EXCLUSIVE_AREA_17
                0x0000000000409d68                SchM_Enter_Uart_UART_EXCLUSIVE_AREA_18
                0x0000000000409d9c                SchM_Exit_Uart_UART_EXCLUSIVE_AREA_18
                0x0000000000409dcc                SchM_Enter_Uart_UART_EXCLUSIVE_AREA_19
                0x0000000000409e00                SchM_Exit_Uart_UART_EXCLUSIVE_AREA_19
                0x0000000000409e30                SchM_Enter_Uart_UART_EXCLUSIVE_AREA_20
                0x0000000000409e64                SchM_Exit_Uart_UART_EXCLUSIVE_AREA_20
                0x0000000000409e94                SchM_Enter_Uart_UART_EXCLUSIVE_AREA_21
                0x0000000000409ec8                SchM_Exit_Uart_UART_EXCLUSIVE_AREA_21
 .mcal_text     0x0000000000409ef8      0x458 ./RTD/src/Siul2_Port_Ip.o
                0x000000000040a04c                Siul2_Port_Ip_Init
                0x000000000040a07c                Siul2_Port_Ip_SetPullSel
                0x000000000040a0d8                Siul2_Port_Ip_SetOutputBuffer
                0x000000000040a13e                Siul2_Port_Ip_SetInputBuffer
                0x000000000040a1ae                Siul2_Port_Ip_SetPinDirection
                0x000000000040a226                Siul2_Port_Ip_RevertPinConfiguration
                0x000000000040a288                Siul2_Port_Ip_GetPinConfiguration
 .mcal_text     0x000000000040a350      0x11c ./RTD/src/Tspc_Port_Ip.o
                0x000000000040a350                Tspc_Port_Ip_EnableObeGroup
                0x000000000040a380                Tspc_Port_Ip_DisableObeGroup
                0x000000000040a3b0                Tspc_Port_Ip_MaskObeGroup
                0x000000000040a3ce                Tspc_Port_Ip_ConfigureObeGroup
                0x000000000040a46c                . = ALIGN (0x4)
 *(.acmcu_code_rom)
                0x000000000040a46c                . = ALIGN (0x4)
                0x000000000040a46c                __acfls_code_rom_start = .
 *(.acfls_code_rom)
 .acfls_code_rom
                0x000000000040a46c       0x78 ./RTD/src/Clock_Ip_Specific.o
                0x000000000040a46c                Clock_Ip_PRAMCSetRamIWS
 *fill*         0x000000000040a4e4        0x4 
 .acfls_code_rom.__stub
                0x000000000040a4e8        0x8 linker stubs
                0x000000000040a4f0                . = ALIGN (0x4)
                0x000000000040a4f0                __acfls_code_rom_end = .
                0x000000000040a4f0                __acmem_43_infls_code_rom_start = .
 *(.acmem_43_infls_code_rom)
                0x000000000040a4f0                . = ALIGN (0x4)
                0x000000000040a4f0                __acmem_43_infls_code_rom_end = .
 *(.init)
                0x000000000040a4f0                . = ALIGN (0x4)
 *(.fini)
                0x000000000040a4f0                . = ALIGN (0x4)
 *(.rodata)
 .rodata        0x000000000040a4f0        0x3 ./RTD/src/Clock_Ip_IntOsc.o
 *fill*         0x000000000040a4f3        0x1 
 .rodata        0x000000000040a4f4        0x4 ./RTD/src/Flexio_Mcl_Ip.o
                0x000000000040a4f4                Flexio_Ip_paxBase
 .rodata        0x000000000040a4f8       0x30 ./RTD/src/Lpuart_Uart_Ip.o
 .rodata        0x000000000040a528        0x4 ./RTD/src/Siul2_Port_Ip.o
                0x000000000040a528                Port_au32Siul2BaseAddr
 .rodata        0x000000000040a52c       0x10 ./board/dcf_config.o
                0x000000000040a52c                dcf_commands
 .rodata        0x000000000040a53c      0x100 ./board/ivt_config.o
                0x000000000040a53c                ivt_binary
 *(.rodata*)
 .rodata.str1.1
                0x000000000040a63c       0x3b ./src/main.o
                0x000000000040a678                . = ALIGN (0x4)
 *fill*         0x000000000040a677        0x1 
 *(.mcal_const_cfg)
 .mcal_const_cfg
                0x000000000040a678      0x300 ./board/Siul2_Port_Ip_Cfg.o
                0x000000000040a678                g_pin_mux_InitConfigArr_PortContainer_0_VS_0
 *fill*         0x000000000040a978        0x0 
 .mcal_const_cfg
                0x000000000040a978      0x7fc ./generate/src/Clock_Ip_Cfg.o
                0x000000000040a978                Clock_Ip_aClockConfig
 .mcal_const_cfg
                0x000000000040b174        0xa ./generate/src/Flexio_Mcl_Ip_Sa_VS_0_PBcfg.o
                0x000000000040b174                Flexio_Ip_Sa_xFlexioInit_VS_0
 *fill*         0x000000000040b17e        0x2 
 .mcal_const_cfg
                0x000000000040b180       0x58 ./generate/src/Flexio_Uart_Ip_Sa_VS_0_PBcfg.o
                0x000000000040b180                Flexio_Uart_Ip_xHwConfigPB_1_VS_0
                0x000000000040b1ac                Flexio_Uart_Ip_xHwConfigPB_0_VS_0
 .mcal_const_cfg
                0x000000000040b1d8       0x20 ./generate/src/IntCtrl_Ip_Cfg.o
                0x000000000040b1d8                IntCtrlConfig_0
 .mcal_const_cfg
                0x000000000040b1f8       0x28 ./generate/src/Lpuart_Uart_Ip_Sa_VS_0_PBcfg.o
                0x000000000040b1f8                Lpuart_Uart_Ip_xHwConfigPB_0_VS_0
                0x000000000040b220                . = ALIGN (0x4)
 *(.mcal_const)
 .mcal_const    0x000000000040b220     0x12de ./RTD/src/Clock_Ip_Data.o
                0x000000000040b220                Clock_Ip_axGateInfo
                0x000000000040b908                Clock_Ip_axFeatureExtensions
                0x000000000040bb58                Clock_Ip_aeHwDfsName
                0x000000000040bb5c                Clock_Ip_aeHwPllName
                0x000000000040bb64                Clock_Ip_aeSourceTypeClockName
                0x000000000040bbd8                Clock_Ip_apxMcMeTriggerPartitions
                0x000000000040bbe8                Clock_Ip_apxMcMeGetPartitions
                0x000000000040bbf8                Clock_Ip_apxMcMeSetPartitions
                0x000000000040bc08                Clock_Ip_axCmuInfo
                0x000000000040bc94                Clock_Ip_aeCmuNames
                0x000000000040bcb0                Clock_Ip_apxCmu
                0x000000000040bccc                Clock_Ip_apxPll
                0x000000000040bcdc                Clock_Ip_apxXosc
                0x000000000040bce4                Clock_Ip_apxCgmPcfs
                0x000000000040bce8                Clock_Ip_apxCgm
                0x000000000040bd3c                Clock_Ip_au16SelectorEntryRtcHardwareValue
                0x000000000040bd76                Clock_Ip_au16SelectorEntryHardwareValue
                0x000000000040bdb0                Clock_Ip_au8SoftwareMuxResetValue
                0x000000000040be61                Clock_Ip_au8ClockFeatures
                0x000000000040c49a                Clock_Ip_au8CmuCallbackIndex
                0x000000000040c4a4                Clock_Ip_au8PcfsCallbackIndex
                0x000000000040c4ae                Clock_Ip_au8SelectorCallbackIndex
                0x000000000040c4b8                Clock_Ip_au8PllCallbackIndex
                0x000000000040c4c2                Clock_Ip_au8FractionalDividerCallbackIndex
                0x000000000040c4cc                Clock_Ip_au8GateCallbackIndex
                0x000000000040c4d6                Clock_Ip_au8IrcoscCallbackIndex
                0x000000000040c4e0                Clock_Ip_au8XoscCallbackIndex
                0x000000000040c4ea                Clock_Ip_au8DividerTriggerCallbackIndex
                0x000000000040c4f4                Clock_Ip_au8DividerCallbackIndex
 *fill*         0x000000000040c4fe        0x2 
 .mcal_const    0x000000000040c500       0x14 ./RTD/src/Clock_Ip_Divider.o
                0x000000000040c500                Clock_Ip_axDividerCallbacks
 .mcal_const    0x000000000040c514       0x10 ./RTD/src/Clock_Ip_DividerTrigger.o
                0x000000000040c514                Clock_Ip_axDividerTriggerCallbacks
 .mcal_const    0x000000000040c524       0x30 ./RTD/src/Clock_Ip_ExtOsc.o
                0x000000000040c524                Clock_Ip_axExtOscCallbacks
 .mcal_const    0x000000000040c554        0xc ./RTD/src/Clock_Ip_FracDiv.o
                0x000000000040c554                Clock_Ip_axFracDivCallbacks
 .mcal_const    0x000000000040c560       0x10 ./RTD/src/Clock_Ip_Gate.o
                0x000000000040c560                Clock_Ip_axGateCallbacks
 .mcal_const    0x000000000040c570       0x30 ./RTD/src/Clock_Ip_IntOsc.o
                0x000000000040c570                Clock_Ip_axIntOscCallbacks
 .mcal_const    0x000000000040c5a0       0x20 ./RTD/src/Clock_Ip_Monitor.o
                0x000000000040c5a0                Clock_Ip_axCmuCallbacks
 .mcal_const    0x000000000040c5c0       0x3c ./RTD/src/Clock_Ip_Pll.o
                0x000000000040c5c0                Clock_Ip_axPllCallbacks
 .mcal_const    0x000000000040c5fc        0x8 ./RTD/src/Clock_Ip_ProgFreqSwitch.o
                0x000000000040c5fc                Clock_Ip_axPcfsCallbacks
 .mcal_const    0x000000000040c604       0x28 ./RTD/src/Clock_Ip_Selector.o
                0x000000000040c604                Clock_Ip_axSelectorCallbacks
 .mcal_const    0x000000000040c62c       0x40 ./RTD/src/Lpuart_Uart_Ip.o
                0x000000000040c66c                . = ALIGN (0x4)
                0x000000000040c66c                __init_table = .
 *(.init_table)
 .init_table    0x000000000040c66c       0x4c ./Project_Settings/Startup_Code/startup_cm7.o
                0x000000000040c6b8                . = ALIGN (0x4)
                0x000000000040c6b8                __zero_table = .
 *(.zero_table)
 .zero_table    0x000000000040c6b8       0x1c ./Project_Settings/Startup_Code/startup_cm7.o

.ARM.extab      0x000000000040c6d4        0x0
 .ARM.extab     0x000000000040c6d4        0x0 /home/kj/NXP/S32DS.3.6.7/S32DS/build_tools/gcc_v10.2/gcc-10.2-arm32-eabi/bin/../lib/gcc/arm-none-eabi/10.2.0/thumb/v7e-m+fp/hard/libgcc.a(_udivmoddi4.o)

.ARM.exidx      0x000000000040c6d4        0x8
 .ARM.exidx     0x000000000040c6d4        0x8 /home/kj/NXP/S32DS.3.6.7/S32DS/build_tools/gcc_v10.2/gcc-10.2-arm32-eabi/bin/../lib/gcc/arm-none-eabi/10.2.0/thumb/v7e-m+fp/hard/libgcc.a(_udivmoddi4.o)

.glue_7         0x000000000040c6dc        0x0
 .glue_7        0x000000000040c6dc        0x0 linker stubs

.glue_7t        0x000000000040c6dc        0x0
 .glue_7t       0x000000000040c6dc        0x0 linker stubs

.vfp11_veneer   0x000000000040c6dc        0x0
 .vfp11_veneer  0x000000000040c6dc        0x0 linker stubs

.v4_bx          0x000000000040c6dc        0x0
 .v4_bx         0x000000000040c6dc        0x0 linker stubs

.iplt           0x000000000040c6dc        0x0
 .iplt          0x000000000040c6dc        0x0 ./Project_Settings/Startup_Code/Vector_Table.o

.rel.dyn        0x000000000040c6dc        0x0
 .rel.iplt      0x000000000040c6dc        0x0 ./Project_Settings/Startup_Code/Vector_Table.o
                0x000000000040c6dc                . = ALIGN (0x4)
                0x000000000040c6dc                __text_end = .
                0x000000000040c6dc                __sram_data_rom = __text_end

.sram_bss       0x0000000020400000      0x184
                0x0000000020400000                . = ALIGN (0x8)
                0x0000000020400000                __standby_ram_begin__ = .
 *(.standby_data)
                0x0000000020400000                . = ALIGN (0x8)
                0x0000000020400000                __standby_ram_end__ = .
                0x0000000020400000                . = ALIGN (0x10)
                0x0000000020400000                __sram_bss_start = .
 *(.bss)
 .bss           0x0000000020400000        0x0 ./Project_Settings/Startup_Code/Vector_Table.o
 .bss           0x0000000020400000        0x0 ./Project_Settings/Startup_Code/exceptions.o
 .bss           0x0000000020400000        0x0 ./Project_Settings/Startup_Code/nvic.o
 .bss           0x0000000020400000        0x0 ./Project_Settings/Startup_Code/startup.o
 .bss           0x0000000020400000        0x0 ./Project_Settings/Startup_Code/startup_cm7.o
 .bss           0x0000000020400000       0x80 ./Project_Settings/Startup_Code/system.o
                0x0000000020400000                rbar
                0x0000000020400040                rasr
 .bss           0x0000000020400080        0x0 ./RTD/src/Clock_Ip.o
 .bss           0x0000000020400080        0x0 ./RTD/src/Clock_Ip_Data.o
 .bss           0x0000000020400080        0x0 ./RTD/src/Clock_Ip_Divider.o
 .bss           0x0000000020400080        0x0 ./RTD/src/Clock_Ip_DividerTrigger.o
 .bss           0x0000000020400080        0x0 ./RTD/src/Clock_Ip_ExtOsc.o
 .bss           0x0000000020400080        0x0 ./RTD/src/Clock_Ip_FracDiv.o
 .bss           0x0000000020400080        0x0 ./RTD/src/Clock_Ip_Frequency.o
 .bss           0x0000000020400080        0x0 ./RTD/src/Clock_Ip_Gate.o
 .bss           0x0000000020400080        0x0 ./RTD/src/Clock_Ip_IntOsc.o
 .bss           0x0000000020400080        0x0 ./RTD/src/Clock_Ip_Irq.o
 .bss           0x0000000020400080        0x0 ./RTD/src/Clock_Ip_Monitor.o
 .bss           0x0000000020400080        0x0 ./RTD/src/Clock_Ip_Pll.o
 .bss           0x0000000020400080        0x0 ./RTD/src/Clock_Ip_ProgFreqSwitch.o
 .bss           0x0000000020400080        0x0 ./RTD/src/Clock_Ip_Selector.o
 .bss           0x0000000020400080        0x0 ./RTD/src/Clock_Ip_Specific.o
 .bss           0x0000000020400080        0x0 ./RTD/src/Det.o
 .bss           0x0000000020400080        0x0 ./RTD/src/Det_stub.o
 .bss           0x0000000020400080        0x0 ./RTD/src/Flexio_Mcl_Ip.o
 .bss           0x0000000020400080        0x0 ./RTD/src/Flexio_Mcl_Ip_HwAccess.o
 .bss           0x0000000020400080        0x0 ./RTD/src/Flexio_Mcl_Ip_Irq.o
 .bss           0x0000000020400080        0x0 ./RTD/src/Flexio_Uart_Ip.o
 .bss           0x0000000020400080        0x0 ./RTD/src/Flexio_Uart_Ip_Irq.o
 .bss           0x0000000020400080        0x0 ./RTD/src/Igf_Port_Ip.o
 .bss           0x0000000020400080        0x0 ./RTD/src/IntCtrl_Ip.o
 .bss           0x0000000020400080        0x0 ./RTD/src/Lpuart_Uart_Ip.o
 .bss           0x0000000020400080        0x0 ./RTD/src/Lpuart_Uart_Ip_Irq.o
 .bss           0x0000000020400080        0x0 ./RTD/src/OsIf_Interrupts.o
 .bss           0x0000000020400080        0x0 ./RTD/src/OsIf_Software_Semaphore.o
 .bss           0x0000000020400080        0x0 ./RTD/src/OsIf_Timer.o
 .bss           0x0000000020400080        0x0 ./RTD/src/OsIf_Timer_System.o
 .bss           0x0000000020400080        0x0 ./RTD/src/OsIf_Timer_System_Internal_Systick.o
 .bss           0x0000000020400080        0x0 ./RTD/src/SchM_BaseNXP.o
 .bss           0x0000000020400080        0x0 ./RTD/src/SchM_Mcl.o
 .bss           0x0000000020400080        0x0 ./RTD/src/SchM_Mcu.o
 .bss           0x0000000020400080        0x0 ./RTD/src/SchM_Port.o
 .bss           0x0000000020400080        0x0 ./RTD/src/SchM_Uart.o
 .bss           0x0000000020400080        0x0 ./RTD/src/Siul2_Port_Ip.o
 .bss           0x0000000020400080        0x0 ./RTD/src/Tspc_Port_Ip.o
 .bss           0x0000000020400080        0x0 ./board/Siul2_Port_Ip_Cfg.o
 .bss           0x0000000020400080        0x0 ./board/Tspc_Port_Ip_Cfg.o
 .bss           0x0000000020400080        0x0 ./board/dcf_config.o
 .bss           0x0000000020400080        0x0 ./board/ivt_config.o
 .bss           0x0000000020400080        0x0 ./generate/src/Clock_Ip_Cfg.o
 .bss           0x0000000020400080        0x0 ./generate/src/Flexio_Mcl_Ip_Sa_VS_0_PBcfg.o
 .bss           0x0000000020400080        0x0 ./generate/src/Flexio_Uart_Ip_Sa_VS_0_PBcfg.o
 .bss           0x0000000020400080        0x0 ./generate/src/Igf_Port_Ip_Cfg.o
 .bss           0x0000000020400080        0x0 ./generate/src/IntCtrl_Ip_Cfg.o
 .bss           0x0000000020400080        0x0 ./generate/src/Lpuart_Uart_Ip_Sa_VS_0_PBcfg.o
 .bss           0x0000000020400080        0x0 ./generate/src/OsIf_Cfg.o
 .bss           0x0000000020400080        0x4 ./src/main.o
                0x0000000020400080                exit_code
 .bss           0x0000000020400084        0x0 /home/kj/NXP/S32DS.3.6.7/S32DS/build_tools/gcc_v10.2/gcc-10.2-arm32-eabi/bin/../lib/gcc/arm-none-eabi/10.2.0/../../../../arm-none-eabi/lib/thumb/v7e-m+fp/hard/libc_nano.a(lib_a-memmove.o)
 .bss           0x0000000020400084        0x0 /home/kj/NXP/S32DS.3.6.7/S32DS/build_tools/gcc_v10.2/gcc-10.2-arm32-eabi/bin/../lib/gcc/arm-none-eabi/10.2.0/../../../../arm-none-eabi/lib/thumb/v7e-m+fp/hard/libc_nano.a(lib_a-memset.o)
 .bss           0x0000000020400084        0x0 /home/kj/NXP/S32DS.3.6.7/S32DS/build_tools/gcc_v10.2/gcc-10.2-arm32-eabi/bin/../lib/gcc/arm-none-eabi/10.2.0/thumb/v7e-m+fp/hard/libgcc.a(_aeabi_ldivmod.o)
 .bss           0x0000000020400084        0x0 /home/kj/NXP/S32DS.3.6.7/S32DS/build_tools/gcc_v10.2/gcc-10.2-arm32-eabi/bin/../lib/gcc/arm-none-eabi/10.2.0/thumb/v7e-m+fp/hard/libgcc.a(_aeabi_uldivmod.o)
 .bss           0x0000000020400084        0x0 /home/kj/NXP/S32DS.3.6.7/S32DS/build_tools/gcc_v10.2/gcc-10.2-arm32-eabi/bin/../lib/gcc/arm-none-eabi/10.2.0/thumb/v7e-m+fp/hard/libgcc.a(_udivmoddi4.o)
 .bss           0x0000000020400084        0x0 /home/kj/NXP/S32DS.3.6.7/S32DS/build_tools/gcc_v10.2/gcc-10.2-arm32-eabi/bin/../lib/gcc/arm-none-eabi/10.2.0/thumb/v7e-m+fp/hard/libgcc.a(_dvmd_tls.o)
 *(.bss*)
                0x0000000020400090                . = ALIGN (0x10)
 *fill*         0x0000000020400084        0xc 
 *(.mcal_bss)
 .mcal_bss      0x0000000020400090        0x4 ./Project_Settings/Startup_Code/system.o
                0x0000000020400090                RESET_CATCH_CORE
 .mcal_bss      0x0000000020400094       0xbd ./RTD/src/Clock_Ip.o
                0x0000000020400098                Clock_Ip_FreqIds
                0x000000002040014c                Clock_Ip_pxConfig
 *fill*         0x0000000020400151        0x3 
 .mcal_bss      0x0000000020400154       0x10 ./RTD/src/Clock_Ip_Monitor.o
 *fill*         0x0000000020400164        0x4 
 .mcal_bss      0x0000000020400168        0x8 ./RTD/src/Clock_Ip_ProgFreqSwitch.o
 .mcal_bss      0x0000000020400170        0xc ./RTD/src/Clock_Ip_Specific.o
 .mcal_bss      0x000000002040017c        0x8 ./RTD/src/Siul2_Port_Ip.o
                0x0000000020400184                . = ALIGN (0x4)
                0x0000000020400184                __sram_bss_end = .

.sram_data      0x0000000020400184       0xa8 load address 0x000000000040c6dc
                0x0000000020400184                . = ALIGN (0x4)
                0x0000000020400184                __sram_data_begin__ = .
                0x0000000020400184                . = ALIGN (0x4)
 *(.ramcode)
 .ramcode       0x0000000020400184       0xa4 ./RTD/src/Clock_Ip_Specific.o
                0x0000000020400228                . = ALIGN (0x4)
 *(.data)
 .data          0x0000000020400228        0x0 ./Project_Settings/Startup_Code/Vector_Table.o
 .data          0x0000000020400228        0x0 ./Project_Settings/Startup_Code/exceptions.o
 .data          0x0000000020400228        0x0 ./Project_Settings/Startup_Code/nvic.o
 .data          0x0000000020400228        0x0 ./Project_Settings/Startup_Code/startup.o
 .data          0x0000000020400228        0x0 ./Project_Settings/Startup_Code/startup_cm7.o
 .data          0x0000000020400228        0x0 ./Project_Settings/Startup_Code/system.o
 .data          0x0000000020400228        0x4 ./RTD/src/Clock_Ip.o
 .data          0x000000002040022c        0x0 ./RTD/src/Clock_Ip_Data.o
 .data          0x000000002040022c        0x0 ./RTD/src/Clock_Ip_Divider.o
 .data          0x000000002040022c        0x0 ./RTD/src/Clock_Ip_DividerTrigger.o
 .data          0x000000002040022c        0x0 ./RTD/src/Clock_Ip_ExtOsc.o
 .data          0x000000002040022c        0x0 ./RTD/src/Clock_Ip_FracDiv.o
 .data          0x000000002040022c        0x0 ./RTD/src/Clock_Ip_Frequency.o
 .data          0x000000002040022c        0x0 ./RTD/src/Clock_Ip_Gate.o
 .data          0x000000002040022c        0x0 ./RTD/src/Clock_Ip_IntOsc.o
 .data          0x000000002040022c        0x0 ./RTD/src/Clock_Ip_Irq.o
 .data          0x000000002040022c        0x0 ./RTD/src/Clock_Ip_Monitor.o
 .data          0x000000002040022c        0x0 ./RTD/src/Clock_Ip_Pll.o
 .data          0x000000002040022c        0x0 ./RTD/src/Clock_Ip_ProgFreqSwitch.o
 .data          0x000000002040022c        0x0 ./RTD/src/Clock_Ip_Selector.o
 .data          0x000000002040022c        0x0 ./RTD/src/Clock_Ip_Specific.o
 .data          0x000000002040022c        0x0 ./RTD/src/Det.o
 .data          0x000000002040022c        0x0 ./RTD/src/Det_stub.o
 .data          0x000000002040022c        0x0 ./RTD/src/Flexio_Mcl_Ip.o
 .data          0x000000002040022c        0x0 ./RTD/src/Flexio_Mcl_Ip_HwAccess.o
 .data          0x000000002040022c        0x0 ./RTD/src/Flexio_Mcl_Ip_Irq.o
 .data          0x000000002040022c        0x0 ./RTD/src/Flexio_Uart_Ip.o
 .data          0x000000002040022c        0x0 ./RTD/src/Flexio_Uart_Ip_Irq.o
 .data          0x000000002040022c        0x0 ./RTD/src/Igf_Port_Ip.o
 .data          0x000000002040022c        0x0 ./RTD/src/IntCtrl_Ip.o
 .data          0x000000002040022c        0x0 ./RTD/src/Lpuart_Uart_Ip.o
 .data          0x000000002040022c        0x0 ./RTD/src/Lpuart_Uart_Ip_Irq.o
 .data          0x000000002040022c        0x0 ./RTD/src/OsIf_Interrupts.o
 .data          0x000000002040022c        0x0 ./RTD/src/OsIf_Software_Semaphore.o
 .data          0x000000002040022c        0x0 ./RTD/src/OsIf_Timer.o
 .data          0x000000002040022c        0x0 ./RTD/src/OsIf_Timer_System.o
 .data          0x000000002040022c        0x0 ./RTD/src/OsIf_Timer_System_Internal_Systick.o
 .data          0x000000002040022c        0x0 ./RTD/src/SchM_BaseNXP.o
 .data          0x000000002040022c        0x0 ./RTD/src/SchM_Mcl.o
 .data          0x000000002040022c        0x0 ./RTD/src/SchM_Mcu.o
 .data          0x000000002040022c        0x0 ./RTD/src/SchM_Port.o
 .data          0x000000002040022c        0x0 ./RTD/src/SchM_Uart.o
 .data          0x000000002040022c        0x0 ./RTD/src/Siul2_Port_Ip.o
 .data          0x000000002040022c        0x0 ./RTD/src/Tspc_Port_Ip.o
 .data          0x000000002040022c        0x0 ./board/Siul2_Port_Ip_Cfg.o
 .data          0x000000002040022c        0x0 ./board/Tspc_Port_Ip_Cfg.o
 .data          0x000000002040022c        0x0 ./board/dcf_config.o
 .data          0x000000002040022c        0x0 ./board/ivt_config.o
 .data          0x000000002040022c        0x0 ./generate/src/Clock_Ip_Cfg.o
 .data          0x000000002040022c        0x0 ./generate/src/Flexio_Mcl_Ip_Sa_VS_0_PBcfg.o
 .data          0x000000002040022c        0x0 ./generate/src/Flexio_Uart_Ip_Sa_VS_0_PBcfg.o
 .data          0x000000002040022c        0x0 ./generate/src/Igf_Port_Ip_Cfg.o
 .data          0x000000002040022c        0x0 ./generate/src/IntCtrl_Ip_Cfg.o
 .data          0x000000002040022c        0x0 ./generate/src/Lpuart_Uart_Ip_Sa_VS_0_PBcfg.o
 .data          0x000000002040022c        0x0 ./generate/src/OsIf_Cfg.o
 .data          0x000000002040022c        0x0 ./src/main.o
 .data          0x000000002040022c        0x0 /home/kj/NXP/S32DS.3.6.7/S32DS/build_tools/gcc_v10.2/gcc-10.2-arm32-eabi/bin/../lib/gcc/arm-none-eabi/10.2.0/../../../../arm-none-eabi/lib/thumb/v7e-m+fp/hard/libc_nano.a(lib_a-memmove.o)
 .data          0x000000002040022c        0x0 /home/kj/NXP/S32DS.3.6.7/S32DS/build_tools/gcc_v10.2/gcc-10.2-arm32-eabi/bin/../lib/gcc/arm-none-eabi/10.2.0/../../../../arm-none-eabi/lib/thumb/v7e-m+fp/hard/libc_nano.a(lib_a-memset.o)
 .data          0x000000002040022c        0x0 /home/kj/NXP/S32DS.3.6.7/S32DS/build_tools/gcc_v10.2/gcc-10.2-arm32-eabi/bin/../lib/gcc/arm-none-eabi/10.2.0/thumb/v7e-m+fp/hard/libgcc.a(_aeabi_ldivmod.o)
 .data          0x000000002040022c        0x0 /home/kj/NXP/S32DS.3.6.7/S32DS/build_tools/gcc_v10.2/gcc-10.2-arm32-eabi/bin/../lib/gcc/arm-none-eabi/10.2.0/thumb/v7e-m+fp/hard/libgcc.a(_aeabi_uldivmod.o)
 .data          0x000000002040022c        0x0 /home/kj/NXP/S32DS.3.6.7/S32DS/build_tools/gcc_v10.2/gcc-10.2-arm32-eabi/bin/../lib/gcc/arm-none-eabi/10.2.0/thumb/v7e-m+fp/hard/libgcc.a(_udivmoddi4.o)
 .data          0x000000002040022c        0x0 /home/kj/NXP/S32DS.3.6.7/S32DS/build_tools/gcc_v10.2/gcc-10.2-arm32-eabi/bin/../lib/gcc/arm-none-eabi/10.2.0/thumb/v7e-m+fp/hard/libgcc.a(_dvmd_tls.o)
 *(.data*)
                0x000000002040022c                . = ALIGN (0x4)
 *(.mcal_data)
                0x000000002040022c                . = ALIGN (0x4)
                0x000000002040022c                __sram_data_end__ = .
                0x000000000040c784                __sram_data_rom_end = (__sram_data_rom + (__sram_data_end__ - __sram_data_begin__))

.heap           0x000000002040022c     0x2000 load address 0x000000000040c784
                0x0000000000000000                . = (. + ALIGN (0x4))
                0x000000002040022c                _end = .
                0x000000002040022c                end = .
                0x000000002040022c                _heap_start = .
                0x0000000000002000                . = (. + HEAP_SIZE)
 *fill*         0x000000002040022c     0x2000 
                0x000000002040222c                _heap_end = .

.acfls_code_ram
                0x000000002047ff00        0x0
                0x000000002047ff00                __acfls_code_ram_start = .
 *(.acfls_code_ram)
                0x000000002047ff00                __acfls_code_ram_end = .
                0x000000002047ff00                __acmem_43_infls_code_ram_start = .
 *(.acmem_43_infls_code_ram)
                0x000000002047ff00                __acmem_43_infls_code_ram_end = .
                0x000000000040c784                __non_cacheable_data_rom = __sram_data_rom_end

.non_cacheable_data
                0x0000000020480000        0x4 load address 0x000000000040c784
                0x0000000020480000                . = ALIGN (0x4)
                0x0000000020480000                __non_cacheable_data_start__ = .
 *(.mcal_data_no_cacheable)
                0x0000000020480000                . = ALIGN (0x4)
 *(.mcal_const_no_cacheable)
                0x0000000020480000                . = ALIGN (0x4)
                0x0000000020480000                HSE_LOOP_ADDR = .
                0x0000000020480000        0x4 LONG 0x0
                0x0000000020480004                __non_cacheable_data_end__ = .
                0x000000000040c788                __non_cacheable_data_rom_end = (__non_cacheable_data_rom + (__non_cacheable_data_end__ - __non_cacheable_data_start__))

.igot.plt       0x0000000020480004        0x0 load address 0x000000000040c788
 .igot.plt      0x0000000020480004        0x0 ./Project_Settings/Startup_Code/Vector_Table.o

.non_cacheable_bss
                0x0000000020480004     0x15a0 load address 0x000000000040c788
                0x0000000020480010                . = ALIGN (0x10)
 *fill*         0x0000000020480004        0xc 
                0x0000000020480010                __non_cacheable_bss_start = .
 *(.mcal_bss_no_cacheable)
 .mcal_bss_no_cacheable
                0x0000000020480010      0x7a0 ./RTD/src/Det.o
                0x0000000020480010                Det_NextIdxList
                0x0000000020480060                Det_RuntimeErrorId
                0x0000000020480088                Det_aErrorState
                0x00000000204801a8                Det_Runtime_NextIdxList
                0x00000000204801f8                Det_aRuntimeErrorState
                0x0000000020480318                Det_ModuleId
                0x0000000020480368                Det_numTransientEventErrors
                0x0000000020480388                Det_TransientInstanceId
                0x00000000204803b0                Det_RuntimeModuleId
                0x0000000020480400                Det_TransientFaultId
                0x0000000020480428                Det_OverflowErrorFlag
                0x0000000020480430                Det_Transient_Head
                0x0000000020480440                Det_RuntimeInstanceId
                0x0000000020480468                Det_ModuleState
                0x0000000020480488                Det_OverflowRuntimeErrorFlag
                0x0000000020480490                Det_RuntimeApiId
                0x00000000204804b8                Det_OverflowTransientErrorFlag
                0x00000000204804c0                Det_Head
                0x00000000204804d0                Det_numEventErrors
                0x00000000204804f0                Det_Runtime_Head
                0x0000000020480500                Det_Tail
                0x0000000020480510                Det_InstanceId
                0x0000000020480538                Det_numRuntimeEventErrors
                0x0000000020480558                Det_Runtime_Tail
                0x0000000020480568                Det_TransientApiId
                0x0000000020480590                Det_ApiId
                0x00000000204805b8                Det_Transient_NextIdxList
                0x0000000020480608                Det_aTransientErrorState
                0x0000000020480728                Det_Transient_Tail
                0x0000000020480738                Det_ErrorId
                0x0000000020480760                Det_TransientModuleId
 .mcal_bss_no_cacheable
                0x00000000204807b0        0x1 ./RTD/src/Flexio_Mcl_Ip.o
                0x00000000204807b0                Flexio_Ip_baIpIsInitialized
 *fill*         0x00000000204807b1        0x3 
 .mcal_bss_no_cacheable
                0x00000000204807b4       0x70 ./RTD/src/Flexio_Uart_Ip.o
                0x00000000204807b4                Flexio_Uart_Ip_apStateStructure
 .mcal_bss_no_cacheable
                0x0000000020480824       0xa0 ./RTD/src/Lpuart_Uart_Ip.o
                0x0000000020480824                Lpuart_Uart_Ip_apStateStructure
 .mcal_bss_no_cacheable
                0x00000000204808c4       0x40 ./RTD/src/SchM_BaseNXP.o
 .mcal_bss_no_cacheable
                0x0000000020480904      0x600 ./RTD/src/SchM_Mcl.o
 .mcal_bss_no_cacheable
                0x0000000020480f04       0x60 ./RTD/src/SchM_Mcu.o
 .mcal_bss_no_cacheable
                0x0000000020480f64      0x380 ./RTD/src/SchM_Port.o
 .mcal_bss_no_cacheable
                0x00000000204812e4      0x2c0 ./RTD/src/SchM_Uart.o
                0x00000000204815a4                . = ALIGN (0x4)
                0x00000000204815a4                __non_cacheable_bss_end = .

.int_results    0x00000000204bbf00      0x100
                0x00000000204bbf00                . = ALIGN (0x4)
 *(.int_results)
                0x00000000204bc000                . = (. + 0x100)
 *fill*         0x00000000204bbf00      0x100 
                0x000000000040c788                __shareable_data_rom = __non_cacheable_data_rom_end

.shareable_data
                0x00000000204bc000        0x0 load address 0x000000000040c788
                0x00000000204bc000                . = ALIGN (0x4)
                0x00000000204bc000                __shareable_data_start__ = .
 *(.mcal_shared_data)
                0x00000000204bc000                . = ALIGN (0x4)
                0x00000000204bc000                __shareable_data_end__ = .
                0x000000000040c788                __shareable_data_rom_end = (__shareable_data_rom + (__shareable_data_end__ - __shareable_data_start__))

.int_vector     0x0000000020000000      0x408
                0x0000000020000000                . = ALIGN (0x800)
                0x0000000020000000                __interrupts_ram_start = .
                0x0000000020000408                . = (. + (__interrupts_init_end - __interrupts_init_start))
 *fill*         0x0000000020000000      0x408 
                0x0000000020000408                . = ALIGN (0x4)
                0x0000000020000408                __interrupts_ram_end = .
                0x000000000040c788                __tcm_data_rom = __shareable_data_rom_end

.data_tcm_data  0x0000000020000408        0x0 load address 0x000000000040c788
                0x0000000020000408                . = ALIGN (0x4)
                0x0000000020000408                __dtcm_data_start__ = .
 *(.dtcm_data*)
                0x0000000020000408                . = ALIGN (0x4)
                0x0000000020000408                __dtcm_data_end__ = .
                0x000000000040c788                __tcm_data_rom_end = (__tcm_data_rom + (__dtcm_data_end__ - __dtcm_data_start__))

.bss_tcm_data   0x0000000020000408        0x0
                0x0000000020000408                . = ALIGN (0x4)
                0x0000000020000408                __dtcm_bss_start__ = .
 *(.dtcm_bss*)
                0x0000000020000408                . = ALIGN (0x4)
                0x0000000020000408                __dtcm_bss_end__ = .
                0x000000000040c788                __tcm_code_rom_start = __tcm_data_rom_end

.itcm_text      0x0000000000000000        0x0 load address 0x000000000040c788
                0x0000000000000000                . = ALIGN (0x4)
                0x0000000000000000                __itcm_start__ = .
 *(.itcm_text*)
                0x0000000000000000                . = ALIGN (0x4)
                0x0000000000000000                __itcm_end__ = .
                0x000000000040c788                __tcm_code_rom_end = (__tcm_code_rom_start + (__itcm_end__ - __itcm_start__))

.shareable_bss  0x00000000204bc000        0x0
                0x00000000204bc000                . = ALIGN (0x10)
                0x00000000204bc000                __shareable_bss_start = .
 *(.mcal_shared_bss)
                0x00000000204bc000                . = ALIGN (0x4)
                0x00000000204bc000                __shareable_bss_end = .
                0x000000002000f000                __Stack_dtcm_end = ORIGIN (int_stack_dtcm)
                0x0000000020010000                __Stack_dtcm_start = (ORIGIN (int_stack_dtcm) + LENGTH (int_stack_dtcm))
                0x0000000020400000                __INT_SRAM_START = ORIGIN (int_sram)
                0x00000000204c0000                __INT_SRAM_END = ORIGIN (ram_rsvd2)
                0x0000000000000000                __INT_ITCM_START = ORIGIN (int_itcm)
                0x0000000000008000                __INT_ITCM_END = (ORIGIN (int_itcm) + LENGTH (int_itcm))
                0x0000000020000000                __INT_DTCM_START = ORIGIN (int_dtcm)
                0x0000000020010000                __INT_DTCM_END = ((ORIGIN (int_dtcm) + LENGTH (int_dtcm)) + LENGTH (int_stack_dtcm))
                0x00000000204bc000                __RAM_SHAREABLE_START = __shareable_data_start__
                0x000000000000000e                __RAM_SHAREABLE_SIZE = 0xe
                0x000000000040c788                __ROM_SHAREABLE_START = __shareable_data_rom
                0x000000000040c788                __ROM_SHAREABLE_END = __shareable_data_rom_end
                0x0000000020480000                __RAM_NO_CACHEABLE_START = __non_cacheable_data_start__
                0x0000000000000012                __RAM_NO_CACHEABLE_SIZE = 0x12
                0x000000000040c784                __ROM_NO_CACHEABLE_START = __non_cacheable_data_rom
                0x000000000040c788                __ROM_NO_CACHEABLE_END = __non_cacheable_data_rom_end
                0x0000000020400184                __RAM_CACHEABLE_START = __sram_data_begin__
                0x0000000000000013                __RAM_CACHEABLE_SIZE = 0x13
                0x000000000040c6dc                __ROM_CACHEABLE_START = __sram_data_rom
                0x000000000040c784                __ROM_CACHEABLE_END = __sram_data_rom_end
                0x0000000000400000                __ROM_CODE_START = ORIGIN (int_pflash)
                0x0000000010000000                __ROM_DATA_START = ORIGIN (int_dflash)
                0x0000000020400000                __BSS_SRAM_START = __sram_bss_start
                0x0000000020400184                __BSS_SRAM_END = __sram_bss_end
                0x0000000000000184                __BSS_SRAM_SIZE = (__sram_bss_end - __sram_bss_start)
                0x0000000020480010                __BSS_SRAM_NC_START = __non_cacheable_bss_start
                0x0000000000001594                __BSS_SRAM_NC_SIZE = (__non_cacheable_bss_end - __non_cacheable_bss_start)
                0x00000000204815a4                __BSS_SRAM_NC_END = __non_cacheable_bss_end
                0x00000000204bc000                __BSS_SRAM_SH_START = __shareable_bss_start
                0x0000000000000000                __BSS_SRAM_SH_SIZE = (__shareable_bss_end - __shareable_bss_start)
                0x00000000204bc000                __BSS_SRAM_SH_END = __shareable_bss_end
                0x0000000020000000                __RAM_INTERRUPT_START = __interrupts_ram_start
                0x0000000000402000                __INIT_INTERRUPT_START = __interrupts_init_start
                0x0000000000402408                __INIT_INTERRUPT_END = __interrupts_init_end
                0x0000000000000000                __RAM_ITCM_START = __itcm_start__
                0x000000000040c788                __ROM_ITCM_START = __tcm_code_rom_start
                0x000000000040c788                __ROM_ITCM_END = __tcm_code_rom_end
                0x0000000020000408                __RAM_DTCM_DATA_START = __dtcm_data_start__
                0x000000000040c788                __ROM_DTCM_DATA_START = __tcm_data_rom
                0x000000000040c788                __ROM_DTCM_END = __tcm_data_rom_end
                0x000000000040c66c                __INIT_TABLE = __init_table
                0x000000000040c6b8                __ZERO_TABLE = __zero_table
                0x0000000000000001                __RAM_INIT = 0x1
                0x0000000000000001                __ITCM_INIT = 0x1
                0x0000000000000001                __DTCM_INIT = 0x1
                0x000000000040a46c                Fls_ACEraseRomStart = __acfls_code_rom_start
                0x000000000040a4f0                Fls_ACEraseRomEnd = __acfls_code_rom_end
                0x0000000000000021                Fls_ACEraseSize = ((__acfls_code_rom_end - __acfls_code_rom_start) / 0x4)
                0x000000000040a46c                Fls_ACWriteRomStart = __acfls_code_rom_start
                0x000000000040a4f0                Fls_ACWriteRomEnd = __acfls_code_rom_end
                0x0000000000000021                Fls_ACWriteSize = ((__acfls_code_rom_end - __acfls_code_rom_start) / 0x4)
                0x000000002047ff00                _ERASE_FUNC_ADDRESS_ = __acfls_code_ram_start
                0x000000002047ff00                _WRITE_FUNC_ADDRESS_ = __acfls_code_ram_start
                0x000000000040a4f0                Mem_43_INFLS_ACEraseRomStart = __acmem_43_infls_code_rom_start
                0x000000000040a4f0                Mem_43_INFLS_ACEraseRomEnd = __acmem_43_infls_code_rom_end
                0x0000000000000000                Mem_43_INFLS_ACEraseSize = (((__acmem_43_infls_code_rom_end - __acmem_43_infls_code_rom_start) + 0x3) / 0x4)
                0x000000000040a4f0                Mem_43_INFLS_ACWriteRomStart = __acmem_43_infls_code_rom_start
                0x000000000040a4f0                Mem_43_INFLS_ACWriteRomEnd = __acmem_43_infls_code_rom_end
                0x0000000000000000                Mem_43_INFLS_ACWriteSize = (((__acmem_43_infls_code_rom_end - __acmem_43_infls_code_rom_start) + 0x3) / 0x4)
                0x000000002047ff00                _MEM_43_INFLS_ERASE_FUNC_ADDRESS_ = __acmem_43_infls_code_ram_start
                0x000000002047ff00                _MEM_43_INFLS_WRITE_FUNC_ADDRESS_ = __acmem_43_infls_code_ram_start
                0x0000000000402000                __ENTRY_VTABLE = __INIT_INTERRUPT_START
                0x0000000000402000                __CORE0_VTOR = __INIT_INTERRUPT_START
                0x0000000000402000                __CORE1_VTOR = __INIT_INTERRUPT_START
                0x0000000000402000                __CORE2_VTOR = __INIT_INTERRUPT_START
                0x0000000000402000                __CORE3_VTOR = __INIT_INTERRUPT_START
                0x0000000000000003                __INDEX_COPY_CORE2 = 0x3
                0x0000000000000001                ASSERT ((__standby_ram_end__ <= __STANDBY_RAM_LIMIT_END), Memory for standby ram overflow)
OUTPUT(LpuartFlexio_Uart_Ip_Example_S32K388.elf elf32-littlearm)
LOAD linker stubs

.ARM.attributes
                0x0000000000000000       0x30
 .ARM.attributes
                0x0000000000000000       0x20 ./Project_Settings/Startup_Code/Vector_Table.o
 .ARM.attributes
                0x0000000000000020       0x34 ./Project_Settings/Startup_Code/exceptions.o
 .ARM.attributes
                0x0000000000000054       0x34 ./Project_Settings/Startup_Code/nvic.o
 .ARM.attributes
                0x0000000000000088       0x34 ./Project_Settings/Startup_Code/startup.o
 .ARM.attributes
                0x00000000000000bc       0x1f ./Project_Settings/Startup_Code/startup_cm7.o
 .ARM.attributes
                0x00000000000000db       0x34 ./Project_Settings/Startup_Code/system.o
 .ARM.attributes
                0x000000000000010f       0x34 ./RTD/src/Clock_Ip.o
 .ARM.attributes
                0x0000000000000143       0x39 ./RTD/src/Clock_Ip_Data.o
 .ARM.attributes
                0x000000000000017c       0x34 ./RTD/src/Clock_Ip_Divider.o
 .ARM.attributes
                0x00000000000001b0       0x34 ./RTD/src/Clock_Ip_DividerTrigger.o
 .ARM.attributes
                0x00000000000001e4       0x34 ./RTD/src/Clock_Ip_ExtOsc.o
 .ARM.attributes
                0x0000000000000218       0x34 ./RTD/src/Clock_Ip_FracDiv.o
 .ARM.attributes
                0x000000000000024c       0x34 ./RTD/src/Clock_Ip_Frequency.o
 .ARM.attributes
                0x0000000000000280       0x34 ./RTD/src/Clock_Ip_Gate.o
 .ARM.attributes
                0x00000000000002b4       0x34 ./RTD/src/Clock_Ip_IntOsc.o
 .ARM.attributes
                0x00000000000002e8       0x34 ./RTD/src/Clock_Ip_Irq.o
 .ARM.attributes
                0x000000000000031c       0x34 ./RTD/src/Clock_Ip_Monitor.o
 .ARM.attributes
                0x0000000000000350       0x34 ./RTD/src/Clock_Ip_Pll.o
 .ARM.attributes
                0x0000000000000384       0x34 ./RTD/src/Clock_Ip_ProgFreqSwitch.o
 .ARM.attributes
                0x00000000000003b8       0x34 ./RTD/src/Clock_Ip_Selector.o
 .ARM.attributes
                0x00000000000003ec       0x34 ./RTD/src/Clock_Ip_Specific.o
 .ARM.attributes
                0x0000000000000420       0x34 ./RTD/src/Det.o
 .ARM.attributes
                0x0000000000000454       0x34 ./RTD/src/Det_stub.o
 .ARM.attributes
                0x0000000000000488       0x34 ./RTD/src/Flexio_Mcl_Ip.o
 .ARM.attributes
                0x00000000000004bc       0x34 ./RTD/src/Flexio_Mcl_Ip_HwAccess.o
 .ARM.attributes
                0x00000000000004f0       0x34 ./RTD/src/Flexio_Mcl_Ip_Irq.o
 .ARM.attributes
                0x0000000000000524       0x34 ./RTD/src/Flexio_Uart_Ip.o
 .ARM.attributes
                0x0000000000000558       0x39 ./RTD/src/Flexio_Uart_Ip_Irq.o
 .ARM.attributes
                0x0000000000000591       0x39 ./RTD/src/Igf_Port_Ip.o
 .ARM.attributes
                0x00000000000005ca       0x34 ./RTD/src/IntCtrl_Ip.o
 .ARM.attributes
                0x00000000000005fe       0x34 ./RTD/src/Lpuart_Uart_Ip.o
 .ARM.attributes
                0x0000000000000632       0x34 ./RTD/src/Lpuart_Uart_Ip_Irq.o
 .ARM.attributes
                0x0000000000000666       0x39 ./RTD/src/OsIf_Interrupts.o
 .ARM.attributes
                0x000000000000069f       0x39 ./RTD/src/OsIf_Software_Semaphore.o
 .ARM.attributes
                0x00000000000006d8       0x34 ./RTD/src/OsIf_Timer.o
 .ARM.attributes
                0x000000000000070c       0x39 ./RTD/src/OsIf_Timer_System.o
 .ARM.attributes
                0x0000000000000745       0x34 ./RTD/src/OsIf_Timer_System_Internal_Systick.o
 .ARM.attributes
                0x0000000000000779       0x34 ./RTD/src/SchM_BaseNXP.o
 .ARM.attributes
                0x00000000000007ad       0x34 ./RTD/src/SchM_Mcl.o
 .ARM.attributes
                0x00000000000007e1       0x34 ./RTD/src/SchM_Mcu.o
 .ARM.attributes
                0x0000000000000815       0x34 ./RTD/src/SchM_Port.o
 .ARM.attributes
                0x0000000000000849       0x34 ./RTD/src/SchM_Uart.o
 .ARM.attributes
                0x000000000000087d       0x34 ./RTD/src/Siul2_Port_Ip.o
 .ARM.attributes
                0x00000000000008b1       0x34 ./RTD/src/Tspc_Port_Ip.o
 .ARM.attributes
                0x00000000000008e5       0x39 ./board/Siul2_Port_Ip_Cfg.o
 .ARM.attributes
                0x000000000000091e       0x39 ./board/Tspc_Port_Ip_Cfg.o
 .ARM.attributes
                0x0000000000000957       0x39 ./board/dcf_config.o
 .ARM.attributes
                0x0000000000000990       0x39 ./board/ivt_config.o
 .ARM.attributes
                0x00000000000009c9       0x39 ./generate/src/Clock_Ip_Cfg.o
 .ARM.attributes
                0x0000000000000a02       0x39 ./generate/src/Flexio_Mcl_Ip_Sa_VS_0_PBcfg.o
 .ARM.attributes
                0x0000000000000a3b       0x39 ./generate/src/Flexio_Uart_Ip_Sa_VS_0_PBcfg.o
 .ARM.attributes
                0x0000000000000a74       0x39 ./generate/src/Igf_Port_Ip_Cfg.o
 .ARM.attributes
                0x0000000000000aad       0x39 ./generate/src/IntCtrl_Ip_Cfg.o
 .ARM.attributes
                0x0000000000000ae6       0x39 ./generate/src/Lpuart_Uart_Ip_Sa_VS_0_PBcfg.o
 .ARM.attributes
                0x0000000000000b1f       0x39 ./generate/src/OsIf_Cfg.o
 .ARM.attributes
                0x0000000000000b58       0x34 ./src/main.o
 .ARM.attributes
                0x0000000000000b8c       0x34 /home/kj/NXP/S32DS.3.6.7/S32DS/build_tools/gcc_v10.2/gcc-10.2-arm32-eabi/bin/../lib/gcc/arm-none-eabi/10.2.0/../../../../arm-none-eabi/lib/thumb/v7e-m+fp/hard/libc_nano.a(lib_a-memmove.o)
 .ARM.attributes
                0x0000000000000bc0       0x34 /home/kj/NXP/S32DS.3.6.7/S32DS/build_tools/gcc_v10.2/gcc-10.2-arm32-eabi/bin/../lib/gcc/arm-none-eabi/10.2.0/../../../../arm-none-eabi/lib/thumb/v7e-m+fp/hard/libc_nano.a(lib_a-memset.o)
 .ARM.attributes
                0x0000000000000bf4       0x1e /home/kj/NXP/S32DS.3.6.7/S32DS/build_tools/gcc_v10.2/gcc-10.2-arm32-eabi/bin/../lib/gcc/arm-none-eabi/10.2.0/thumb/v7e-m+fp/hard/libgcc.a(_aeabi_ldivmod.o)
 .ARM.attributes
                0x0000000000000c12       0x1e /home/kj/NXP/S32DS.3.6.7/S32DS/build_tools/gcc_v10.2/gcc-10.2-arm32-eabi/bin/../lib/gcc/arm-none-eabi/10.2.0/thumb/v7e-m+fp/hard/libgcc.a(_aeabi_uldivmod.o)
 .ARM.attributes
                0x0000000000000c30       0x34 /home/kj/NXP/S32DS.3.6.7/S32DS/build_tools/gcc_v10.2/gcc-10.2-arm32-eabi/bin/../lib/gcc/arm-none-eabi/10.2.0/thumb/v7e-m+fp/hard/libgcc.a(_udivmoddi4.o)
 .ARM.attributes
                0x0000000000000c64       0x1e /home/kj/NXP/S32DS.3.6.7/S32DS/build_tools/gcc_v10.2/gcc-10.2-arm32-eabi/bin/../lib/gcc/arm-none-eabi/10.2.0/thumb/v7e-m+fp/hard/libgcc.a(_dvmd_tls.o)

.comment        0x0000000000000000       0x53
 .comment       0x0000000000000000       0x53 ./Project_Settings/Startup_Code/exceptions.o
                                         0x54 (size before relaxing)
 .comment       0x0000000000000053       0x54 ./Project_Settings/Startup_Code/nvic.o
 .comment       0x0000000000000053       0x54 ./Project_Settings/Startup_Code/startup.o
 .comment       0x0000000000000053       0x54 ./Project_Settings/Startup_Code/system.o
 .comment       0x0000000000000053       0x54 ./RTD/src/Clock_Ip.o
 .comment       0x0000000000000053       0x54 ./RTD/src/Clock_Ip_Data.o
 .comment       0x0000000000000053       0x54 ./RTD/src/Clock_Ip_Divider.o
 .comment       0x0000000000000053       0x54 ./RTD/src/Clock_Ip_DividerTrigger.o
 .comment       0x0000000000000053       0x54 ./RTD/src/Clock_Ip_ExtOsc.o
 .comment       0x0000000000000053       0x54 ./RTD/src/Clock_Ip_FracDiv.o
 .comment       0x0000000000000053       0x54 ./RTD/src/Clock_Ip_Frequency.o
 .comment       0x0000000000000053       0x54 ./RTD/src/Clock_Ip_Gate.o
 .comment       0x0000000000000053       0x54 ./RTD/src/Clock_Ip_IntOsc.o
 .comment       0x0000000000000053       0x54 ./RTD/src/Clock_Ip_Irq.o
 .comment       0x0000000000000053       0x54 ./RTD/src/Clock_Ip_Monitor.o
 .comment       0x0000000000000053       0x54 ./RTD/src/Clock_Ip_Pll.o
 .comment       0x0000000000000053       0x54 ./RTD/src/Clock_Ip_ProgFreqSwitch.o
 .comment       0x0000000000000053       0x54 ./RTD/src/Clock_Ip_Selector.o
 .comment       0x0000000000000053       0x54 ./RTD/src/Clock_Ip_Specific.o
 .comment       0x0000000000000053       0x54 ./RTD/src/Det.o
 .comment       0x0000000000000053       0x54 ./RTD/src/Det_stub.o
 .comment       0x0000000000000053       0x54 ./RTD/src/Flexio_Mcl_Ip.o
 .comment       0x0000000000000053       0x54 ./RTD/src/Flexio_Mcl_Ip_HwAccess.o
 .comment       0x0000000000000053       0x54 ./RTD/src/Flexio_Mcl_Ip_Irq.o
 .comment       0x0000000000000053       0x54 ./RTD/src/Flexio_Uart_Ip.o
 .comment       0x0000000000000053       0x54 ./RTD/src/Flexio_Uart_Ip_Irq.o
 .comment       0x0000000000000053       0x54 ./RTD/src/Igf_Port_Ip.o
 .comment       0x0000000000000053       0x54 ./RTD/src/IntCtrl_Ip.o
 .comment       0x0000000000000053       0x54 ./RTD/src/Lpuart_Uart_Ip.o
 .comment       0x0000000000000053       0x54 ./RTD/src/Lpuart_Uart_Ip_Irq.o
 .comment       0x0000000000000053       0x54 ./RTD/src/OsIf_Interrupts.o
 .comment       0x0000000000000053       0x54 ./RTD/src/OsIf_Software_Semaphore.o
 .comment       0x0000000000000053       0x54 ./RTD/src/OsIf_Timer.o
 .comment       0x0000000000000053       0x54 ./RTD/src/OsIf_Timer_System.o
 .comment       0x0000000000000053       0x54 ./RTD/src/OsIf_Timer_System_Internal_Systick.o
 .comment       0x0000000000000053       0x54 ./RTD/src/SchM_BaseNXP.o
 .comment       0x0000000000000053       0x54 ./RTD/src/SchM_Mcl.o
 .comment       0x0000000000000053       0x54 ./RTD/src/SchM_Mcu.o
 .comment       0x0000000000000053       0x54 ./RTD/src/SchM_Port.o
 .comment       0x0000000000000053       0x54 ./RTD/src/SchM_Uart.o
 .comment       0x0000000000000053       0x54 ./RTD/src/Siul2_Port_Ip.o
 .comment       0x0000000000000053       0x54 ./RTD/src/Tspc_Port_Ip.o
 .comment       0x0000000000000053       0x54 ./board/Siul2_Port_Ip_Cfg.o
 .comment       0x0000000000000053       0x54 ./board/Tspc_Port_Ip_Cfg.o
 .comment       0x0000000000000053       0x54 ./board/dcf_config.o
 .comment       0x0000000000000053       0x54 ./board/ivt_config.o
 .comment       0x0000000000000053       0x54 ./generate/src/Clock_Ip_Cfg.o
 .comment       0x0000000000000053       0x54 ./generate/src/Flexio_Mcl_Ip_Sa_VS_0_PBcfg.o
 .comment       0x0000000000000053       0x54 ./generate/src/Flexio_Uart_Ip_Sa_VS_0_PBcfg.o
 .comment       0x0000000000000053       0x54 ./generate/src/Igf_Port_Ip_Cfg.o