Archive member included to satisfy reference by file (symbol)

/home/kj/NXP/S32DS.3.6.7/S32DS/build_tools/gcc_v10.2/gcc-10.2-arm32-eabi/bin/../lib/gcc/arm-none-eabi/10.2.0/../../../../arm-none-eabi/lib/thumb/v7e-m+fp/hard/libc_nano.a(lib_a-memmove.o)
                              ./RTD/src/Siul2_Port_Ip.o (memmove)
/home/kj/NXP/S32DS.3.6.7/S32DS/build_tools/gcc_v10.2/gcc-10.2-arm32-eabi/bin/../lib/gcc/arm-none-eabi/10.2.0/../../../../arm-none-eabi/lib/thumb/v7e-m+fp/hard/libc_nano.a(lib_a-memset.o)
                              ./Project_Settings/Startup_Code/startup.o (memset)
/home/kj/NXP/S32DS.3.6.7/S32DS/build_tools/gcc_v10.2/gcc-10.2-arm32-eabi/bin/../lib/gcc/arm-none-eabi/10.2.0/thumb/v7e-m+fp/hard/libgcc.a(_aeabi_ldivmod.o)
                              ./RTD/src/Clock_Ip_ProgFreqSwitch.o (__aeabi_ldivmod)
/home/kj/NXP/S32DS.3.6.7/S32DS/build_tools/gcc_v10.2/gcc-10.2-arm32-eabi/bin/../lib/gcc/arm-none-eabi/10.2.0/thumb/v7e-m+fp/hard/libgcc.a(_aeabi_uldivmod.o)
                              ./RTD/src/Clock_Ip_Monitor.o (__aeabi_uldivmod)
/home/kj/NXP/S32DS.3.6.7/S32DS/build_tools/gcc_v10.2/gcc-10.2-arm32-eabi/bin/../lib/gcc/arm-none-eabi/10.2.0/thumb/v7e-m+fp/hard/libgcc.a(_udivmoddi4.o)
                              /home/kj/NXP/S32DS.3.6.7/S32DS/build_tools/gcc_v10.2/gcc-10.2-arm32-eabi/bin/../lib/gcc/arm-none-eabi/10.2.0/thumb/v7e-m+fp/hard/libgcc.a(_aeabi_ldivmod.o) (__udivmoddi4)
/home/kj/NXP/S32DS.3.6.7/S32DS/build_tools/gcc_v10.2/gcc-10.2-arm32-eabi/bin/../lib/gcc/arm-none-eabi/10.2.0/thumb/v7e-m+fp/hard/libgcc.a(_dvmd_tls.o)
                              /home/kj/NXP/S32DS.3.6.7/S32DS/build_tools/gcc_v10.2/gcc-10.2-arm32-eabi/bin/../lib/gcc/arm-none-eabi/10.2.0/thumb/v7e-m+fp/hard/libgcc.a(_aeabi_ldivmod.o) (__aeabi_ldiv0)

Discarded input sections

 .group         0x0000000000000000        0xc ./Project_Settings/Startup_Code/exceptions.o
 .group         0x0000000000000000        0xc ./Project_Settings/Startup_Code/exceptions.o
 .group         0x0000000000000000        0xc ./Project_Settings/Startup_Code/exceptions.o
 .group         0x0000000000000000        0xc ./Project_Settings/Startup_Code/exceptions.o
 .group         0x0000000000000000        0xc ./Project_Settings/Startup_Code/exceptions.o
 .group         0x0000000000000000        0xc ./Project_Settings/Startup_Code/exceptions.o
 .group         0x0000000000000000        0xc ./Project_Settings/Startup_Code/exceptions.o
 .group         0x0000000000000000        0xc ./Project_Settings/Startup_Code/exceptions.o
 .group         0x0000000000000000        0xc ./Project_Settings/Startup_Code/exceptions.o
 .group         0x0000000000000000        0xc ./Project_Settings/Startup_Code/exceptions.o
 .group         0x0000000000000000        0xc ./Project_Settings/Startup_Code/exceptions.o
 .group         0x0000000000000000        0xc ./Project_Settings/Startup_Code/exceptions.o
 .group         0x0000000000000000        0xc ./Project_Settings/Startup_Code/exceptions.o
 .group         0x0000000000000000        0xc ./Project_Settings/Startup_Code/exceptions.o
 .group         0x0000000000000000        0xc ./Project_Settings/Startup_Code/exceptions.o
 .group         0x0000000000000000        0xc ./Project_Settings/Startup_Code/exceptions.o
 .group         0x0000000000000000        0xc ./Project_Settings/Startup_Code/exceptions.o
 .group         0x0000000000000000        0xc ./Project_Settings/Startup_Code/exceptions.o
 .group         0x0000000000000000        0xc ./Project_Settings/Startup_Code/exceptions.o
 .group         0x0000000000000000        0xc ./Project_Settings/Startup_Code/exceptions.o
 .group         0x0000000000000000        0xc ./Project_Settings/Startup_Code/exceptions.o
 .group         0x0000000000000000        0xc ./Project_Settings/Startup_Code/exceptions.o
 .group         0x0000000000000000        0xc ./Project_Settings/Startup_Code/exceptions.o
 .group         0x0000000000000000        0xc ./Project_Settings/Startup_Code/exceptions.o
 .group         0x0000000000000000        0xc ./Project_Settings/Startup_Code/exceptions.o
 .group         0x0000000000000000        0xc ./Project_Settings/Startup_Code/exceptions.o
 .group         0x0000000000000000        0xc ./Project_Settings/Startup_Code/exceptions.o
 .group         0x0000000000000000        0xc ./Project_Settings/Startup_Code/exceptions.o
 .group         0x0000000000000000        0xc ./Project_Settings/Startup_Code/exceptions.o
 .group         0x0000000000000000        0xc ./Project_Settings/Startup_Code/exceptions.o
 .group         0x0000000000000000        0xc ./Project_Settings/Startup_Code/nvic.o
 .group         0x0000000000000000        0xc ./Project_Settings/Startup_Code/nvic.o
 .group         0x0000000000000000        0xc ./Project_Settings/Startup_Code/nvic.o
 .group         0x0000000000000000        0xc ./Project_Settings/Startup_Code/nvic.o
 .group         0x0000000000000000        0xc ./Project_Settings/Startup_Code/nvic.o
[...]
Memory Configuration

Name             Origin             Length             Attributes
int_pflash       0x0000000000400000 0x00000000007d4000
int_dflash       0x0000000010000000 0x0000000000020000
int_itcm         0x0000000000000000 0x0000000000008000
int_dtcm         0x0000000020000000 0x000000000000f000
int_stack_dtcm   0x000000002000f000 0x0000000000001000
int_sram         0x0000000020400000 0x000000000007ff00
int_sram_fls_rsv 0x000000002047ff00 0x0000000000000100
int_sram_no_cacheable 0x0000000020480000 0x000000000003bf00
int_sram_results 0x00000000204bbf00 0x0000000000000100
int_sram_shareable 0x00000000204bc000 0x0000000000004000
ram_rsvd2        0x00000000204c0000 0x0000000000000000
*default*        0x0000000000000000 0xffffffffffffffff

Linker script and memory map

LOAD ./Project_Settings/Startup_Code/Vector_Table.o
LOAD ./Project_Settings/Startup_Code/exceptions.o
LOAD ./Project_Settings/Startup_Code/nvic.o
LOAD ./Project_Settings/Startup_Code/startup.o
LOAD ./Project_Settings/Startup_Code/startup_cm7.o
LOAD ./Project_Settings/Startup_Code/system.o
LOAD ./RTD/src/Clock_Ip.o
LOAD ./RTD/src/Clock_Ip_Data.o
LOAD ./RTD/src/Clock_Ip_Divider.o
LOAD ./RTD/src/Clock_Ip_DividerTrigger.o
LOAD ./RTD/src/Clock_Ip_ExtOsc.o
LOAD ./RTD/src/Clock_Ip_FracDiv.o
LOAD ./RTD/src/Clock_Ip_Frequency.o
LOAD ./RTD/src/Clock_Ip_Gate.o
LOAD ./RTD/src/Clock_Ip_IntOsc.o
LOAD ./RTD/src/Clock_Ip_Irq.o
LOAD ./RTD/src/Clock_Ip_Monitor.o
LOAD ./RTD/src/Clock_Ip_Pll.o
LOAD ./RTD/src/Clock_Ip_ProgFreqSwitch.o
LOAD ./RTD/src/Clock_Ip_Selector.o
LOAD ./RTD/src/Clock_Ip_Specific.o
LOAD ./RTD/src/Det.o
LOAD ./RTD/src/Det_stub.o
LOAD ./RTD/src/FlexCAN_Ip.o
LOAD ./RTD/src/FlexCAN_Ip_HwAccess.o
LOAD ./RTD/src/FlexCAN_Ip_Irq.o
LOAD ./RTD/src/Igf_Port_Ip.o
LOAD ./RTD/src/IntCtrl_Ip.o
LOAD ./RTD/src/OsIf_Interrupts.o
LOAD ./RTD/src/OsIf_Software_Semaphore.o
LOAD ./RTD/src/OsIf_Timer.o
LOAD ./RTD/src/OsIf_Timer_System.o
LOAD ./RTD/src/OsIf_Timer_System_Internal_Systick.o
LOAD ./RTD/src/SchM_BaseNXP.o
LOAD ./RTD/src/SchM_Can_43_FLEXCAN.o
LOAD ./RTD/src/SchM_Mcu.o
LOAD ./RTD/src/SchM_Port.o
LOAD ./RTD/src/Siul2_Port_Ip.o
LOAD ./RTD/src/Tspc_Port_Ip.o
LOAD ./board/Siul2_Port_Ip_Cfg.o
LOAD ./board/Tspc_Port_Ip_Cfg.o
LOAD ./board/dcf_config.o
LOAD ./board/ivt_config.o
LOAD ./generate/src/Clock_Ip_Cfg.o
LOAD ./generate/src/FlexCAN_Ip_Sa_PBcfg.o
LOAD ./generate/src/Igf_Port_Ip_Cfg.o
LOAD ./generate/src/IntCtrl_Ip_Cfg.o
LOAD ./generate/src/OsIf_Cfg.o
LOAD ./src/main.o
LOAD /home/kj/NXP/S32DS.3.6.7/S32DS/build_tools/gcc_v10.2/gcc-10.2-arm32-eabi/bin/../lib/gcc/arm-none-eabi/10.2.0/../../../../arm-none-eabi/lib/thumb/v7e-m+fp/hard/libc_nano.a
LOAD /home/kj/NXP/S32DS.3.6.7/S32DS/build_tools/gcc_v10.2/gcc-10.2-arm32-eabi/bin/../lib/gcc/arm-none-eabi/10.2.0/../../../../arm-none-eabi/lib/thumb/v7e-m+fp/hard/libm.a
LOAD /home/kj/NXP/S32DS.3.6.7/S32DS/build_tools/gcc_v10.2/gcc-10.2-arm32-eabi/bin/../lib/gcc/arm-none-eabi/10.2.0/thumb/v7e-m+fp/hard/libgcc.a
START GROUP
LOAD /home/kj/NXP/S32DS.3.6.7/S32DS/build_tools/gcc_v10.2/gcc-10.2-arm32-eabi/bin/../lib/gcc/arm-none-eabi/10.2.0/thumb/v7e-m+fp/hard/libgcc.a
LOAD /home/kj/NXP/S32DS.3.6.7/S32DS/build_tools/gcc_v10.2/gcc-10.2-arm32-eabi/bin/../lib/gcc/arm-none-eabi/10.2.0/../../../../arm-none-eabi/lib/thumb/v7e-m+fp/hard/libg_nano.a
LOAD /home/kj/NXP/S32DS.3.6.7/S32DS/build_tools/gcc_v10.2/gcc-10.2-arm32-eabi/bin/../lib/gcc/arm-none-eabi/10.2.0/../../../../arm-none-eabi/lib/thumb/v7e-m+fp/hard/libc_nano.a
END GROUP
START GROUP
LOAD /home/kj/NXP/S32DS.3.6.7/S32DS/build_tools/gcc_v10.2/gcc-10.2-arm32-eabi/bin/../lib/gcc/arm-none-eabi/10.2.0/thumb/v7e-m+fp/hard/libgcc.a
LOAD /home/kj/NXP/S32DS.3.6.7/S32DS/build_tools/gcc_v10.2/gcc-10.2-arm32-eabi/bin/../lib/gcc/arm-none-eabi/10.2.0/../../../../arm-none-eabi/lib/thumb/v7e-m+fp/hard/libc_nano.a
LOAD /home/kj/NXP/S32DS.3.6.7/S32DS/build_tools/gcc_v10.2/gcc-10.2-arm32-eabi/bin/../lib/gcc/arm-none-eabi/10.2.0/../../../../arm-none-eabi/lib/thumb/v7e-m+fp/hard/libnosys.a
END GROUP
START GROUP
LOAD /home/kj/NXP/S32DS.3.6.7/S32DS/build_tools/gcc_v10.2/gcc-10.2-arm32-eabi/bin/../lib/gcc/arm-none-eabi/10.2.0/thumb/v7e-m+fp/hard/libgcc.a
LOAD /home/kj/NXP/S32DS.3.6.7/S32DS/build_tools/gcc_v10.2/gcc-10.2-arm32-eabi/bin/../lib/gcc/arm-none-eabi/10.2.0/../../../../arm-none-eabi/lib/thumb/v7e-m+fp/hard/libc_nano.a
LOAD /home/kj/NXP/S32DS.3.6.7/S32DS/build_tools/gcc_v10.2/gcc-10.2-arm32-eabi/bin/../lib/gcc/arm-none-eabi/10.2.0/../../../../arm-none-eabi/lib/thumb/v7e-m+fp/hard/libnosys.a
END GROUP
                0x0000000000002000                HEAP_SIZE = DEFINED (__heap_size__)?__heap_size__:0x2000
                0x000000002040ffff                __STANDBY_RAM_LIMIT_END = 0x2040ffff

.pflash         0x0000000000400000     0xc474
 *(.boot_header)
 .boot_header   0x0000000000400000      0x100 ./Project_Settings/Startup_Code/startup_cm7.o
                0x0000000000402000                . = ALIGN (0x2000)
 *fill*         0x0000000000400100     0x1f00 
                0x0000000000402000                __text_start = .
                0x0000000000402000                __interrupts_init_start = .
 *(.intc_vector)
 .intc_vector   0x0000000000402000      0x408 ./Project_Settings/Startup_Code/Vector_Table.o
                0x0000000000402000                VTABLE
                0x0000000000402408                . = ALIGN (0x4)
                0x0000000000402408                __interrupts_init_end = .
 *(.core_loop)
 .core_loop     0x0000000000402408        0xc ./Project_Settings/Startup_Code/startup_cm7.o
                0x0000000000402408                _core_loop
                0x0000000000402414                . = ALIGN (0x4)
 *(.startup)
 *fill*         0x0000000000402414        0xc 
 .startup       0x0000000000402420      0x214 ./Project_Settings/Startup_Code/startup_cm7.o
                0x0000000000402420                Reset_Handler
                0x0000000000402420                _start
                0x00000000004025b4                MCAL_LTB_TRACE_OFF
                0x00000000004025b6                _end_of_eunit_test
                0x0000000000402634                . = ALIGN (0x4)
 *(.systeminit)
                0x0000000000402634                . = ALIGN (0x4)
 *(.text.startup)
 .text.startup  0x0000000000402634      0x1d8 ./src/main.o
                0x0000000000402634                main
                0x000000000040280c                . = ALIGN (0x4)
 *(.text)
 .text          0x000000000040280c        0x0 ./Project_Settings/Startup_Code/Vector_Table.o
 .text          0x000000000040280c        0x0 ./Project_Settings/Startup_Code/exceptions.o
 .text          0x000000000040280c        0x0 ./Project_Settings/Startup_Code/nvic.o
 .text          0x000000000040280c        0x0 ./Project_Settings/Startup_Code/startup.o
 .text          0x000000000040280c        0x0 ./Project_Settings/Startup_Code/startup_cm7.o
 .text          0x000000000040280c        0x0 ./Project_Settings/Startup_Code/system.o
 .text          0x000000000040280c        0x0 ./RTD/src/Clock_Ip.o
 .text          0x000000000040280c        0x0 ./RTD/src/Clock_Ip_Data.o
 .text          0x000000000040280c        0x0 ./RTD/src/Clock_Ip_Divider.o
 .text          0x000000000040280c        0x0 ./RTD/src/Clock_Ip_DividerTrigger.o
 .text          0x000000000040280c        0x0 ./RTD/src/Clock_Ip_ExtOsc.o
 .text          0x000000000040280c        0x0 ./RTD/src/Clock_Ip_FracDiv.o
 .text          0x000000000040280c        0x0 ./RTD/src/Clock_Ip_Frequency.o
 .text          0x000000000040280c        0x0 ./RTD/src/Clock_Ip_Gate.o
 .text          0x000000000040280c        0x0 ./RTD/src/Clock_Ip_IntOsc.o
 .text          0x000000000040280c        0x0 ./RTD/src/Clock_Ip_Irq.o
 .text          0x000000000040280c        0x0 ./RTD/src/Clock_Ip_Monitor.o
 .text          0x000000000040280c        0x0 ./RTD/src/Clock_Ip_Pll.o
 .text          0x000000000040280c        0x0 ./RTD/src/Clock_Ip_ProgFreqSwitch.o
 .text          0x000000000040280c        0x0 ./RTD/src/Clock_Ip_Selector.o
 .text          0x000000000040280c        0x0 ./RTD/src/Clock_Ip_Specific.o
 .text          0x000000000040280c        0x0 ./RTD/src/Det.o
 .text          0x000000000040280c        0x0 ./RTD/src/Det_stub.o
 .text          0x000000000040280c       0x14 ./RTD/src/FlexCAN_Ip.o
 .text          0x0000000000402820       0x14 ./RTD/src/FlexCAN_Ip_HwAccess.o
 .text          0x0000000000402834        0x0 ./RTD/src/FlexCAN_Ip_Irq.o
 .text          0x0000000000402834        0x0 ./RTD/src/Igf_Port_Ip.o
 .text          0x0000000000402834       0x14 ./RTD/src/IntCtrl_Ip.o
 .text          0x0000000000402848        0x0 ./RTD/src/OsIf_Interrupts.o
 .text          0x0000000000402848        0x0 ./RTD/src/OsIf_Software_Semaphore.o
 .text          0x0000000000402848        0x0 ./RTD/src/OsIf_Timer.o
 .text          0x0000000000402848        0x0 ./RTD/src/OsIf_Timer_System.o
 .text          0x0000000000402848        0x0 ./RTD/src/OsIf_Timer_System_Internal_Systick.o
 .text          0x0000000000402848        0x6 ./RTD/src/SchM_BaseNXP.o
                0x0000000000402848                BaseNXP_schm_read_msr
 .text          0x000000000040284e        0x6 ./RTD/src/SchM_Can_43_FLEXCAN.o
                0x000000000040284e                Can_43_FLEXCAN_schm_read_msr
 .text          0x0000000000402854        0x6 ./RTD/src/SchM_Mcu.o
                0x0000000000402854                Mcu_schm_read_msr
 .text          0x000000000040285a        0x6 ./RTD/src/SchM_Port.o
                0x000000000040285a                Port_schm_read_msr
 .text          0x0000000000402860       0x14 ./RTD/src/Siul2_Port_Ip.o
 .text          0x0000000000402874        0x0 ./RTD/src/Tspc_Port_Ip.o
 .text          0x0000000000402874        0x0 ./board/Siul2_Port_Ip_Cfg.o
 .text          0x0000000000402874        0x0 ./board/Tspc_Port_Ip_Cfg.o
 .text          0x0000000000402874        0x0 ./board/dcf_config.o
 .text          0x0000000000402874        0x0 ./board/ivt_config.o
 .text          0x0000000000402874        0x0 ./generate/src/Clock_Ip_Cfg.o
 .text          0x0000000000402874        0x0 ./generate/src/FlexCAN_Ip_Sa_PBcfg.o
 .text          0x0000000000402874        0x0 ./generate/src/Igf_Port_Ip_Cfg.o
 .text          0x0000000000402874        0x0 ./generate/src/IntCtrl_Ip_Cfg.o
 .text          0x0000000000402874        0x0 ./generate/src/OsIf_Cfg.o
 .text          0x0000000000402874       0x80 ./src/main.o
                0x00000000004028a2                FlexCAN_UserCallback
 .text          0x00000000004028f4        0x0 /home/kj/NXP/S32DS.3.6.7/S32DS/build_tools/gcc_v10.2/gcc-10.2-arm32-eabi/bin/../lib/gcc/arm-none-eabi/10.2.0/../../../../arm-none-eabi/lib/thumb/v7e-m+fp/hard/libc_nano.a(lib_a-memmove.o)
 .text          0x00000000004028f4        0x0 /home/kj/NXP/S32DS.3.6.7/S32DS/build_tools/gcc_v10.2/gcc-10.2-arm32-eabi/bin/../lib/gcc/arm-none-eabi/10.2.0/../../../../arm-none-eabi/lib/thumb/v7e-m+fp/hard/libc_nano.a(lib_a-memset.o)
 .text          0x00000000004028f4       0xa0 /home/kj/NXP/S32DS.3.6.7/S32DS/build_tools/gcc_v10.2/gcc-10.2-arm32-eabi/bin/../lib/gcc/arm-none-eabi/10.2.0/thumb/v7e-m+fp/hard/libgcc.a(_aeabi_ldivmod.o)
                0x00000000004028f4                __aeabi_ldivmod
 .text          0x0000000000402994       0x30 /home/kj/NXP/S32DS.3.6.7/S32DS/build_tools/gcc_v10.2/gcc-10.2-arm32-eabi/bin/../lib/gcc/arm-none-eabi/10.2.0/thumb/v7e-m+fp/hard/libgcc.a(_aeabi_uldivmod.o)
                0x0000000000402994                __aeabi_uldivmod
 .text          0x00000000004029c4      0x2d8 /home/kj/NXP/S32DS.3.6.7/S32DS/build_tools/gcc_v10.2/gcc-10.2-arm32-eabi/bin/../lib/gcc/arm-none-eabi/10.2.0/thumb/v7e-m+fp/hard/libgcc.a(_udivmoddi4.o)
                0x00000000004029c4                __udivmoddi4
 .text          0x0000000000402c9c        0x4 /home/kj/NXP/S32DS.3.6.7/S32DS/build_tools/gcc_v10.2/gcc-10.2-arm32-eabi/bin/../lib/gcc/arm-none-eabi/10.2.0/thumb/v7e-m+fp/hard/libgcc.a(_dvmd_tls.o)
                0x0000000000402c9c                __aeabi_ldiv0
                0x0000000000402c9c                __aeabi_idiv0
 *(.text*)
 .text.memmove  0x0000000000402ca0       0x34 /home/kj/NXP/S32DS.3.6.7/S32DS/build_tools/gcc_v10.2/gcc-10.2-arm32-eabi/bin/../lib/gcc/arm-none-eabi/10.2.0/../../../../arm-none-eabi/lib/thumb/v7e-m+fp/hard/libc_nano.a(lib_a-memmove.o)
                0x0000000000402ca0                memmove
 .text.memset   0x0000000000402cd4       0x10 /home/kj/NXP/S32DS.3.6.7/S32DS/build_tools/gcc_v10.2/gcc-10.2-arm32-eabi/bin/../lib/gcc/arm-none-eabi/10.2.0/../../../../arm-none-eabi/lib/thumb/v7e-m+fp/hard/libc_nano.a(lib_a-memset.o)
                0x0000000000402cd4                memset
                0x0000000000402ce4                . = ALIGN (0x4)
 *(.mcal_text)
 .mcal_text     0x0000000000402ce4       0x14 ./Project_Settings/Startup_Code/exceptions.o
                0x0000000000402ce4                NMI_Handler
                0x0000000000402ce6                HardFault_Handler
                0x0000000000402ce8                MemManage_Handler
                0x0000000000402cea                BusFault_Handler
                0x0000000000402cec                UsageFault_Handler
                0x0000000000402cee                SVC_Handler
                0x0000000000402cf0                DebugMon_Handler
                0x0000000000402cf2                PendSV_Handler
                0x0000000000402cf4                SysTick_Handler
                0x0000000000402cf6                undefined_handler
 .mcal_text     0x0000000000402cf8       0x52 ./Project_Settings/Startup_Code/nvic.o
                0x0000000000402cf8                NVIC_SetPriorityGrouping
                0x0000000000402d0c                NVIC_EnableIRQ
                0x0000000000402d24                NVIC_DisableIRQ
                0x0000000000402d3c                NVIC_SetPriority
 *fill*         0x0000000000402d4a        0x2 
 .mcal_text     0x0000000000402d4c       0xe8 ./Project_Settings/Startup_Code/startup.o
                0x0000000000402d4c                init_data_bss
                0x0000000000402dd8                init_data_bss_core2
 .mcal_text     0x0000000000402e34      0x340 ./Project_Settings/Startup_Code/system.o
                0x0000000000402e34                startup_go_to_user_mode
                0x0000000000402e36                default_interrupt_routine
                0x0000000000402e38                Sys_GetCoreID
                0x0000000000402e48                SystemInit
                0x0000000000403158                Enable_FPU
 .mcal_text     0x0000000000403174      0x84c ./RTD/src/Clock_Ip.o
                0x0000000000403176                Clock_Ip_InitClock
                0x00000000004036e4                Clock_Ip_GetPllStatus
                0x0000000000403788                Clock_Ip_DistributePll
                0x0000000000403874                Clock_Ip_Init
                0x0000000000403898                Clock_Ip_DisableClockMonitor
                0x00000000004038bc                Clock_Ip_InstallNotificationsCallback
                0x00000000004038c8                Clock_Ip_DisableModuleClock
                0x00000000004038f0                Clock_Ip_EnableModuleClock
                0x0000000000403918                Clock_Ip_DisableFircInStandby
                0x0000000000403930                Clock_Ip_EnableFircInStandby
                0x0000000000403948                Clock_Ip_DisableSircInStandby
                0x0000000000403960                Clock_Ip_EnableSircInStandby
                0x0000000000403978                Clock_Ip_ReportClockErrors
                0x0000000000403984                Clock_Ip_StartTimeout
                0x00000000004039a4                Clock_Ip_TimeoutExpired
 .mcal_text     0x00000000004039c0      0x1e4 ./RTD/src/Clock_Ip_Divider.o
 .mcal_text     0x0000000000403ba4       0x9c ./RTD/src/Clock_Ip_DividerTrigger.o
 .mcal_text     0x0000000000403c40      0x234 ./RTD/src/Clock_Ip_ExtOsc.o
 .mcal_text     0x0000000000403e74        0x6 ./RTD/src/Clock_Ip_FracDiv.o
 .mcal_text     0x0000000000403e7a        0x2 ./RTD/src/Clock_Ip_Frequency.o
                0x0000000000403e7a                Clock_Ip_SetExternalSignalFrequency
 .mcal_text     0x0000000000403e7c      0x154 ./RTD/src/Clock_Ip_Gate.o
 .mcal_text     0x0000000000403fd0      0x104 ./RTD/src/Clock_Ip_IntOsc.o
 .mcal_text     0x00000000004040d4        0x4 ./RTD/src/Clock_Ip_Irq.o
                0x00000000004040d4                Mcu_Cmu_ClockFail_IRQHandler
 .mcal_text     0x00000000004040d8      0x288 ./RTD/src/Clock_Ip_Monitor.o
                0x0000000000404318                Clock_Ip_CMU_ClockFailInt
 .mcal_text     0x0000000000404360      0x1d0 ./RTD/src/Clock_Ip_Pll.o
 .mcal_text     0x0000000000404530      0x1f0 ./RTD/src/Clock_Ip_ProgFreqSwitch.o
 .mcal_text     0x0000000000404720      0x3dc ./RTD/src/Clock_Ip_Selector.o
                0x0000000000404ad0                Clock_Ip_SetRtcRtccClksel_TrustedCall
 .mcal_text     0x0000000000404afc      0x3c0 ./RTD/src/Clock_Ip_Specific.o
                0x0000000000404afc                Clock_Ip_McMeEnterKey
                0x0000000000404b10                Clock_Ip_PowerClockIpModules
                0x0000000000404e14                DisableFircInStandbyMode
                0x0000000000404e24                EnableFircInStandbyMode
                0x0000000000404e40                DisableSircInStandbyMode
                0x0000000000404e50                EnableSircInStandbyMode
                0x0000000000404e6c                Clock_Ip_Command
 .mcal_text     0x0000000000404ebc      0x504 ./RTD/src/Det.o
                0x0000000000404ebc                Det_Start
                0x0000000000404ebe                Det_InitDataNode
                0x0000000000404f44                Det_LinkNodeToHead
                0x0000000000404f74                Det_DelAllNodesSameId
                0x0000000000405072                Det_FreeNodesInLinkedList
                0x00000000004050a8                Det_Init
                0x00000000004052a0                Det_ReportError
                0x0000000000405300                Det_ReportRuntimeError
                0x0000000000405360                Det_ReportTransientFault
 .mcal_text     0x00000000004053c0      0x1e0 ./RTD/src/Det_stub.o
                0x00000000004053c0                Det_TestLastReportError
                0x0000000000405410                Det_TestLastReportRuntimeError
                0x0000000000405460                Det_TestLastReportTransientFault
                0x00000000004054b0                Det_TestNoError
                0x0000000000405500                Det_TestNoRuntimeError
                0x0000000000405550                Det_TestNoTransientFault
 .mcal_text     0x00000000004055a0     0x20e4 ./RTD/src/FlexCAN_Ip.o
                0x0000000000405ce8                FlexCAN_Ip_Init_Privileged
                0x0000000000405ec0                FlexCAN_Ip_Send
                0x0000000000405f38                FlexCAN_Ip_ConfigRxMb
                0x0000000000405fcc                FlexCAN_Ip_Receive
                0x000000000040601c                FlexCAN_Ip_ReceiveBlocking
                0x000000000040610c                FlexCAN_Ip_RxFifo
                0x0000000000406148                FlexCAN_Ip_RxFifoBlocking
                0x0000000000406300                FlexCAN_Ip_ConfigRxFifo_Privileged
                0x000000000040637c                FlexCAN_Ip_ConfigEnhancedRxFifo_Privileged
                0x00000000004063f8                FlexCAN_Ip_ConfigRemoteResponseMb
                0x00000000004064c0                FlexCAN_Ip_GetTransferStatus
                0x000000000040650c                FlexCAN_IRQHandler
                0x00000000004066a8                FlexCAN_Ip_ClearErrorStatus
                0x00000000004066c8                FlexCAN_Ip_GetErrorStatus
                0x00000000004066e8                FlexCAN_Ip_GetControllerTxErrorCounter
                0x0000000000406708                FlexCAN_Ip_GetControllerRxErrorCounter
                0x000000000040672c                FlexCAN_Busoff_Error_IRQHandler
                0x00000000004067e4                FlexCAN_Ip_SendBlocking
                0x0000000000406920                FlexCAN_Ip_SetRxMbGlobalMask_Privileged
                0x0000000000406978                FlexCAN_Ip_EnterFreezeMode_Privileged
                0x0000000000406988                FlexCAN_Ip_ExitFreezeMode_Privileged
                0x0000000000406998                FlexCAN_Ip_SetRxIndividualMask_Privileged
                0x0000000000406a14                FlexCAN_Ip_SetRxFifoGlobalMask_Privileged
                0x0000000000406a6c                FlexCAN_Ip_Deinit_Privileged
                0x0000000000406b74                FlexCAN_Ip_MainFunctionRead
                0x0000000000406c0c                FlexCAN_Ip_MainFunctionBusOff_Privileged
                0x0000000000406c40                FlexCAN_Ip_MainFunctionWrite
                0x0000000000406c84                FlexCAN_Ip_GetStopMode
                0x0000000000406c9c                FlexCAN_Ip_GetStartMode
                0x0000000000406cb4                FlexCAN_Ip_SetStartMode_Privileged
                0x0000000000406ce8                FlexCAN_Ip_SetStopMode_Privileged
                0x0000000000406d18                FlexCAN_Ip_SetRxMaskType_Privileged
                0x0000000000406d84                FlexCAN_Ip_SetBitrate_Privileged
                0x0000000000406e28                FlexCAN_Ip_GetBitrate
                0x0000000000406edc                FlexCAN_Ip_ClearTDCFail
                0x0000000000406f24                FlexCAN_Ip_GetTDCFail
                0x0000000000406f58                FlexCAN_Ip_GetTDCValue
                0x0000000000406f8c                FlexCAN_Ip_SetBitrateCbt_Privileged
                0x0000000000407058                FlexCAN_Ip_GetBitrateFD
                0x00000000004070f0                FlexCAN_Ip_SetTDCOffset_Privileged
                0x000000000040719c                FlexCAN_Ip_SetTxArbitrationStartDelay_Privileged
                0x0000000000407208                FlexCAN_Ip_GetBuffStatusFlag
                0x000000000040723c                FlexCAN_Ip_ClearBuffStatusFlag
                0x000000000040726c                FlexCAN_Ip_EnableInterrupts_Privileged
                0x00000000004072c0                FlexCAN_Ip_DisableInterrupts_Privileged
                0x000000000040730c                FlexCAN_Ip_SetErrorInt_Privileged
                0x00000000004073a4                FlexCAN_Ip_AbortTransfer
                0x00000000004074d8                FlexCAN_Ip_SetRxMb14Mask_Privileged
                0x0000000000407530                FlexCAN_Ip_SetRxMb15Mask_Privileged
                0x0000000000407588                FlexCAN_Ip_SetListenOnlyMode_Privileged
                0x00000000004075f8                FlexCAN_Ip_GetListenOnlyMode
                0x000000000040760c                FlexCAN_Ip_ManualBusOffRecovery
 .mcal_text     0x0000000000407684      0xf0c ./RTD/src/FlexCAN_Ip_HwAccess.o
                0x00000000004076b6                FlexCAN_ComputePayloadSize
                0x00000000004076d0                FlexCAN_GetMsgBuffRegion
                0x0000000000407720                FlexCAN_GetMaxMbNum
                0x0000000000407748                FlexCAN_EnterFreezeMode
                0x00000000004077a6                FlexCAN_Enable
                0x00000000004077f0                FlexCAN_ExitFreezeMode
                0x0000000000407842                FlexCAN_Disable
                0x0000000000407892                FlexCAN_SetErrIntCmd
                0x00000000004078fa                FlexCAN_Init
                0x00000000004079e0                FlexCAN_EnableRxFifo
                0x0000000000407a30                FlexCAN_SetPayloadSize
                0x0000000000407a9e                FlexCAN_GetMbPayloadSize
                0x0000000000407ad2                FlexCAN_LockRxMsgBuff
                0x0000000000407adc                FlexCAN_SetMsgBuffIntCmd
                0x0000000000407bb4                FLEXCAN_ClearMsgBuffIntCmd
                0x0000000000407c3c                FlexCAN_DisableInterrupts
                0x0000000000407c56                FlexCAN_EnableInterrupts
                0x0000000000407c80                FlexCAN_SetRxMsgBuff
                0x0000000000407d0c                FlexCAN_GetMsgBuffTimestamp
                0x0000000000407d18                FlexCAN_GetMsgBuff
                0x0000000000407db0                FlexCAN_SetTxMsgBuff
                0x0000000000407ec8                FlexCAN_SetMaxMsgBuffNum
                0x0000000000407f62                FlexCAN_SetOperationMode
                0x0000000000407f98                FlexCAN_SetRxFifoFilter
                0x0000000000408104                FlexCAN_ReadRxFifo
                0x0000000000408168                FlexCAN_ReadEnhancedRxFifo
                0x0000000000408210                FlexCAN_IsMbOutOfRange
                0x0000000000408230                FlexCAN_IsEnhancedRxFifoAvailable
                0x0000000000408254                FlexCAN_IsEnhancedRxFifoEnabled
                0x0000000000408266                FlexCAN_EnableEnhancedRxFifo
                0x000000000040830a                FlexCAN_SetEnhancedRxFifoFilter
                0x0000000000408494                FlexCAN_ConfigCtrlOptions
                0x0000000000408520                FlexCAN_ResetImaskBuff
                0x0000000000408538                FlexCAN_GetStopMode
                0x0000000000408540                FlexCAN_GetStartMode
                0x000000000040854e                FlexCAN_DisableMemErrorDetection
 .mcal_text     0x0000000000408590      0x114 ./RTD/src/FlexCAN_Ip_Irq.o
                0x0000000000408590                CAN0_ORED_IRQHandler
                0x0000000000408596                CAN0_ORED_0_31_MB_IRQHandler
                0x00000000004085a2                CAN0_ORED_32_63_MB_IRQHandler
                0x00000000004085ae                CAN0_ORED_64_95_MB_IRQHandler
                0x00000000004085ba                CAN1_ORED_IRQHandler
                0x00000000004085c0                CAN1_ORED_0_31_MB_IRQHandler
                0x00000000004085cc                CAN1_ORED_32_63_MB_IRQHandler
                0x00000000004085d8                CAN1_ORED_64_95_MB_IRQHandler
                0x00000000004085e4                CAN2_ORED_IRQHandler
                0x00000000004085ea                CAN2_ORED_0_31_MB_IRQHandler
                0x00000000004085f6                CAN2_ORED_32_63_MB_IRQHandler
                0x0000000000408602                CAN2_ORED_64_95_MB_IRQHandler
                0x000000000040860e                CAN3_ORED_IRQHandler
                0x0000000000408614                CAN3_ORED_0_31_MB_IRQHandler
                0x0000000000408620                CAN3_ORED_32_63_MB_IRQHandler
                0x000000000040862c                CAN4_ORED_IRQHandler
                0x0000000000408632                CAN4_ORED_0_31_MB_IRQHandler
                0x000000000040863e                CAN4_ORED_32_63_MB_IRQHandler
                0x000000000040864a                CAN5_ORED_IRQHandler
                0x0000000000408650                CAN5_ORED_0_31_MB_IRQHandler
                0x000000000040865c                CAN5_ORED_32_63_MB_IRQHandler
                0x0000000000408668                CAN6_ORED_IRQHandler
                0x000000000040866e                CAN6_ORED_0_31_MB_IRQHandler
                0x000000000040867a                CAN6_ORED_32_63_MB_IRQHandler
                0x0000000000408686                CAN7_ORED_IRQHandler
                0x000000000040868c                CAN7_ORED_0_31_MB_IRQHandler
                0x0000000000408698                CAN7_ORED_32_63_MB_IRQHandler
 .mcal_text     0x00000000004086a4      0x276 ./RTD/src/IntCtrl_Ip.o
                0x00000000004086a4                IntCtrl_Ip_InstallHandlerPrivileged
                0x00000000004086de                IntCtrl_Ip_EnableIrqPrivileged
                0x000000000040871e                IntCtrl_Ip_DisableIrqPrivileged
                0x000000000040875e                IntCtrl_Ip_SetPriorityPrivileged
                0x0000000000408792                IntCtrl_Ip_GetPriorityPrivileged
                0x00000000004087b6                IntCtrl_Ip_ClearPendingPrivileged
                0x00000000004087e6                IntCtrl_Ip_SetPendingPrivileged
                0x0000000000408816                IntCtrl_Ip_GetPendingPrivileged
                0x0000000000408846                IntCtrl_Ip_GetActivePrivileged
                0x0000000000408876                IntCtrl_Ip_Init
                0x00000000004088e2                IntCtrl_Ip_InstallHandler
                0x00000000004088e6                IntCtrl_Ip_EnableIrq
                0x00000000004088ea                IntCtrl_Ip_DisableIrq
                0x00000000004088ee                IntCtrl_Ip_SetPriority
                0x00000000004088f2                IntCtrl_Ip_GetPriority
                0x00000000004088f6                IntCtrl_Ip_ClearPending
                0x00000000004088fa                IntCtrl_Ip_SetPending
                0x00000000004088fe                IntCtrl_Ip_GetPending
                0x000000000040890c                IntCtrl_Ip_GetActive
 .mcal_text     0x000000000040891a       0x1e ./RTD/src/OsIf_Timer.o
                0x000000000040891a                OsIf_Init
                0x0000000000408922                OsIf_GetCounter
                0x0000000000408926                OsIf_GetElapsed
                0x000000000040892e                OsIf_SetTimerFrequency
                0x0000000000408930                OsIf_MicrosToTicks
 .mcal_text     0x0000000000408938       0x4c ./RTD/src/OsIf_Timer_System_Internal_Systick.o
                0x0000000000408938                OsIf_Timer_System_Internal_Init
                0x000000000040894e                OsIf_Timer_System_Internal_GetCounter
                0x000000000040895a                OsIf_Timer_System_Internal_GetElapsed
 .mcal_text     0x0000000000408984       0xc8 ./RTD/src/SchM_BaseNXP.o
                0x0000000000408984                SchM_Enter_BaseNXP_BASENXP_EXCLUSIVE_AREA_00
                0x00000000004089b8                SchM_Exit_BaseNXP_BASENXP_EXCLUSIVE_AREA_00
                0x00000000004089e8                SchM_Enter_BaseNXP_BASENXP_EXCLUSIVE_AREA_01
                0x0000000000408a1c                SchM_Exit_BaseNXP_BASENXP_EXCLUSIVE_AREA_01
 .mcal_text     0x0000000000408a4c      0x960 ./RTD/src/SchM_Can_43_FLEXCAN.o
                0x0000000000408a4c                SchM_Enter_Can_43_FLEXCAN_CAN_EXCLUSIVE_AREA_00
                0x0000000000408a80                SchM_Exit_Can_43_FLEXCAN_CAN_EXCLUSIVE_AREA_00
                0x0000000000408ab0                SchM_Enter_Can_43_FLEXCAN_CAN_EXCLUSIVE_AREA_01
                0x0000000000408ae4                SchM_Exit_Can_43_FLEXCAN_CAN_EXCLUSIVE_AREA_01
                0x0000000000408b14                SchM_Enter_Can_43_FLEXCAN_CAN_EXCLUSIVE_AREA_02
                0x0000000000408b48                SchM_Exit_Can_43_FLEXCAN_CAN_EXCLUSIVE_AREA_02
                0x0000000000408b78                SchM_Enter_Can_43_FLEXCAN_CAN_EXCLUSIVE_AREA_03
                0x0000000000408bac                SchM_Exit_Can_43_FLEXCAN_CAN_EXCLUSIVE_AREA_03
                0x0000000000408bdc                SchM_Enter_Can_43_FLEXCAN_CAN_EXCLUSIVE_AREA_04
                0x0000000000408c10                SchM_Exit_Can_43_FLEXCAN_CAN_EXCLUSIVE_AREA_04
                0x0000000000408c40                SchM_Enter_Can_43_FLEXCAN_CAN_EXCLUSIVE_AREA_05
                0x0000000000408c74                SchM_Exit_Can_43_FLEXCAN_CAN_EXCLUSIVE_AREA_05
                0x0000000000408ca4                SchM_Enter_Can_43_FLEXCAN_CAN_EXCLUSIVE_AREA_06
                0x0000000000408cd8                SchM_Exit_Can_43_FLEXCAN_CAN_EXCLUSIVE_AREA_06
                0x0000000000408d08                SchM_Enter_Can_43_FLEXCAN_CAN_EXCLUSIVE_AREA_07
                0x0000000000408d3c                SchM_Exit_Can_43_FLEXCAN_CAN_EXCLUSIVE_AREA_07
                0x0000000000408d6c                SchM_Enter_Can_43_FLEXCAN_CAN_EXCLUSIVE_AREA_08
                0x0000000000408da0                SchM_Exit_Can_43_FLEXCAN_CAN_EXCLUSIVE_AREA_08
                0x0000000000408dd0                SchM_Enter_Can_43_FLEXCAN_CAN_EXCLUSIVE_AREA_09
                0x0000000000408e04                SchM_Exit_Can_43_FLEXCAN_CAN_EXCLUSIVE_AREA_09
                0x0000000000408e34                SchM_Enter_Can_43_FLEXCAN_CAN_EXCLUSIVE_AREA_10
                0x0000000000408e68                SchM_Exit_Can_43_FLEXCAN_CAN_EXCLUSIVE_AREA_10
                0x0000000000408e98                SchM_Enter_Can_43_FLEXCAN_CAN_EXCLUSIVE_AREA_11
                0x0000000000408ecc                SchM_Exit_Can_43_FLEXCAN_CAN_EXCLUSIVE_AREA_11
                0x0000000000408efc                SchM_Enter_Can_43_FLEXCAN_CAN_EXCLUSIVE_AREA_12
                0x0000000000408f30                SchM_Exit_Can_43_FLEXCAN_CAN_EXCLUSIVE_AREA_12
                0x0000000000408f60                SchM_Enter_Can_43_FLEXCAN_CAN_EXCLUSIVE_AREA_13
                0x0000000000408f94                SchM_Exit_Can_43_FLEXCAN_CAN_EXCLUSIVE_AREA_13
                0x0000000000408fc4                SchM_Enter_Can_43_FLEXCAN_CAN_EXCLUSIVE_AREA_14
                0x0000000000408ff8                SchM_Exit_Can_43_FLEXCAN_CAN_EXCLUSIVE_AREA_14
                0x0000000000409028                SchM_Enter_Can_43_FLEXCAN_CAN_EXCLUSIVE_AREA_15
                0x000000000040905c                SchM_Exit_Can_43_FLEXCAN_CAN_EXCLUSIVE_AREA_15
                0x000000000040908c                SchM_Enter_Can_43_FLEXCAN_CAN_EXCLUSIVE_AREA_16
                0x00000000004090c0                SchM_Exit_Can_43_FLEXCAN_CAN_EXCLUSIVE_AREA_16
                0x00000000004090f0                SchM_Enter_Can_43_FLEXCAN_CAN_EXCLUSIVE_AREA_17
                0x0000000000409124                SchM_Exit_Can_43_FLEXCAN_CAN_EXCLUSIVE_AREA_17
                0x0000000000409154                SchM_Enter_Can_43_FLEXCAN_CAN_EXCLUSIVE_AREA_18
                0x0000000000409188                SchM_Exit_Can_43_FLEXCAN_CAN_EXCLUSIVE_AREA_18
                0x00000000004091b8                SchM_Enter_Can_43_FLEXCAN_CAN_EXCLUSIVE_AREA_19
                0x00000000004091ec                SchM_Exit_Can_43_FLEXCAN_CAN_EXCLUSIVE_AREA_19
                0x000000000040921c                SchM_Enter_Can_43_FLEXCAN_CAN_EXCLUSIVE_AREA_20
                0x0000000000409250                SchM_Exit_Can_43_FLEXCAN_CAN_EXCLUSIVE_AREA_20
                0x0000000000409280                SchM_Enter_Can_43_FLEXCAN_CAN_EXCLUSIVE_AREA_21
                0x00000000004092b4                SchM_Exit_Can_43_FLEXCAN_CAN_EXCLUSIVE_AREA_21
                0x00000000004092e4                SchM_Enter_Can_43_FLEXCAN_CAN_EXCLUSIVE_AREA_22
                0x0000000000409318                SchM_Exit_Can_43_FLEXCAN_CAN_EXCLUSIVE_AREA_22
                0x0000000000409348                SchM_Enter_Can_43_FLEXCAN_CAN_EXCLUSIVE_AREA_23
                0x000000000040937c                SchM_Exit_Can_43_FLEXCAN_CAN_EXCLUSIVE_AREA_23
 .mcal_text     0x00000000004093ac      0x12c ./RTD/src/SchM_Mcu.o
                0x00000000004093ac                SchM_Enter_Mcu_MCU_EXCLUSIVE_AREA_00
                0x00000000004093e0                SchM_Exit_Mcu_MCU_EXCLUSIVE_AREA_00
                0x0000000000409410                SchM_Enter_Mcu_MCU_EXCLUSIVE_AREA_01
                0x0000000000409444                SchM_Exit_Mcu_MCU_EXCLUSIVE_AREA_01
                0x0000000000409474                SchM_Enter_Mcu_MCU_EXCLUSIVE_AREA_02
                0x00000000004094a8                SchM_Exit_Mcu_MCU_EXCLUSIVE_AREA_02
 .mcal_text     0x00000000004094d8      0xaf0 ./RTD/src/SchM_Port.o
                0x00000000004094d8                SchM_Enter_Port_PORT_EXCLUSIVE_AREA_00
                0x000000000040950c                SchM_Exit_Port_PORT_EXCLUSIVE_AREA_00
                0x000000000040953c                SchM_Enter_Port_PORT_EXCLUSIVE_AREA_01
                0x0000000000409570                SchM_Exit_Port_PORT_EXCLUSIVE_AREA_01
                0x00000000004095a0                SchM_Enter_Port_PORT_EXCLUSIVE_AREA_02
                0x00000000004095d4                SchM_Exit_Port_PORT_EXCLUSIVE_AREA_02
                0x0000000000409604                SchM_Enter_Port_PORT_EXCLUSIVE_AREA_03
                0x0000000000409638                SchM_Exit_Port_PORT_EXCLUSIVE_AREA_03
                0x0000000000409668                SchM_Enter_Port_PORT_EXCLUSIVE_AREA_04
                0x000000000040969c                SchM_Exit_Port_PORT_EXCLUSIVE_AREA_04
                0x00000000004096cc                SchM_Enter_Port_PORT_EXCLUSIVE_AREA_05
                0x0000000000409700                SchM_Exit_Port_PORT_EXCLUSIVE_AREA_05
                0x0000000000409730                SchM_Enter_Port_PORT_EXCLUSIVE_AREA_06
                0x0000000000409764                SchM_Exit_Port_PORT_EXCLUSIVE_AREA_06
                0x0000000000409794                SchM_Enter_Port_PORT_EXCLUSIVE_AREA_07
                0x00000000004097c8                SchM_Exit_Port_PORT_EXCLUSIVE_AREA_07
                0x00000000004097f8                SchM_Enter_Port_PORT_EXCLUSIVE_AREA_08
                0x000000000040982c                SchM_Exit_Port_PORT_EXCLUSIVE_AREA_08
                0x000000000040985c                SchM_Enter_Port_PORT_EXCLUSIVE_AREA_09
                0x0000000000409890                SchM_Exit_Port_PORT_EXCLUSIVE_AREA_09
                0x00000000004098c0                SchM_Enter_Port_PORT_EXCLUSIVE_AREA_10
                0x00000000004098f4                SchM_Exit_Port_PORT_EXCLUSIVE_AREA_10
                0x0000000000409924                SchM_Enter_Port_PORT_EXCLUSIVE_AREA_11
                0x0000000000409958                SchM_Exit_Port_PORT_EXCLUSIVE_AREA_11
                0x0000000000409988                SchM_Enter_Port_PORT_EXCLUSIVE_AREA_12
                0x00000000004099bc                SchM_Exit_Port_PORT_EXCLUSIVE_AREA_12
                0x00000000004099ec                SchM_Enter_Port_PORT_EXCLUSIVE_AREA_13
                0x0000000000409a20                SchM_Exit_Port_PORT_EXCLUSIVE_AREA_13
                0x0000000000409a50                SchM_Enter_Port_PORT_EXCLUSIVE_AREA_14
                0x0000000000409a84                SchM_Exit_Port_PORT_EXCLUSIVE_AREA_14
                0x0000000000409ab4                SchM_Enter_Port_PORT_EXCLUSIVE_AREA_15
                0x0000000000409ae8                SchM_Exit_Port_PORT_EXCLUSIVE_AREA_15
                0x0000000000409b18                SchM_Enter_Port_PORT_EXCLUSIVE_AREA_16
                0x0000000000409b4c                SchM_Exit_Port_PORT_EXCLUSIVE_AREA_16
                0x0000000000409b7c                SchM_Enter_Port_PORT_EXCLUSIVE_AREA_17
                0x0000000000409bb0                SchM_Exit_Port_PORT_EXCLUSIVE_AREA_17
                0x0000000000409be0                SchM_Enter_Port_PORT_EXCLUSIVE_AREA_18
                0x0000000000409c14                SchM_Exit_Port_PORT_EXCLUSIVE_AREA_18
                0x0000000000409c44                SchM_Enter_Port_PORT_EXCLUSIVE_AREA_19
                0x0000000000409c78                SchM_Exit_Port_PORT_EXCLUSIVE_AREA_19
                0x0000000000409ca8                SchM_Enter_Port_PORT_EXCLUSIVE_AREA_20
                0x0000000000409cdc                SchM_Exit_Port_PORT_EXCLUSIVE_AREA_20
                0x0000000000409d0c                SchM_Enter_Port_PORT_EXCLUSIVE_AREA_21
                0x0000000000409d40                SchM_Exit_Port_PORT_EXCLUSIVE_AREA_21
                0x0000000000409d70                SchM_Enter_Port_PORT_EXCLUSIVE_AREA_22
                0x0000000000409da4                SchM_Exit_Port_PORT_EXCLUSIVE_AREA_22
                0x0000000000409dd4                SchM_Enter_Port_PORT_EXCLUSIVE_AREA_23
                0x0000000000409e08                SchM_Exit_Port_PORT_EXCLUSIVE_AREA_23
                0x0000000000409e38                SchM_Enter_Port_PORT_EXCLUSIVE_AREA_24
                0x0000000000409e6c                SchM_Exit_Port_PORT_EXCLUSIVE_AREA_24
                0x0000000000409e9c                SchM_Enter_Port_PORT_EXCLUSIVE_AREA_25
                0x0000000000409ed0                SchM_Exit_Port_PORT_EXCLUSIVE_AREA_25
                0x0000000000409f00                SchM_Enter_Port_PORT_EXCLUSIVE_AREA_26
                0x0000000000409f34                SchM_Exit_Port_PORT_EXCLUSIVE_AREA_26
                0x0000000000409f64                SchM_Enter_Port_PORT_EXCLUSIVE_AREA_27
                0x0000000000409f98                SchM_Exit_Port_PORT_EXCLUSIVE_AREA_27
 .mcal_text     0x0000000000409fc8      0x458 ./RTD/src/Siul2_Port_Ip.o
                0x000000000040a11c                Siul2_Port_Ip_Init
                0x000000000040a14c                Siul2_Port_Ip_SetPullSel
                0x000000000040a1a8                Siul2_Port_Ip_SetOutputBuffer
                0x000000000040a20e                Siul2_Port_Ip_SetInputBuffer
                0x000000000040a27e                Siul2_Port_Ip_SetPinDirection
                0x000000000040a2f6                Siul2_Port_Ip_RevertPinConfiguration
                0x000000000040a358                Siul2_Port_Ip_GetPinConfiguration
 .mcal_text     0x000000000040a420      0x11c ./RTD/src/Tspc_Port_Ip.o
                0x000000000040a420                Tspc_Port_Ip_EnableObeGroup
                0x000000000040a450                Tspc_Port_Ip_DisableObeGroup
                0x000000000040a480                Tspc_Port_Ip_MaskObeGroup
                0x000000000040a49e                Tspc_Port_Ip_ConfigureObeGroup
                0x000000000040a53c                . = ALIGN (0x4)
 *(.acmcu_code_rom)
                0x000000000040a53c                . = ALIGN (0x4)
                0x000000000040a53c                __acfls_code_rom_start = .
 *(.acfls_code_rom)
                0x000000000040a53c                . = ALIGN (0x4)
                0x000000000040a53c                __acfls_code_rom_end = .
                0x000000000040a53c                __acmem_43_infls_code_rom_start = .
 *(.acmem_43_infls_code_rom)
                0x000000000040a53c                . = ALIGN (0x4)
                0x000000000040a53c                __acmem_43_infls_code_rom_end = .
 *(.init)
                0x000000000040a53c                . = ALIGN (0x4)
 *(.fini)
                0x000000000040a53c                . = ALIGN (0x4)
 *(.rodata)
 .rodata        0x000000000040a53c        0x3 ./RTD/src/Clock_Ip_IntOsc.o
 *fill*         0x000000000040a53f        0x1 
 .rodata        0x000000000040a540       0x88 ./RTD/src/FlexCAN_Ip_HwAccess.o
 .rodata        0x000000000040a5c8        0x4 ./RTD/src/Siul2_Port_Ip.o
                0x000000000040a5c8                Port_au32Siul2BaseAddr
 .rodata        0x000000000040a5cc       0x10 ./board/dcf_config.o
                0x000000000040a5cc                dcf_commands
 .rodata        0x000000000040a5dc      0x100 ./board/ivt_config.o
                0x000000000040a5dc                ivt_binary
 .rodata        0x000000000040a6dc       0x18 ./src/main.o
 *(.rodata*)
 .rodata.str1.1
                0x000000000040a6f4       0x72 ./src/main.o
                                         0x75 (size before relaxing)
                0x000000000040a768                . = ALIGN (0x4)
 *fill*         0x000000000040a766        0x2 
 *(.mcal_const_cfg)
 .mcal_const_cfg
                0x000000000040a768      0x7fc ./generate/src/Clock_Ip_Cfg.o
                0x000000000040a768                Clock_Ip_aClockConfig
 .mcal_const_cfg
                0x000000000040af64       0x68 ./generate/src/FlexCAN_Ip_Sa_PBcfg.o
                0x000000000040af64                FlexCAN_Config0
 .mcal_const_cfg
                0x000000000040afcc       0x14 ./generate/src/IntCtrl_Ip_Cfg.o
                0x000000000040afcc                IntCtrlConfig_0
                0x000000000040afe0                . = ALIGN (0x4)
 *(.mcal_const)
 .mcal_const    0x000000000040afe0     0x12de ./RTD/src/Clock_Ip_Data.o
                0x000000000040afe0                Clock_Ip_axGateInfo
                0x000000000040b6c8                Clock_Ip_axFeatureExtensions
                0x000000000040b918                Clock_Ip_aeHwDfsName
                0x000000000040b91c                Clock_Ip_aeHwPllName
                0x000000000040b924                Clock_Ip_aeSourceTypeClockName
                0x000000000040b998                Clock_Ip_apxMcMeTriggerPartitions
                0x000000000040b9a8                Clock_Ip_apxMcMeGetPartitions
                0x000000000040b9b8                Clock_Ip_apxMcMeSetPartitions
                0x000000000040b9c8                Clock_Ip_axCmuInfo
                0x000000000040ba54                Clock_Ip_aeCmuNames
                0x000000000040ba70                Clock_Ip_apxCmu
                0x000000000040ba8c                Clock_Ip_apxPll
                0x000000000040ba9c                Clock_Ip_apxXosc
                0x000000000040baa4                Clock_Ip_apxCgmPcfs
                0x000000000040baa8                Clock_Ip_apxCgm
                0x000000000040bafc                Clock_Ip_au16SelectorEntryRtcHardwareValue
                0x000000000040bb36                Clock_Ip_au16SelectorEntryHardwareValue
                0x000000000040bb70                Clock_Ip_au8SoftwareMuxResetValue
                0x000000000040bc21                Clock_Ip_au8ClockFeatures
                0x000000000040c25a                Clock_Ip_au8CmuCallbackIndex
                0x000000000040c264                Clock_Ip_au8PcfsCallbackIndex
                0x000000000040c26e                Clock_Ip_au8SelectorCallbackIndex
                0x000000000040c278                Clock_Ip_au8PllCallbackIndex
                0x000000000040c282                Clock_Ip_au8FractionalDividerCallbackIndex
                0x000000000040c28c                Clock_Ip_au8GateCallbackIndex
                0x000000000040c296                Clock_Ip_au8IrcoscCallbackIndex
                0x000000000040c2a0                Clock_Ip_au8XoscCallbackIndex
                0x000000000040c2aa                Clock_Ip_au8DividerTriggerCallbackIndex
                0x000000000040c2b4                Clock_Ip_au8DividerCallbackIndex
 *fill*         0x000000000040c2be        0x2 
 .mcal_const    0x000000000040c2c0       0x14 ./RTD/src/Clock_Ip_Divider.o
                0x000000000040c2c0                Clock_Ip_axDividerCallbacks
 .mcal_const    0x000000000040c2d4       0x10 ./RTD/src/Clock_Ip_DividerTrigger.o
                0x000000000040c2d4                Clock_Ip_axDividerTriggerCallbacks
 .mcal_const    0x000000000040c2e4       0x30 ./RTD/src/Clock_Ip_ExtOsc.o
                0x000000000040c2e4                Clock_Ip_axExtOscCallbacks
 .mcal_const    0x000000000040c314        0xc ./RTD/src/Clock_Ip_FracDiv.o
                0x000000000040c314                Clock_Ip_axFracDivCallbacks
 .mcal_const    0x000000000040c320       0x10 ./RTD/src/Clock_Ip_Gate.o
                0x000000000040c320                Clock_Ip_axGateCallbacks
 .mcal_const    0x000000000040c330       0x30 ./RTD/src/Clock_Ip_IntOsc.o
                0x000000000040c330                Clock_Ip_axIntOscCallbacks
 .mcal_const    0x000000000040c360       0x20 ./RTD/src/Clock_Ip_Monitor.o
                0x000000000040c360                Clock_Ip_axCmuCallbacks
 .mcal_const    0x000000000040c380       0x3c ./RTD/src/Clock_Ip_Pll.o
                0x000000000040c380                Clock_Ip_axPllCallbacks
 .mcal_const    0x000000000040c3bc        0x8 ./RTD/src/Clock_Ip_ProgFreqSwitch.o
                0x000000000040c3bc                Clock_Ip_axPcfsCallbacks
 .mcal_const    0x000000000040c3c4       0x28 ./RTD/src/Clock_Ip_Selector.o
                0x000000000040c3c4                Clock_Ip_axSelectorCallbacks
 .mcal_const    0x000000000040c3ec       0x20 ./RTD/src/FlexCAN_Ip.o
                0x000000000040c40c                . = ALIGN (0x4)
                0x000000000040c40c                __init_table = .
 *(.init_table)
 .init_table    0x000000000040c40c       0x4c ./Project_Settings/Startup_Code/startup_cm7.o
                0x000000000040c458                . = ALIGN (0x4)
                0x000000000040c458                __zero_table = .
 *(.zero_table)
 .zero_table    0x000000000040c458       0x1c ./Project_Settings/Startup_Code/startup_cm7.o

.ARM.extab      0x000000000040c474        0x0
 .ARM.extab     0x000000000040c474        0x0 /home/kj/NXP/S32DS.3.6.7/S32DS/build_tools/gcc_v10.2/gcc-10.2-arm32-eabi/bin/../lib/gcc/arm-none-eabi/10.2.0/thumb/v7e-m+fp/hard/libgcc.a(_udivmoddi4.o)

.ARM.exidx      0x000000000040c474        0x8
 .ARM.exidx     0x000000000040c474        0x8 /home/kj/NXP/S32DS.3.6.7/S32DS/build_tools/gcc_v10.2/gcc-10.2-arm32-eabi/bin/../lib/gcc/arm-none-eabi/10.2.0/thumb/v7e-m+fp/hard/libgcc.a(_udivmoddi4.o)

.glue_7         0x000000000040c47c        0x0
 .glue_7        0x000000000040c47c        0x0 linker stubs

.glue_7t        0x000000000040c47c        0x0
 .glue_7t       0x000000000040c47c        0x0 linker stubs

.vfp11_veneer   0x000000000040c47c        0x0
 .vfp11_veneer  0x000000000040c47c        0x0 linker stubs

.v4_bx          0x000000000040c47c        0x0
 .v4_bx         0x000000000040c47c        0x0 linker stubs

.iplt           0x000000000040c47c        0x0
 .iplt          0x000000000040c47c        0x0 ./Project_Settings/Startup_Code/Vector_Table.o

.rel.dyn        0x000000000040c47c        0x0
 .rel.iplt      0x000000000040c47c        0x0 ./Project_Settings/Startup_Code/Vector_Table.o
                0x000000000040c47c                . = ALIGN (0x4)
                0x000000000040c47c                __text_end = .
                0x000000000040c47c                __sram_data_rom = __text_end

.sram_bss       0x0000000020400000      0xf54
                0x0000000020400000                . = ALIGN (0x8)
                0x0000000020400000                __standby_ram_begin__ = .
 *(.standby_data)
                0x0000000020400000                . = ALIGN (0x8)
                0x0000000020400000                __standby_ram_end__ = .
                0x0000000020400000                . = ALIGN (0x10)
                0x0000000020400000                __sram_bss_start = .
 *(.bss)
 .bss           0x0000000020400000        0x0 ./Project_Settings/Startup_Code/Vector_Table.o
 .bss           0x0000000020400000        0x0 ./Project_Settings/Startup_Code/exceptions.o
 .bss           0x0000000020400000        0x0 ./Project_Settings/Startup_Code/nvic.o
 .bss           0x0000000020400000        0x0 ./Project_Settings/Startup_Code/startup.o
 .bss           0x0000000020400000        0x0 ./Project_Settings/Startup_Code/startup_cm7.o
 .bss           0x0000000020400000       0x80 ./Project_Settings/Startup_Code/system.o
                0x0000000020400000                rbar
                0x0000000020400040                rasr
 .bss           0x0000000020400080        0x0 ./RTD/src/Clock_Ip.o
 .bss           0x0000000020400080        0x0 ./RTD/src/Clock_Ip_Data.o
 .bss           0x0000000020400080        0x0 ./RTD/src/Clock_Ip_Divider.o
 .bss           0x0000000020400080        0x0 ./RTD/src/Clock_Ip_DividerTrigger.o
 .bss           0x0000000020400080        0x0 ./RTD/src/Clock_Ip_ExtOsc.o
 .bss           0x0000000020400080        0x0 ./RTD/src/Clock_Ip_FracDiv.o
 .bss           0x0000000020400080        0x0 ./RTD/src/Clock_Ip_Frequency.o
 .bss           0x0000000020400080        0x0 ./RTD/src/Clock_Ip_Gate.o
 .bss           0x0000000020400080        0x0 ./RTD/src/Clock_Ip_IntOsc.o
 .bss           0x0000000020400080        0x0 ./RTD/src/Clock_Ip_Irq.o
 .bss           0x0000000020400080        0x0 ./RTD/src/Clock_Ip_Monitor.o
 .bss           0x0000000020400080        0x0 ./RTD/src/Clock_Ip_Pll.o
 .bss           0x0000000020400080        0x0 ./RTD/src/Clock_Ip_ProgFreqSwitch.o
 .bss           0x0000000020400080        0x0 ./RTD/src/Clock_Ip_Selector.o
 .bss           0x0000000020400080        0x0 ./RTD/src/Clock_Ip_Specific.o
 .bss           0x0000000020400080        0x0 ./RTD/src/Det.o
 .bss           0x0000000020400080        0x0 ./RTD/src/Det_stub.o
 .bss           0x0000000020400080        0x0 ./RTD/src/FlexCAN_Ip.o
 .bss           0x0000000020400080        0x0 ./RTD/src/FlexCAN_Ip_HwAccess.o
 .bss           0x0000000020400080        0x0 ./RTD/src/FlexCAN_Ip_Irq.o
 .bss           0x0000000020400080        0x0 ./RTD/src/Igf_Port_Ip.o
 .bss           0x0000000020400080        0x0 ./RTD/src/IntCtrl_Ip.o
 .bss           0x0000000020400080        0x0 ./RTD/src/OsIf_Interrupts.o
 .bss           0x0000000020400080        0x0 ./RTD/src/OsIf_Software_Semaphore.o
 .bss           0x0000000020400080        0x0 ./RTD/src/OsIf_Timer.o
 .bss           0x0000000020400080        0x0 ./RTD/src/OsIf_Timer_System.o
 .bss           0x0000000020400080        0x0 ./RTD/src/OsIf_Timer_System_Internal_Systick.o
 .bss           0x0000000020400080        0x0 ./RTD/src/SchM_BaseNXP.o
 .bss           0x0000000020400080        0x0 ./RTD/src/SchM_Can_43_FLEXCAN.o
 .bss           0x0000000020400080        0x0 ./RTD/src/SchM_Mcu.o
 .bss           0x0000000020400080        0x0 ./RTD/src/SchM_Port.o
 .bss           0x0000000020400080        0x0 ./RTD/src/Siul2_Port_Ip.o
 .bss           0x0000000020400080        0x0 ./RTD/src/Tspc_Port_Ip.o
 .bss           0x0000000020400080        0x0 ./board/Siul2_Port_Ip_Cfg.o
 .bss           0x0000000020400080        0x0 ./board/Tspc_Port_Ip_Cfg.o
 .bss           0x0000000020400080        0x0 ./board/dcf_config.o
 .bss           0x0000000020400080        0x0 ./board/ivt_config.o
 .bss           0x0000000020400080        0x0 ./generate/src/Clock_Ip_Cfg.o
 .bss           0x0000000020400080        0x0 ./generate/src/FlexCAN_Ip_Sa_PBcfg.o
 .bss           0x0000000020400080        0x0 ./generate/src/Igf_Port_Ip_Cfg.o
 .bss           0x0000000020400080        0x0 ./generate/src/IntCtrl_Ip_Cfg.o
 .bss           0x0000000020400080        0x0 ./generate/src/OsIf_Cfg.o
 .bss           0x0000000020400080      0x326 ./src/main.o
                0x0000000020400080                u8RxIndicationCnt
                0x0000000020400081                bRxFlag
                0x0000000020400084                aRxDataBuffer
                0x00000000204003a4                u8TxConfirmCnt
                0x00000000204003a5                bTxFlag
 .bss           0x00000000204003a6        0x0 /home/kj/NXP/S32DS.3.6.7/S32DS/build_tools/gcc_v10.2/gcc-10.2-arm32-eabi/bin/../lib/gcc/arm-none-eabi/10.2.0/../../../../arm-none-eabi/lib/thumb/v7e-m+fp/hard/libc_nano.a(lib_a-memmove.o)
 .bss           0x00000000204003a6        0x0 /home/kj/NXP/S32DS.3.6.7/S32DS/build_tools/gcc_v10.2/gcc-10.2-arm32-eabi/bin/../lib/gcc/arm-none-eabi/10.2.0/../../../../arm-none-eabi/lib/thumb/v7e-m+fp/hard/libc_nano.a(lib_a-memset.o)
 .bss           0x00000000204003a6        0x0 /home/kj/NXP/S32DS.3.6.7/S32DS/build_tools/gcc_v10.2/gcc-10.2-arm32-eabi/bin/../lib/gcc/arm-none-eabi/10.2.0/thumb/v7e-m+fp/hard/libgcc.a(_aeabi_ldivmod.o)
 .bss           0x00000000204003a6        0x0 /home/kj/NXP/S32DS.3.6.7/S32DS/build_tools/gcc_v10.2/gcc-10.2-arm32-eabi/bin/../lib/gcc/arm-none-eabi/10.2.0/thumb/v7e-m+fp/hard/libgcc.a(_aeabi_uldivmod.o)
 .bss           0x00000000204003a6        0x0 /home/kj/NXP/S32DS.3.6.7/S32DS/build_tools/gcc_v10.2/gcc-10.2-arm32-eabi/bin/../lib/gcc/arm-none-eabi/10.2.0/thumb/v7e-m+fp/hard/libgcc.a(_udivmoddi4.o)
 .bss           0x00000000204003a6        0x0 /home/kj/NXP/S32DS.3.6.7/S32DS/build_tools/gcc_v10.2/gcc-10.2-arm32-eabi/bin/../lib/gcc/arm-none-eabi/10.2.0/thumb/v7e-m+fp/hard/libgcc.a(_dvmd_tls.o)
 *(.bss*)
                0x00000000204003b0                . = ALIGN (0x10)
 *fill*         0x00000000204003a6        0xa 
 *(.mcal_bss)
 .mcal_bss      0x00000000204003b0        0x4 ./Project_Settings/Startup_Code/system.o
                0x00000000204003b0                RESET_CATCH_CORE
 .mcal_bss      0x00000000204003b4       0xbd ./RTD/src/Clock_Ip.o
                0x00000000204003b8                Clock_Ip_FreqIds
                0x000000002040046c                Clock_Ip_pxConfig
 *fill*         0x0000000020400471        0x3 
 .mcal_bss      0x0000000020400474       0x10 ./RTD/src/Clock_Ip_Monitor.o
 *fill*         0x0000000020400484        0x4 
 .mcal_bss      0x0000000020400488        0x8 ./RTD/src/Clock_Ip_ProgFreqSwitch.o
 .mcal_bss      0x0000000020400490        0xc ./RTD/src/Clock_Ip_Specific.o
 .mcal_bss      0x000000002040049c       0x20 ./RTD/src/FlexCAN_Ip.o
 .mcal_bss      0x00000000204004bc      0x460 ./RTD/src/FlexCAN_Ip_HwAccess.o
 .mcal_bss      0x000000002040091c        0x8 ./RTD/src/Siul2_Port_Ip.o
 .mcal_bss      0x0000000020400924      0x630 ./generate/src/FlexCAN_Ip_Sa_PBcfg.o
                0x0000000020400924                FlexCAN_State0
                0x0000000020400f54                . = ALIGN (0x4)
                0x0000000020400f54                __sram_bss_end = .

.sram_data      0x0000000020400f54       0x24 load address 0x000000000040c47c
                0x0000000020400f54                . = ALIGN (0x4)
                0x0000000020400f54                __sram_data_begin__ = .
                0x0000000020400f54                . = ALIGN (0x4)
 *(.ramcode)
                0x0000000020400f54                . = ALIGN (0x4)
 *(.data)
 .data          0x0000000020400f54        0x0 ./Project_Settings/Startup_Code/Vector_Table.o
 .data          0x0000000020400f54        0x0 ./Project_Settings/Startup_Code/exceptions.o
 .data          0x0000000020400f54        0x0 ./Project_Settings/Startup_Code/nvic.o
 .data          0x0000000020400f54        0x0 ./Project_Settings/Startup_Code/startup.o
 .data          0x0000000020400f54        0x0 ./Project_Settings/Startup_Code/startup_cm7.o
 .data          0x0000000020400f54        0x0 ./Project_Settings/Startup_Code/system.o
 .data          0x0000000020400f54        0x4 ./RTD/src/Clock_Ip.o
 .data          0x0000000020400f58        0x0 ./RTD/src/Clock_Ip_Data.o
 .data          0x0000000020400f58        0x0 ./RTD/src/Clock_Ip_Divider.o
 .data          0x0000000020400f58        0x0 ./RTD/src/Clock_Ip_DividerTrigger.o
 .data          0x0000000020400f58        0x0 ./RTD/src/Clock_Ip_ExtOsc.o
 .data          0x0000000020400f58        0x0 ./RTD/src/Clock_Ip_FracDiv.o
 .data          0x0000000020400f58        0x0 ./RTD/src/Clock_Ip_Frequency.o
 .data          0x0000000020400f58        0x0 ./RTD/src/Clock_Ip_Gate.o
 .data          0x0000000020400f58        0x0 ./RTD/src/Clock_Ip_IntOsc.o
 .data          0x0000000020400f58        0x0 ./RTD/src/Clock_Ip_Irq.o
 .data          0x0000000020400f58        0x0 ./RTD/src/Clock_Ip_Monitor.o
 .data          0x0000000020400f58        0x0 ./RTD/src/Clock_Ip_Pll.o
 .data          0x0000000020400f58        0x0 ./RTD/src/Clock_Ip_ProgFreqSwitch.o
 .data          0x0000000020400f58        0x0 ./RTD/src/Clock_Ip_Selector.o
 .data          0x0000000020400f58        0x0 ./RTD/src/Clock_Ip_Specific.o
 .data          0x0000000020400f58        0x0 ./RTD/src/Det.o
 .data          0x0000000020400f58        0x0 ./RTD/src/Det_stub.o
 .data          0x0000000020400f58        0x0 ./RTD/src/FlexCAN_Ip.o
 .data          0x0000000020400f58        0x0 ./RTD/src/FlexCAN_Ip_HwAccess.o
 .data          0x0000000020400f58        0x0 ./RTD/src/FlexCAN_Ip_Irq.o
 .data          0x0000000020400f58        0x0 ./RTD/src/Igf_Port_Ip.o
 .data          0x0000000020400f58        0x0 ./RTD/src/IntCtrl_Ip.o
 .data          0x0000000020400f58        0x0 ./RTD/src/OsIf_Interrupts.o
 .data          0x0000000020400f58        0x0 ./RTD/src/OsIf_Software_Semaphore.o
 .data          0x0000000020400f58        0x0 ./RTD/src/OsIf_Timer.o
 .data          0x0000000020400f58        0x0 ./RTD/src/OsIf_Timer_System.o
 .data          0x0000000020400f58        0x0 ./RTD/src/OsIf_Timer_System_Internal_Systick.o
 .data          0x0000000020400f58        0x0 ./RTD/src/SchM_BaseNXP.o
 .data          0x0000000020400f58        0x0 ./RTD/src/SchM_Can_43_FLEXCAN.o
 .data          0x0000000020400f58        0x0 ./RTD/src/SchM_Mcu.o
 .data          0x0000000020400f58        0x0 ./RTD/src/SchM_Port.o
 .data          0x0000000020400f58        0x0 ./RTD/src/Siul2_Port_Ip.o
 .data          0x0000000020400f58        0x0 ./RTD/src/Tspc_Port_Ip.o
 .data          0x0000000020400f58        0x0 ./board/Siul2_Port_Ip_Cfg.o
 .data          0x0000000020400f58        0x0 ./board/Tspc_Port_Ip_Cfg.o
 .data          0x0000000020400f58        0x0 ./board/dcf_config.o
 .data          0x0000000020400f58        0x0 ./board/ivt_config.o
 .data          0x0000000020400f58        0x0 ./generate/src/Clock_Ip_Cfg.o
 .data          0x0000000020400f58        0x0 ./generate/src/FlexCAN_Ip_Sa_PBcfg.o
 .data          0x0000000020400f58        0x0 ./generate/src/Igf_Port_Ip_Cfg.o
 .data          0x0000000020400f58        0x0 ./generate/src/IntCtrl_Ip_Cfg.o
 .data          0x0000000020400f58        0x0 ./generate/src/OsIf_Cfg.o
 .data          0x0000000020400f58       0x20 ./src/main.o
                0x0000000020400f58                RxInfo
                0x0000000020400f64                TxInfo
                0x0000000020400f70                au8Data
 .data          0x0000000020400f78        0x0 /home/kj/NXP/S32DS.3.6.7/S32DS/build_tools/gcc_v10.2/gcc-10.2-arm32-eabi/bin/../lib/gcc/arm-none-eabi/10.2.0/../../../../arm-none-eabi/lib/thumb/v7e-m+fp/hard/libc_nano.a(lib_a-memmove.o)
 .data          0x0000000020400f78        0x0 /home/kj/NXP/S32DS.3.6.7/S32DS/build_tools/gcc_v10.2/gcc-10.2-arm32-eabi/bin/../lib/gcc/arm-none-eabi/10.2.0/../../../../arm-none-eabi/lib/thumb/v7e-m+fp/hard/libc_nano.a(lib_a-memset.o)
 .data          0x0000000020400f78        0x0 /home/kj/NXP/S32DS.3.6.7/S32DS/build_tools/gcc_v10.2/gcc-10.2-arm32-eabi/bin/../lib/gcc/arm-none-eabi/10.2.0/thumb/v7e-m+fp/hard/libgcc.a(_aeabi_ldivmod.o)
 .data          0x0000000020400f78        0x0 /home/kj/NXP/S32DS.3.6.7/S32DS/build_tools/gcc_v10.2/gcc-10.2-arm32-eabi/bin/../lib/gcc/arm-none-eabi/10.2.0/thumb/v7e-m+fp/hard/libgcc.a(_aeabi_uldivmod.o)
 .data          0x0000000020400f78        0x0 /home/kj/NXP/S32DS.3.6.7/S32DS/build_tools/gcc_v10.2/gcc-10.2-arm32-eabi/bin/../lib/gcc/arm-none-eabi/10.2.0/thumb/v7e-m+fp/hard/libgcc.a(_udivmoddi4.o)
 .data          0x0000000020400f78        0x0 /home/kj/NXP/S32DS.3.6.7/S32DS/build_tools/gcc_v10.2/gcc-10.2-arm32-eabi/bin/../lib/gcc/arm-none-eabi/10.2.0/thumb/v7e-m+fp/hard/libgcc.a(_dvmd_tls.o)
 *(.data*)
                0x0000000020400f78                . = ALIGN (0x4)
 *(.mcal_data)
                0x0000000020400f78                . = ALIGN (0x4)
                0x0000000020400f78                __sram_data_end__ = .
                0x000000000040c4a0                __sram_data_rom_end = (__sram_data_rom + (__sram_data_end__ - __sram_data_begin__))

.heap           0x0000000020400f78     0x2000 load address 0x000000000040c4a0
                0x0000000000000000                . = (. + ALIGN (0x4))
                0x0000000020400f78                _end = .
                0x0000000020400f78                end = .
                0x0000000020400f78                _heap_start = .
                0x0000000000002000                . = (. + HEAP_SIZE)
 *fill*         0x0000000020400f78     0x2000 
                0x0000000020402f78                _heap_end = .

.acfls_code_ram
                0x000000002047ff00        0x0
                0x000000002047ff00                __acfls_code_ram_start = .
 *(.acfls_code_ram)
                0x000000002047ff00                __acfls_code_ram_end = .
                0x000000002047ff00                __acmem_43_infls_code_ram_start = .
 *(.acmem_43_infls_code_ram)
                0x000000002047ff00                __acmem_43_infls_code_ram_end = .
                0x000000000040c4a0                __non_cacheable_data_rom = __sram_data_rom_end

.non_cacheable_data
                0x0000000020480000        0x4 load address 0x000000000040c4a0
                0x0000000020480000                . = ALIGN (0x4)
                0x0000000020480000                __non_cacheable_data_start__ = .
 *(.mcal_data_no_cacheable)
                0x0000000020480000                . = ALIGN (0x4)
 *(.mcal_const_no_cacheable)
                0x0000000020480000                . = ALIGN (0x4)
                0x0000000020480000                HSE_LOOP_ADDR = .
                0x0000000020480000        0x4 LONG 0x0
                0x0000000020480004                __non_cacheable_data_end__ = .
                0x000000000040c4a4                __non_cacheable_data_rom_end = (__non_cacheable_data_rom + (__non_cacheable_data_end__ - __non_cacheable_data_start__))

.igot.plt       0x0000000020480004        0x0 load address 0x000000000040c4a4
 .igot.plt      0x0000000020480004        0x0 ./Project_Settings/Startup_Code/Vector_Table.o

.non_cacheable_bss
                0x0000000020480004      0xecc load address 0x000000000040c4a4
                0x0000000020480010                . = ALIGN (0x10)
 *fill*         0x0000000020480004        0xc 
                0x0000000020480010                __non_cacheable_bss_start = .
 *(.mcal_bss_no_cacheable)
 .mcal_bss_no_cacheable
                0x0000000020480010      0x7a0 ./RTD/src/Det.o
                0x0000000020480010                Det_NextIdxList
                0x0000000020480060                Det_RuntimeErrorId
                0x0000000020480088                Det_aErrorState
                0x00000000204801a8                Det_Runtime_NextIdxList
                0x00000000204801f8                Det_aRuntimeErrorState
                0x0000000020480318                Det_ModuleId
                0x0000000020480368                Det_numTransientEventErrors
                0x0000000020480388                Det_TransientInstanceId
                0x00000000204803b0                Det_RuntimeModuleId
                0x0000000020480400                Det_TransientFaultId
                0x0000000020480428                Det_OverflowErrorFlag
                0x0000000020480430                Det_Transient_Head
                0x0000000020480440                Det_RuntimeInstanceId
                0x0000000020480468                Det_ModuleState
                0x0000000020480488                Det_OverflowRuntimeErrorFlag
                0x0000000020480490                Det_RuntimeApiId
                0x00000000204804b8                Det_OverflowTransientErrorFlag
                0x00000000204804c0                Det_Head
                0x00000000204804d0                Det_numEventErrors
                0x00000000204804f0                Det_Runtime_Head
                0x0000000020480500                Det_Tail
                0x0000000020480510                Det_InstanceId
                0x0000000020480538                Det_numRuntimeEventErrors
                0x0000000020480558                Det_Runtime_Tail
                0x0000000020480568                Det_TransientApiId
                0x0000000020480590                Det_ApiId
                0x00000000204805b8                Det_Transient_NextIdxList
                0x0000000020480608                Det_aTransientErrorState
                0x0000000020480728                Det_Transient_Tail
                0x0000000020480738                Det_ErrorId
                0x0000000020480760                Det_TransientModuleId
 .mcal_bss_no_cacheable
                0x00000000204807b0       0x40 ./RTD/src/SchM_BaseNXP.o
 .mcal_bss_no_cacheable
                0x00000000204807f0      0x300 ./RTD/src/SchM_Can_43_FLEXCAN.o
 .mcal_bss_no_cacheable
                0x0000000020480af0       0x60 ./RTD/src/SchM_Mcu.o
 .mcal_bss_no_cacheable
                0x0000000020480b50      0x380 ./RTD/src/SchM_Port.o
                0x0000000020480ed0                . = ALIGN (0x4)
                0x0000000020480ed0                __non_cacheable_bss_end = .

.int_results    0x00000000204bbf00      0x100
                0x00000000204bbf00                . = ALIGN (0x4)
 *(.int_results)
                0x00000000204bc000                . = (. + 0x100)
 *fill*         0x00000000204bbf00      0x100 
                0x000000000040c4a4                __shareable_data_rom = __non_cacheable_data_rom_end

.shareable_data
                0x00000000204bc000        0x0 load address 0x000000000040c4a4
                0x00000000204bc000                . = ALIGN (0x4)
                0x00000000204bc000                __shareable_data_start__ = .
 *(.mcal_shared_data)
                0x00000000204bc000                . = ALIGN (0x4)
                0x00000000204bc000                __shareable_data_end__ = .
                0x000000000040c4a4                __shareable_data_rom_end = (__shareable_data_rom + (__shareable_data_end__ - __shareable_data_start__))

.int_vector     0x0000000020000000      0x408
                0x0000000020000000                . = ALIGN (0x800)
                0x0000000020000000                __interrupts_ram_start = .
                0x0000000020000408                . = (. + (__interrupts_init_end - __interrupts_init_start))
 *fill*         0x0000000020000000      0x408 
                0x0000000020000408                . = ALIGN (0x4)
                0x0000000020000408                __interrupts_ram_end = .
                0x000000000040c4a4                __tcm_data_rom = __shareable_data_rom_end

.data_tcm_data  0x0000000020000408        0x0 load address 0x000000000040c4a4
                0x0000000020000408                . = ALIGN (0x4)
                0x0000000020000408                __dtcm_data_start__ = .
 *(.dtcm_data*)
                0x0000000020000408                . = ALIGN (0x4)
                0x0000000020000408                __dtcm_data_end__ = .
                0x000000000040c4a4                __tcm_data_rom_end = (__tcm_data_rom + (__dtcm_data_end__ - __dtcm_data_start__))

.bss_tcm_data   0x0000000020000408        0x0
                0x0000000020000408                . = ALIGN (0x4)
                0x0000000020000408                __dtcm_bss_start__ = .
 *(.dtcm_bss*)
                0x0000000020000408                . = ALIGN (0x4)
                0x0000000020000408                __dtcm_bss_end__ = .
                0x000000000040c4a4                __tcm_code_rom_start = __tcm_data_rom_end

.itcm_text      0x0000000000000000        0x0 load address 0x000000000040c4a4
                0x0000000000000000                . = ALIGN (0x4)
                0x0000000000000000                __itcm_start__ = .
 *(.itcm_text*)
                0x0000000000000000                . = ALIGN (0x4)
                0x0000000000000000                __itcm_end__ = .
                0x000000000040c4a4                __tcm_code_rom_end = (__tcm_code_rom_start + (__itcm_end__ - __itcm_start__))

.shareable_bss  0x00000000204bc000        0x0
                0x00000000204bc000                . = ALIGN (0x10)
                0x00000000204bc000                __shareable_bss_start = .
 *(.mcal_shared_bss)
                0x00000000204bc000                . = ALIGN (0x4)
                0x00000000204bc000                __shareable_bss_end = .
                0x000000002000f000                __Stack_dtcm_end = ORIGIN (int_stack_dtcm)
                0x0000000020010000                __Stack_dtcm_start = (ORIGIN (int_stack_dtcm) + LENGTH (int_stack_dtcm))
                0x0000000020400000                __INT_SRAM_START = ORIGIN (int_sram)
                0x00000000204c0000                __INT_SRAM_END = ORIGIN (ram_rsvd2)
                0x0000000000000000                __INT_ITCM_START = ORIGIN (int_itcm)
                0x0000000000008000                __INT_ITCM_END = (ORIGIN (int_itcm) + LENGTH (int_itcm))
                0x0000000020000000                __INT_DTCM_START = ORIGIN (int_dtcm)
                0x0000000020010000                __INT_DTCM_END = ((ORIGIN (int_dtcm) + LENGTH (int_dtcm)) + LENGTH (int_stack_dtcm))
                0x00000000204bc000                __RAM_SHAREABLE_START = __shareable_data_start__
                0x000000000000000e                __RAM_SHAREABLE_SIZE = 0xe
                0x000000000040c4a4                __ROM_SHAREABLE_START = __shareable_data_rom
                0x000000000040c4a4                __ROM_SHAREABLE_END = __shareable_data_rom_end
                0x0000000020480000                __RAM_NO_CACHEABLE_START = __non_cacheable_data_start__
                0x0000000000000012                __RAM_NO_CACHEABLE_SIZE = 0x12
                0x000000000040c4a0                __ROM_NO_CACHEABLE_START = __non_cacheable_data_rom
                0x000000000040c4a4                __ROM_NO_CACHEABLE_END = __non_cacheable_data_rom_end
                0x0000000020400f54                __RAM_CACHEABLE_START = __sram_data_begin__
                0x0000000000000013                __RAM_CACHEABLE_SIZE = 0x13
                0x000000000040c47c                __ROM_CACHEABLE_START = __sram_data_rom
                0x000000000040c4a0                __ROM_CACHEABLE_END = __sram_data_rom_end
                0x0000000000400000                __ROM_CODE_START = ORIGIN (int_pflash)
                0x0000000010000000                __ROM_DATA_START = ORIGIN (int_dflash)
                0x0000000020400000                __BSS_SRAM_START = __sram_bss_start
                0x0000000020400f54                __BSS_SRAM_END = __sram_bss_end
                0x0000000000000f54                __BSS_SRAM_SIZE = (__sram_bss_end - __sram_bss_start)
                0x0000000020480010                __BSS_SRAM_NC_START = __non_cacheable_bss_start
                0x0000000000000ec0                __BSS_SRAM_NC_SIZE = (__non_cacheable_bss_end - __non_cacheable_bss_start)
                0x0000000020480ed0                __BSS_SRAM_NC_END = __non_cacheable_bss_end
                0x00000000204bc000                __BSS_SRAM_SH_START = __shareable_bss_start
                0x0000000000000000                __BSS_SRAM_SH_SIZE = (__shareable_bss_end - __shareable_bss_start)
                0x00000000204bc000                __BSS_SRAM_SH_END = __shareable_bss_end
                0x0000000020000000                __RAM_INTERRUPT_START = __interrupts_ram_start
                0x0000000000402000                __INIT_INTERRUPT_START = __interrupts_init_start
                0x0000000000402408                __INIT_INTERRUPT_END = __interrupts_init_end
                0x0000000000000000                __RAM_ITCM_START = __itcm_start__
                0x000000000040c4a4                __ROM_ITCM_START = __tcm_code_rom_start
                0x000000000040c4a4                __ROM_ITCM_END = __tcm_code_rom_end
                0x0000000020000408                __RAM_DTCM_DATA_START = __dtcm_data_start__
                0x000000000040c4a4                __ROM_DTCM_DATA_START = __tcm_data_rom
                0x000000000040c4a4                __ROM_DTCM_END = __tcm_data_rom_end
                0x000000000040c40c                __INIT_TABLE = __init_table
                0x000000000040c458                __ZERO_TABLE = __zero_table
                0x0000000000000001                __RAM_INIT = 0x1
                0x0000000000000001                __ITCM_INIT = 0x1
                0x0000000000000001                __DTCM_INIT = 0x1
                0x000000000040a53c                Fls_ACEraseRomStart = __acfls_code_rom_start
                0x000000000040a53c                Fls_ACEraseRomEnd = __acfls_code_rom_end
                0x0000000000000000                Fls_ACEraseSize = ((__acfls_code_rom_end - __acfls_code_rom_start) / 0x4)
                0x000000000040a53c                Fls_ACWriteRomStart = __acfls_code_rom_start
                0x000000000040a53c                Fls_ACWriteRomEnd = __acfls_code_rom_end
                0x0000000000000000                Fls_ACWriteSize = ((__acfls_code_rom_end - __acfls_code_rom_start) / 0x4)
                0x000000002047ff00                _ERASE_FUNC_ADDRESS_ = __acfls_code_ram_start
                0x000000002047ff00                _WRITE_FUNC_ADDRESS_ = __acfls_code_ram_start
                0x000000000040a53c                Mem_43_INFLS_ACEraseRomStart = __acmem_43_infls_code_rom_start
                0x000000000040a53c                Mem_43_INFLS_ACEraseRomEnd = __acmem_43_infls_code_rom_end
                0x0000000000000000                Mem_43_INFLS_ACEraseSize = (((__acmem_43_infls_code_rom_end - __acmem_43_infls_code_rom_start) + 0x3) / 0x4)
                0x000000000040a53c                Mem_43_INFLS_ACWriteRomStart = __acmem_43_infls_code_rom_start
                0x000000000040a53c                Mem_43_INFLS_ACWriteRomEnd = __acmem_43_infls_code_rom_end
                0x0000000000000000                Mem_43_INFLS_ACWriteSize = (((__acmem_43_infls_code_rom_end - __acmem_43_infls_code_rom_start) + 0x3) / 0x4)
                0x000000002047ff00                _MEM_43_INFLS_ERASE_FUNC_ADDRESS_ = __acmem_43_infls_code_ram_start
                0x000000002047ff00                _MEM_43_INFLS_WRITE_FUNC_ADDRESS_ = __acmem_43_infls_code_ram_start
                0x0000000000402000                __ENTRY_VTABLE = __INIT_INTERRUPT_START
                0x0000000000402000                __CORE0_VTOR = __INIT_INTERRUPT_START
                0x0000000000402000                __CORE1_VTOR = __INIT_INTERRUPT_START
                0x0000000000402000                __CORE2_VTOR = __INIT_INTERRUPT_START
                0x0000000000402000                __CORE3_VTOR = __INIT_INTERRUPT_START
                0x0000000000000003                __INDEX_COPY_CORE2 = 0x3
                0x0000000000000001                ASSERT ((__standby_ram_end__ <= __STANDBY_RAM_LIMIT_END), Memory for standby ram overflow)
OUTPUT(FlexCAN_Ip_Example_S32K388.elf elf32-littlearm)
LOAD linker stubs

.ARM.attributes
                0x0000000000000000       0x30
 .ARM.attributes
                0x0000000000000000       0x20 ./Project_Settings/Startup_Code/Vector_Table.o
 .ARM.attributes
                0x0000000000000020       0x34 ./Project_Settings/Startup_Code/exceptions.o
 .ARM.attributes
                0x0000000000000054       0x34 ./Project_Settings/Startup_Code/nvic.o
 .ARM.attributes
                0x0000000000000088       0x34 ./Project_Settings/Startup_Code/startup.o
 .ARM.attributes
                0x00000000000000bc       0x1f ./Project_Settings/Startup_Code/startup_cm7.o
 .ARM.attributes
                0x00000000000000db       0x34 ./Project_Settings/Startup_Code/system.o
 .ARM.attributes
                0x000000000000010f       0x34 ./RTD/src/Clock_Ip.o
 .ARM.attributes
                0x0000000000000143       0x39 ./RTD/src/Clock_Ip_Data.o
 .ARM.attributes
                0x000000000000017c       0x34 ./RTD/src/Clock_Ip_Divider.o
 .ARM.attributes
                0x00000000000001b0       0x34 ./RTD/src/Clock_Ip_DividerTrigger.o
 .ARM.attributes
                0x00000000000001e4       0x34 ./RTD/src/Clock_Ip_ExtOsc.o
 .ARM.attributes
                0x0000000000000218       0x34 ./RTD/src/Clock_Ip_FracDiv.o
 .ARM.attributes
                0x000000000000024c       0x34 ./RTD/src/Clock_Ip_Frequency.o
 .ARM.attributes
                0x0000000000000280       0x34 ./RTD/src/Clock_Ip_Gate.o
 .ARM.attributes
                0x00000000000002b4       0x34 ./RTD/src/Clock_Ip_IntOsc.o
 .ARM.attributes
                0x00000000000002e8       0x34 ./RTD/src/Clock_Ip_Irq.o
 .ARM.attributes
                0x000000000000031c       0x34 ./RTD/src/Clock_Ip_Monitor.o
 .ARM.attributes
                0x0000000000000350       0x34 ./RTD/src/Clock_Ip_Pll.o
 .ARM.attributes
                0x0000000000000384       0x34 ./RTD/src/Clock_Ip_ProgFreqSwitch.o
 .ARM.attributes
                0x00000000000003b8       0x34 ./RTD/src/Clock_Ip_Selector.o
 .ARM.attributes
                0x00000000000003ec       0x34 ./RTD/src/Clock_Ip_Specific.o
 .ARM.attributes
                0x0000000000000420       0x34 ./RTD/src/Det.o
 .ARM.attributes
                0x0000000000000454       0x34 ./RTD/src/Det_stub.o
 .ARM.attributes
                0x0000000000000488       0x34 ./RTD/src/FlexCAN_Ip.o
 .ARM.attributes
                0x00000000000004bc       0x34 ./RTD/src/FlexCAN_Ip_HwAccess.o
 .ARM.attributes
                0x00000000000004f0       0x34 ./RTD/src/FlexCAN_Ip_Irq.o
 .ARM.attributes
                0x0000000000000524       0x39 ./RTD/src/Igf_Port_Ip.o
 .ARM.attributes
                0x000000000000055d       0x34 ./RTD/src/IntCtrl_Ip.o
 .ARM.attributes
                0x0000000000000591       0x39 ./RTD/src/OsIf_Interrupts.o
 .ARM.attributes
                0x00000000000005ca       0x39 ./RTD/src/OsIf_Software_Semaphore.o
 .ARM.attributes
                0x0000000000000603       0x34 ./RTD/src/OsIf_Timer.o
 .ARM.attributes
                0x0000000000000637       0x39 ./RTD/src/OsIf_Timer_System.o
 .ARM.attributes
                0x0000000000000670       0x34 ./RTD/src/OsIf_Timer_System_Internal_Systick.o
 .ARM.attributes
                0x00000000000006a4       0x34 ./RTD/src/SchM_BaseNXP.o
 .ARM.attributes
                0x00000000000006d8       0x34 ./RTD/src/SchM_Can_43_FLEXCAN.o
 .ARM.attributes
                0x000000000000070c       0x34 ./RTD/src/SchM_Mcu.o
 .ARM.attributes
                0x0000000000000740       0x34 ./RTD/src/SchM_Port.o
 .ARM.attributes
                0x0000000000000774       0x34 ./RTD/src/Siul2_Port_Ip.o
 .ARM.attributes
                0x00000000000007a8       0x34 ./RTD/src/Tspc_Port_Ip.o
 .ARM.attributes
                0x00000000000007dc       0x39 ./board/Siul2_Port_Ip_Cfg.o
 .ARM.attributes
                0x0000000000000815       0x39 ./board/Tspc_Port_Ip_Cfg.o
 .ARM.attributes
                0x000000000000084e       0x39 ./board/dcf_config.o
 .ARM.attributes
                0x0000000000000887       0x39 ./board/ivt_config.o
 .ARM.attributes
                0x00000000000008c0       0x39 ./generate/src/Clock_Ip_Cfg.o
 .ARM.attributes
                0x00000000000008f9       0x39 ./generate/src/FlexCAN_Ip_Sa_PBcfg.o
 .ARM.attributes
                0x0000000000000932       0x39 ./generate/src/Igf_Port_Ip_Cfg.o
 .ARM.attributes
                0x000000000000096b       0x39 ./generate/src/IntCtrl_Ip_Cfg.o
 .ARM.attributes
                0x00000000000009a4       0x39 ./generate/src/OsIf_Cfg.o
 .ARM.attributes
                0x00000000000009dd       0x34 ./src/main.o
 .ARM.attributes
                0x0000000000000a11       0x34 /home/kj/NXP/S32DS.3.6.7/S32DS/build_tools/gcc_v10.2/gcc-10.2-arm32-eabi/bin/../lib/gcc/arm-none-eabi/10.2.0/../../../../arm-none-eabi/lib/thumb/v7e-m+fp/hard/libc_nano.a(lib_a-memmove.o)
 .ARM.attributes
                0x0000000000000a45       0x34 /home/kj/NXP/S32DS.3.6.7/S32DS/build_tools/gcc_v10.2/gcc-10.2-arm32-eabi/bin/../lib/gcc/arm-none-eabi/10.2.0/../../../../arm-none-eabi/lib/thumb/v7e-m+fp/hard/libc_nano.a(lib_a-memset.o)
 .ARM.attributes
                0x0000000000000a79       0x1e /home/kj/NXP/S32DS.3.6.7/S32DS/build_tools/gcc_v10.2/gcc-10.2-arm32-eabi/bin/../lib/gcc/arm-none-eabi/10.2.0/thumb/v7e-m+fp/hard/libgcc.a(_aeabi_ldivmod.o)
 .ARM.attributes
                0x0000000000000a97       0x1e /home/kj/NXP/S32DS.3.6.7/S32DS/build_tools/gcc_v10.2/gcc-10.2-arm32-eabi/bin/../lib/gcc/arm-none-eabi/10.2.0/thumb/v7e-m+fp/hard/libgcc.a(_aeabi_uldivmod.o)
 .ARM.attributes
                0x0000000000000ab5       0x34 /home/kj/NXP/S32DS.3.6.7/S32DS/build_tools/gcc_v10.2/gcc-10.2-arm32-eabi/bin/../lib/gcc/arm-none-eabi/10.2.0/thumb/v7e-m+fp/hard/libgcc.a(_udivmoddi4.o)
 .ARM.attributes
                0x0000000000000ae9       0x1e /home/kj/NXP/S32DS.3.6.7/S32DS/build_tools/gcc_v10.2/gcc-10.2-arm32-eabi/bin/../lib/gcc/arm-none-eabi/10.2.0/thumb/v7e-m+fp/hard/libgcc.a(_dvmd_tls.o)

.comment        0x0000000000000000       0x53
 .comment       0x0000000000000000       0x53 ./Project_Settings/Startup_Code/exceptions.o
                                         0x54 (size before relaxing)
 .comment       0x0000000000000053       0x54 ./Project_Settings/Startup_Code/nvic.o
 .comment       0x0000000000000053       0x54 ./Project_Settings/Startup_Code/startup.o
 .comment       0x0000000000000053       0x54 ./Project_Settings/Startup_Code/system.o
 .comment       0x0000000000000053       0x54 ./RTD/src/Clock_Ip.o
 .comment       0x0000000000000053       0x54 ./RTD/src/Clock_Ip_Data.o
 .comment       0x0000000000000053       0x54 ./RTD/src/Clock_Ip_Divider.o
 .comment       0x0000000000000053       0x54 ./RTD/src/Clock_Ip_DividerTrigger.o
 .comment       0x0000000000000053       0x54 ./RTD/src/Clock_Ip_ExtOsc.o
 .comment       0x0000000000000053       0x54 ./RTD/src/Clock_Ip_FracDiv.o
 .comment       0x0000000000000053       0x54 ./RTD/src/Clock_Ip_Frequency.o
 .comment       0x0000000000000053       0x54 ./RTD/src/Clock_Ip_Gate.o
 .comment       0x0000000000000053       0x54 ./RTD/src/Clock_Ip_IntOsc.o
 .comment       0x0000000000000053       0x54 ./RTD/src/Clock_Ip_Irq.o
 .comment       0x0000000000000053       0x54 ./RTD/src/Clock_Ip_Monitor.o
 .comment       0x0000000000000053       0x54 ./RTD/src/Clock_Ip_Pll.o
 .comment       0x0000000000000053       0x54 ./RTD/src/Clock_Ip_ProgFreqSwitch.o
 .comment       0x0000000000000053       0x54 ./RTD/src/Clock_Ip_Selector.o
 .comment       0x0000000000000053       0x54 ./RTD/src/Clock_Ip_Specific.o
 .comment       0x0000000000000053       0x54 ./RTD/src/Det.o
 .comment       0x0000000000000053       0x54 ./RTD/src/Det_stub.o
 .comment       0x0000000000000053       0x54 ./RTD/src/FlexCAN_Ip.o
 .comment       0x0000000000000053       0x54 ./RTD/src/FlexCAN_Ip_HwAccess.o
 .comment       0x0000000000000053       0x54 ./RTD/src/FlexCAN_Ip_Irq.o
 .comment       0x0000000000000053       0x54 ./RTD/src/Igf_Port_Ip.o
 .comment       0x0000000000000053       0x54 ./RTD/src/IntCtrl_Ip.o
 .comment       0x0000000000000053       0x54 ./RTD/src/OsIf_Interrupts.o
 .comment       0x0000000000000053       0x54 ./RTD/src/OsIf_Software_Semaphore.o
 .comment       0x0000000000000053       0x54 ./RTD/src/OsIf_Timer.o
 .comment       0x0000000000000053       0x54 ./RTD/src/OsIf_Timer_System.o
 .comment       0x0000000000000053       0x54 ./RTD/src/OsIf_Timer_System_Internal_Systick.o
 .comment       0x0000000000000053       0x54 ./RTD/src/SchM_BaseNXP.o
 .comment       0x0000000000000053       0x54 ./RTD/src/SchM_Can_43_FLEXCAN.o
 .comment       0x0000000000000053       0x54 ./RTD/src/SchM_Mcu.o
 .comment       0x0000000000000053       0x54 ./RTD/src/SchM_Port.o
 .comment       0x0000000000000053       0x54 ./RTD/src/Siul2_Port_Ip.o
 .comment       0x0000000000000053       0x54 ./RTD/src/Tspc_Port_Ip.o
 .comment       0x0000000000000053       0x54 ./board/Siul2_Port_Ip_Cfg.o
 .comment       0x0000000000000053       0x54 ./board/Tspc_Port_Ip_Cfg.o
 .comment       0x0000000000000053       0x54 ./board/dcf_config.o
 .comment       0x0000000000000053       0x54 ./board/ivt_config.o
 .comment       0x0000000000000053       0x54 ./generate/src/Clock_Ip_Cfg.o
 .comment       0x0000000000000053       0x54 ./generate/src/FlexCAN_Ip_Sa_PBcfg.o
 .comment       0x0000000000000053       0x54 ./generate/src/Igf_Port_Ip_Cfg.o
 .comment       0x0000000000000053       0x54 ./generate/src/IntCtrl_Ip_Cfg.o
 .comment       0x0000000000000053       0x54 ./generate/src/OsIf_Cfg.o
 .comment       0x0000000000000053       0x54 ./src/main.o
 .comment       0x0000000000000053       0x54 /home/kj/NXP/S32DS.3.6.7/S32DS/build_tools/gcc_v10.2/gcc-10.2-arm32-eabi/bin/../lib/gcc/arm-none-eabi/10.2.0/../../../../arm-none-eabi/lib/thumb/v7e-m+fp/hard/libc_nano.a(lib_a-memmove.o)
 .comment       0x0000000000000053       0x54 /home/kj/NXP/S32DS.3.6.7/S32DS/build_tools/gcc_v10.2/gcc-10.2-arm32-eabi/bin/../lib/gcc/arm-none-eabi/10.2.0/../../../../arm-none-eabi/lib/thumb/v7e-m+fp/hard/libc_nano.a(lib_a-memset.o)

.debug_info     0x0000000000000000    0x2930c
 .debug_info    0x0000000000000000      0x139 ./Project_Settings/Startup_Code/exceptions.o
 .debug_info    0x0000000000000139      0x76c ./Project_Settings/Startup_Code/nvic.o
 .debug_info    0x00000000000008a5      0x371 ./Project_Settings/Startup_Code/startup.o
 .debug_info    0x0000000000000c16       0x22 ./Project_Settings/Startup_Code/startup_cm7.o
 .debug_info    0x0000000000000c38      0xe33 ./Project_Settings/Startup_Code/system.o
 .debug_info    0x0000000000001a6b     0x2249 ./RTD/src/Clock_Ip.o
 .debug_info    0x0000000000003cb4     0x1bfc ./RTD/src/Clock_Ip_Data.o
 .debug_info    0x00000000000058b0     0x1104 ./RTD/src/Clock_Ip_Divider.o
 .debug_info    0x00000000000069b4      0x8fc ./RTD/src/Clock_Ip_DividerTrigger.o
 .debug_info    0x00000000000072b0      0xc4f ./RTD/src/Clock_Ip_ExtOsc.o
 .debug_info    0x0000000000007eff      0x6b7 ./RTD/src/Clock_Ip_FracDiv.o
 .debug_info    0x00000000000085b6      0x529 ./RTD/src/Clock_Ip_Frequency.o
 .debug_info    0x0000000000008adf      0xcd3 ./RTD/src/Clock_Ip_Gate.o
 .debug_info    0x00000000000097b2      0xf6b ./RTD/src/Clock_Ip_IntOsc.o
 .debug_info    0x000000000000a71d       0xb2 ./RTD/src/Clock_Ip_Irq.o
 .debug_info    0x000000000000a7cf     0x16f2 ./RTD/src/Clock_Ip_Monitor.o
 .debug_info    0x000000000000bec1      0xd07 ./RTD/src/Clock_Ip_Pll.o
 .debug_info    0x000000000000cbc8     0x130c ./RTD/src/Clock_Ip_ProgFreqSwitch.o
 .debug_info    0x000000000000ded4     0x1143 ./RTD/src/Clock_Ip_Selector.o
 .debug_info    0x000000000000f017     0x1c00 ./RTD/src/Clock_Ip_Specific.o
 .debug_info    0x0000000000010c17      0xe10 ./RTD/src/Det.o
 .debug_info    0x0000000000011a27      0x5dd ./RTD/src/Det_stub.o
 .debug_info    0x0000000000012004     0x6aab ./RTD/src/FlexCAN_Ip.o
 .debug_info    0x0000000000018aaf     0x2ee6 ./RTD/src/FlexCAN_Ip_HwAccess.o
 .debug_info    0x000000000001b995      0x5ec ./RTD/src/FlexCAN_Ip_Irq.o
 .debug_info    0x000000000001bf81       0x7d ./RTD/src/Igf_Port_Ip.o
 .debug_info    0x000000000001bffe     0x14ee ./RTD/src/IntCtrl_Ip.o
 .debug_info    0x000000000001d4ec       0x7d ./RTD/src/OsIf_Interrupts.o
 .debug_info    0x000000000001d569       0x7d ./RTD/src/OsIf_Software_Semaphore.o
 .debug_info    0x000000000001d5e6      0x2d0 ./RTD/src/OsIf_Timer.o
 .debug_info    0x000000000001d8b6       0x7d ./RTD/src/OsIf_Timer_System.o
 .debug_info    0x000000000001d933      0x197 ./RTD/src/OsIf_Timer_System_Internal_Systick.o
 .debug_info    0x000000000001daca      0x2d0 ./RTD/src/SchM_BaseNXP.o
 .debug_info    0x000000000001dd9a     0x146e ./RTD/src/SchM_Can_43_FLEXCAN.o
 .debug_info    0x000000000001f208      0x39d ./RTD/src/SchM_Mcu.o
 .debug_info    0x000000000001f5a5     0x17a2 ./RTD/src/SchM_Port.o
 .debug_info    0x0000000000020d47     0x33dd ./RTD/src/Siul2_Port_Ip.o
 .debug_info    0x0000000000024124      0x490 ./RTD/src/Tspc_Port_Ip.o
 .debug_info    0x00000000000245b4       0x7d ./board/Siul2_Port_Ip_Cfg.o
 .debug_info    0x0000000000024631       0x7d ./board/Tspc_Port_Ip_Cfg.o
 .debug_info    0x00000000000246ae       0xac ./board/dcf_config.o
 .debug_info    0x000000000002475a       0xac ./board/ivt_config.o
 .debug_info    0x0000000000024806     0x1137 ./generate/src/Clock_Ip_Cfg.o
 .debug_info    0x000000000002593d      0x680 ./generate/src/FlexCAN_Ip_Sa_PBcfg.o
 .debug_info    0x0000000000025fbd       0x7d ./generate/src/Igf_Port_Ip_Cfg.o
 .debug_info    0x000000000002603a      0x6f6 ./generate/src/IntCtrl_Ip_Cfg.o
 .debug_info    0x0000000000026730       0x7d ./generate/src/OsIf_Cfg.o
 .debug_info    0x00000000000267ad     0x25cc ./src/main.o
 .debug_info    0x0000000000028d79       0x26 /home/kj/NXP/S32DS.3.6.7/S32DS/build_tools/gcc_v10.2/gcc-10.2-arm32-eabi/bin/../lib/gcc/arm-none-eabi/10.2.0/thumb/v7e-m+fp/hard/libgcc.a(_aeabi_ldivmod.o)
 .debug_info    0x0000000000028d9f       0x26 /home/kj/NXP/S32DS.3.6.7/S32DS/build_tools/gcc_v10.2/gcc-10.2-arm32-eabi/bin/../lib/gcc/arm-none-eabi/10.2.0/thumb/v7e-m+fp/hard/libgcc.a(_aeabi_uldivmod.o)
 .debug_info    0x0000000000028dc5      0x521 /home/kj/NXP/S32DS.3.6.7/S32DS/build_tools/gcc_v10.2/gcc-10.2-arm32-eabi/bin/../lib/gcc/arm-none-eabi/10.2.0/thumb/v7e-m+fp/hard/libgcc.a(_udivmoddi4.o)
 .debug_info    0x00000000000292e6       0x26 /home/kj/NXP/S32DS.3.6.7/S32DS/build_tools/gcc_v10.2/gcc-10.2-arm32-eabi/bin/../lib/gcc/arm-none-eabi/10.2.0/thumb/v7e-m+fp/hard/libgcc.a(_dvmd_tls.o)

.debug_abbrev   0x0000000000000000     0x4b6b
 .debug_abbrev  0x0000000000000000       0x47 ./Project_Settings/Startup_Code/exceptions.o
 .debug_abbrev  0x0000000000000047      0x111 ./Project_Settings/Startup_Code/nvic.o
 .debug_abbrev  0x0000000000000158      0x128 ./Project_Settings/Startup_Code/startup.o
 .debug_abbrev  0x0000000000000280       0x12 ./Project_Settings/Startup_Code/startup_cm7.o
 .debug_abbrev  0x0000000000000292      0x227 ./Project_Settings/Startup_Code/system.o
 .debug_abbrev  0x00000000000004b9      0x3c8 ./RTD/src/Clock_Ip.o
 .debug_abbrev  0x0000000000000881      0x155 ./RTD/src/Clock_Ip_Data.o
 .debug_abbrev  0x00000000000009d6      0x25b ./RTD/src/Clock_Ip_Divider.o
 .debug_abbrev  0x0000000000000c31      0x1b0 ./RTD/src/Clock_Ip_DividerTrigger.o
 .debug_abbrev  0x0000000000000de1      0x2da ./RTD/src/Clock_Ip_ExtOsc.o
 .debug_abbrev  0x00000000000010bb      0x163 ./RTD/src/Clock_Ip_FracDiv.o
 .debug_abbrev  0x000000000000121e       0x92 ./RTD/src/Clock_Ip_Frequency.o
 .debug_abbrev  0x00000000000012b0      0x249 ./RTD/src/Clock_Ip_Gate.o
 .debug_abbrev  0x00000000000014f9      0x25d ./RTD/src/Clock_Ip_IntOsc.o
 .debug_abbrev  0x0000000000001756       0x6a ./RTD/src/Clock_Ip_Irq.o
 .debug_abbrev  0x00000000000017c0      0x2ec ./RTD/src/Clock_Ip_Monitor.o
 .debug_abbrev  0x0000000000001aac      0x2a8 ./RTD/src/Clock_Ip_Pll.o
 .debug_abbrev  0x0000000000001d54      0x1ae ./RTD/src/Clock_Ip_ProgFreqSwitch.o
 .debug_abbrev  0x0000000000001f02      0x2f8 ./RTD/src/Clock_Ip_Selector.o
 .debug_abbrev  0x00000000000021fa      0x30a ./RTD/src/Clock_Ip_Specific.o
 .debug_abbrev  0x0000000000002504      0x281 ./RTD/src/Det.o
 .debug_abbrev  0x0000000000002785      0x176 ./RTD/src/Det_stub.o
 .debug_abbrev  0x00000000000028fb      0x44d ./RTD/src/FlexCAN_Ip.o
 .debug_abbrev  0x0000000000002d48      0x40d ./RTD/src/FlexCAN_Ip_HwAccess.o
 .debug_abbrev  0x0000000000003155       0x92 ./RTD/src/FlexCAN_Ip_Irq.o
 .debug_abbrev  0x00000000000031e7       0x29 ./RTD/src/Igf_Port_Ip.o