18:21:31 **** Incremental Build of configuration Debug_FLASH for project empty_M7_0_0 ****
make -j12 all 
Building file: ../Project_Settings/Startup_Code/startup_ARMCM7.c
Invoking: Standard S32DS C Compiler
arm-none-eabi-gcc "@Project_Settings/Startup_Code/boot_header.args" -MMD -MP -MF"Project_Settings/Startup_Code/startup_ARMCM7.d" -MT"Project_Settings/Startup_Code/startup_ARMCM7.o" -o "Project_Settings/Startup_Code/startup_ARMCM7.o" "../Project_Settings/Startup_Code/startup_ARMCM7.c"
Finished building: ../Project_Settings/Startup_Code/startup_ARMCM7.c
 
Building target: empty_M7_0_0.elf
Invoking: Standard S32DS C Linker
arm-none-eabi-gcc -o "empty_M7_0_0.elf" "@empty_M7_0_0.args"   
Finished building target: empty_M7_0_0.elf
 
Invoking: Standard S32DS Print Size
arm-none-eabi-size --format=berkeley empty_M7_0_0.elf
   text	   data	    bss	    dec	    hex	filename
  27176	   2884	    272	  30332	   767c	empty_M7_0_0.elf
Finished building: empty_M7_0_0.siz
 

18:21:32 Build Finished. 0 errors, 0 warnings. (took 1s.52ms)

