13:50:48 **** Incremental Build of configuration Debug_FLASH for project multicore_M7_0_0 ****
make -j12 all 
Building file: ../Project_Settings/Startup_Code/startup_ARMCM7.c
Invoking: Standard S32DS C Compiler
arm-none-eabi-gcc "@Project_Settings/Startup_Code/boot_header.args" -MMD -MP -MF"Project_Settings/Startup_Code/startup_ARMCM7.d" -MT"Project_Settings/Startup_Code/startup_ARMCM7.o" -o "Project_Settings/Startup_Code/startup_ARMCM7.o" "../Project_Settings/Startup_Code/startup_ARMCM7.c"
Finished building: ../Project_Settings/Startup_Code/startup_ARMCM7.c
 
Building target: multicore_M7_0_0.elf
Invoking: Standard S32DS C Linker
arm-none-eabi-gcc -o "multicore_M7_0_0.elf" "@multicore_M7_0_0.args"   
Finished building target: multicore_M7_0_0.elf
 
Invoking: Standard S32DS Print Size
arm-none-eabi-size --format=berkeley multicore_M7_0_0.elf
   text	   data	    bss	    dec	    hex	filename
  27232	   2884	    272	  30388	   76b4	multicore_M7_0_0.elf
Finished building: multicore_M7_0_0.siz
 

13:50:51 Build Finished. 0 errors, 0 warnings. (took 2s.352ms)

