Archive member included to satisfy reference by file (symbol)

/home/kj/NXP/S32DS.3.6.7/S32DS/build_tools/gcc_v10.2/gcc-10.2-arm32-eabi/bin/../lib/gcc/arm-none-eabi/10.2.0/../../../../arm-none-eabi/lib/thumb/v7e-m+fp/hard/libc_nano.a(lib_a-memmove.o)
                              ./RTD/src/Siul2_Port_Ip.o (memmove)
/home/kj/NXP/S32DS.3.6.7/S32DS/build_tools/gcc_v10.2/gcc-10.2-arm32-eabi/bin/../lib/gcc/arm-none-eabi/10.2.0/../../../../arm-none-eabi/lib/thumb/v7e-m+fp/hard/libc_nano.a(lib_a-memset.o)
                              ./Project_Settings/Startup_Code/startup.o (memset)
/home/kj/NXP/S32DS.3.6.7/S32DS/build_tools/gcc_v10.2/gcc-10.2-arm32-eabi/bin/../lib/gcc/arm-none-eabi/10.2.0/thumb/v7e-m+fp/hard/libgcc.a(_arm_muldivdf3.o)
                              ./RTD/src/Gmac_Ip.o (__aeabi_ddiv)
/home/kj/NXP/S32DS.3.6.7/S32DS/build_tools/gcc_v10.2/gcc-10.2-arm32-eabi/bin/../lib/gcc/arm-none-eabi/10.2.0/thumb/v7e-m+fp/hard/libgcc.a(_arm_cmpdf2.o)
                              ./RTD/src/Gmac_Ip.o (__aeabi_dcmpgt)
/home/kj/NXP/S32DS.3.6.7/S32DS/build_tools/gcc_v10.2/gcc-10.2-arm32-eabi/bin/../lib/gcc/arm-none-eabi/10.2.0/thumb/v7e-m+fp/hard/libgcc.a(_arm_fixunsdfsi.o)
                              ./RTD/src/Gmac_Ip.o (__aeabi_d2uiz)
/home/kj/NXP/S32DS.3.6.7/S32DS/build_tools/gcc_v10.2/gcc-10.2-arm32-eabi/bin/../lib/gcc/arm-none-eabi/10.2.0/thumb/v7e-m+fp/hard/libgcc.a(_aeabi_ldivmod.o)
                              ./RTD/src/Clock_Ip_ProgFreqSwitch.o (__aeabi_ldivmod)
/home/kj/NXP/S32DS.3.6.7/S32DS/build_tools/gcc_v10.2/gcc-10.2-arm32-eabi/bin/../lib/gcc/arm-none-eabi/10.2.0/thumb/v7e-m+fp/hard/libgcc.a(_aeabi_uldivmod.o)
                              ./RTD/src/Clock_Ip_Monitor.o (__aeabi_uldivmod)
/home/kj/NXP/S32DS.3.6.7/S32DS/build_tools/gcc_v10.2/gcc-10.2-arm32-eabi/bin/../lib/gcc/arm-none-eabi/10.2.0/thumb/v7e-m+fp/hard/libgcc.a(_udivmoddi4.o)
                              /home/kj/NXP/S32DS.3.6.7/S32DS/build_tools/gcc_v10.2/gcc-10.2-arm32-eabi/bin/../lib/gcc/arm-none-eabi/10.2.0/thumb/v7e-m+fp/hard/libgcc.a(_aeabi_ldivmod.o) (__udivmoddi4)
/home/kj/NXP/S32DS.3.6.7/S32DS/build_tools/gcc_v10.2/gcc-10.2-arm32-eabi/bin/../lib/gcc/arm-none-eabi/10.2.0/thumb/v7e-m+fp/hard/libgcc.a(_dvmd_tls.o)
                              /home/kj/NXP/S32DS.3.6.7/S32DS/build_tools/gcc_v10.2/gcc-10.2-arm32-eabi/bin/../lib/gcc/arm-none-eabi/10.2.0/thumb/v7e-m+fp/hard/libgcc.a(_aeabi_ldivmod.o) (__aeabi_ldiv0)

Discarded input sections

 .group         0x0000000000000000        0xc ./Project_Settings/Startup_Code/exceptions.o
 .group         0x0000000000000000        0xc ./Project_Settings/Startup_Code/exceptions.o
 .group         0x0000000000000000        0xc ./Project_Settings/Startup_Code/exceptions.o
 .group         0x0000000000000000        0xc ./Project_Settings/Startup_Code/exceptions.o
 .group         0x0000000000000000        0xc ./Project_Settings/Startup_Code/exceptions.o
 .group         0x0000000000000000        0xc ./Project_Settings/Startup_Code/exceptions.o
 .group         0x0000000000000000        0xc ./Project_Settings/Startup_Code/exceptions.o
 .group         0x0000000000000000        0xc ./Project_Settings/Startup_Code/exceptions.o
 .group         0x0000000000000000        0xc ./Project_Settings/Startup_Code/exceptions.o
 .group         0x0000000000000000        0xc ./Project_Settings/Startup_Code/exceptions.o
 .group         0x0000000000000000        0xc ./Project_Settings/Startup_Code/exceptions.o
 .group         0x0000000000000000        0xc ./Project_Settings/Startup_Code/exceptions.o
 .group         0x0000000000000000        0xc ./Project_Settings/Startup_Code/exceptions.o
 .group         0x0000000000000000        0xc ./Project_Settings/Startup_Code/exceptions.o
 .group         0x0000000000000000        0xc ./Project_Settings/Startup_Code/exceptions.o
 .group         0x0000000000000000        0xc ./Project_Settings/Startup_Code/exceptions.o
 .group         0x0000000000000000        0xc ./Project_Settings/Startup_Code/exceptions.o
 .group         0x0000000000000000        0xc ./Project_Settings/Startup_Code/exceptions.o
 .group         0x0000000000000000        0xc ./Project_Settings/Startup_Code/exceptions.o
 .group         0x0000000000000000        0xc ./Project_Settings/Startup_Code/exceptions.o
 .group         0x0000000000000000        0xc ./Project_Settings/Startup_Code/exceptions.o
 .group         0x0000000000000000        0xc ./Project_Settings/Startup_Code/exceptions.o
 .group         0x0000000000000000        0xc ./Project_Settings/Startup_Code/exceptions.o
 .group         0x0000000000000000        0xc ./Project_Settings/Startup_Code/exceptions.o
 .group         0x0000000000000000        0xc ./Project_Settings/Startup_Code/exceptions.o
 .group         0x0000000000000000        0xc ./Project_Settings/Startup_Code/exceptions.o
 .group         0x0000000000000000        0xc ./Project_Settings/Startup_Code/exceptions.o
[...]
Memory Configuration

Name             Origin             Length             Attributes
int_pflash       0x0000000000400000 0x00000000007d4000
int_dflash       0x0000000010000000 0x0000000000020000
int_itcm         0x0000000000000000 0x0000000000008000
int_dtcm         0x0000000020000000 0x000000000000f000
int_stack_dtcm   0x000000002000f000 0x0000000000001000
int_sram         0x0000000020400000 0x000000000007ff00
int_sram_fls_rsv 0x000000002047ff00 0x0000000000000100
int_sram_no_cacheable 0x0000000020480000 0x000000000003bf00
int_sram_results 0x00000000204bbf00 0x0000000000000100
int_sram_shareable 0x00000000204bc000 0x0000000000004000
ram_rsvd2        0x00000000204c0000 0x0000000000000000
*default*        0x0000000000000000 0xffffffffffffffff

Linker script and memory map

LOAD ./Project_Settings/Startup_Code/Vector_Table.o
LOAD ./Project_Settings/Startup_Code/exceptions.o
LOAD ./Project_Settings/Startup_Code/nvic.o
LOAD ./Project_Settings/Startup_Code/startup.o
LOAD ./Project_Settings/Startup_Code/startup_cm7.o
LOAD ./Project_Settings/Startup_Code/system.o
LOAD ./RTD/src/Clock_Ip.o
LOAD ./RTD/src/Clock_Ip_Data.o
LOAD ./RTD/src/Clock_Ip_Divider.o
LOAD ./RTD/src/Clock_Ip_DividerTrigger.o
LOAD ./RTD/src/Clock_Ip_ExtOsc.o
LOAD ./RTD/src/Clock_Ip_FracDiv.o
LOAD ./RTD/src/Clock_Ip_Frequency.o
LOAD ./RTD/src/Clock_Ip_Gate.o
LOAD ./RTD/src/Clock_Ip_IntOsc.o
LOAD ./RTD/src/Clock_Ip_Irq.o
LOAD ./RTD/src/Clock_Ip_Monitor.o
LOAD ./RTD/src/Clock_Ip_Pll.o
LOAD ./RTD/src/Clock_Ip_ProgFreqSwitch.o
LOAD ./RTD/src/Clock_Ip_Selector.o
LOAD ./RTD/src/Clock_Ip_Specific.o
LOAD ./RTD/src/Det.o
LOAD ./RTD/src/Det_stub.o
LOAD ./RTD/src/Gmac_Ip.o
LOAD ./RTD/src/Gmac_Ip_Hw_Access.o
LOAD ./RTD/src/Gmac_Ip_Irq.o
LOAD ./RTD/src/Igf_Port_Ip.o
LOAD ./RTD/src/OsIf_Interrupts.o
LOAD ./RTD/src/OsIf_Software_Semaphore.o
LOAD ./RTD/src/OsIf_Timer.o
LOAD ./RTD/src/OsIf_Timer_System.o
LOAD ./RTD/src/OsIf_Timer_System_Internal_Systick.o
LOAD ./RTD/src/SchM_BaseNXP.o
LOAD ./RTD/src/SchM_Eth_43_GMAC.o
LOAD ./RTD/src/SchM_Mcu.o
LOAD ./RTD/src/SchM_Port.o
LOAD ./RTD/src/Siul2_Port_Ip.o
LOAD ./RTD/src/Tspc_Port_Ip.o
LOAD ./board/Siul2_Port_Ip_Cfg.o
LOAD ./board/Tspc_Port_Ip_Cfg.o
LOAD ./board/dcf_config.o
LOAD ./board/ivt_config.o
LOAD ./generate/src/Clock_Ip_Cfg.o
LOAD ./generate/src/Gmac_Ip_Cfg.o
LOAD ./generate/src/Gmac_Ip_Sa_VS_0_PBcfg.o
LOAD ./generate/src/Igf_Port_Ip_Cfg.o
LOAD ./generate/src/OsIf_Cfg.o
LOAD ./src/main.o
LOAD /home/kj/NXP/S32DS.3.6.7/S32DS/build_tools/gcc_v10.2/gcc-10.2-arm32-eabi/bin/../lib/gcc/arm-none-eabi/10.2.0/../../../../arm-none-eabi/lib/thumb/v7e-m+fp/hard/libc_nano.a
LOAD /home/kj/NXP/S32DS.3.6.7/S32DS/build_tools/gcc_v10.2/gcc-10.2-arm32-eabi/bin/../lib/gcc/arm-none-eabi/10.2.0/../../../../arm-none-eabi/lib/thumb/v7e-m+fp/hard/libm.a
LOAD /home/kj/NXP/S32DS.3.6.7/S32DS/build_tools/gcc_v10.2/gcc-10.2-arm32-eabi/bin/../lib/gcc/arm-none-eabi/10.2.0/thumb/v7e-m+fp/hard/libgcc.a
START GROUP
LOAD /home/kj/NXP/S32DS.3.6.7/S32DS/build_tools/gcc_v10.2/gcc-10.2-arm32-eabi/bin/../lib/gcc/arm-none-eabi/10.2.0/thumb/v7e-m+fp/hard/libgcc.a
LOAD /home/kj/NXP/S32DS.3.6.7/S32DS/build_tools/gcc_v10.2/gcc-10.2-arm32-eabi/bin/../lib/gcc/arm-none-eabi/10.2.0/../../../../arm-none-eabi/lib/thumb/v7e-m+fp/hard/libg_nano.a
LOAD /home/kj/NXP/S32DS.3.6.7/S32DS/build_tools/gcc_v10.2/gcc-10.2-arm32-eabi/bin/../lib/gcc/arm-none-eabi/10.2.0/../../../../arm-none-eabi/lib/thumb/v7e-m+fp/hard/libc_nano.a
END GROUP
START GROUP
LOAD /home/kj/NXP/S32DS.3.6.7/S32DS/build_tools/gcc_v10.2/gcc-10.2-arm32-eabi/bin/../lib/gcc/arm-none-eabi/10.2.0/thumb/v7e-m+fp/hard/libgcc.a
LOAD /home/kj/NXP/S32DS.3.6.7/S32DS/build_tools/gcc_v10.2/gcc-10.2-arm32-eabi/bin/../lib/gcc/arm-none-eabi/10.2.0/../../../../arm-none-eabi/lib/thumb/v7e-m+fp/hard/libc_nano.a
LOAD /home/kj/NXP/S32DS.3.6.7/S32DS/build_tools/gcc_v10.2/gcc-10.2-arm32-eabi/bin/../lib/gcc/arm-none-eabi/10.2.0/../../../../arm-none-eabi/lib/thumb/v7e-m+fp/hard/libnosys.a
END GROUP
START GROUP
LOAD /home/kj/NXP/S32DS.3.6.7/S32DS/build_tools/gcc_v10.2/gcc-10.2-arm32-eabi/bin/../lib/gcc/arm-none-eabi/10.2.0/thumb/v7e-m+fp/hard/libgcc.a
LOAD /home/kj/NXP/S32DS.3.6.7/S32DS/build_tools/gcc_v10.2/gcc-10.2-arm32-eabi/bin/../lib/gcc/arm-none-eabi/10.2.0/../../../../arm-none-eabi/lib/thumb/v7e-m+fp/hard/libc_nano.a
LOAD /home/kj/NXP/S32DS.3.6.7/S32DS/build_tools/gcc_v10.2/gcc-10.2-arm32-eabi/bin/../lib/gcc/arm-none-eabi/10.2.0/../../../../arm-none-eabi/lib/thumb/v7e-m+fp/hard/libnosys.a
END GROUP
                0x0000000000002000                HEAP_SIZE = DEFINED (__heap_size__)?__heap_size__:0x2000
                0x000000002040ffff                __STANDBY_RAM_LIMIT_END = 0x2040ffff

.pflash         0x0000000000400000     0xb53c
 *(.boot_header)
 .boot_header   0x0000000000400000      0x100 ./Project_Settings/Startup_Code/startup_cm7.o
                0x0000000000402000                . = ALIGN (0x2000)
 *fill*         0x0000000000400100     0x1f00 
                0x0000000000402000                __text_start = .
                0x0000000000402000                __interrupts_init_start = .
 *(.intc_vector)
 .intc_vector   0x0000000000402000      0x408 ./Project_Settings/Startup_Code/Vector_Table.o
                0x0000000000402000                VTABLE
                0x0000000000402408                . = ALIGN (0x4)
                0x0000000000402408                __interrupts_init_end = .
 *(.core_loop)
 .core_loop     0x0000000000402408        0xc ./Project_Settings/Startup_Code/startup_cm7.o
                0x0000000000402408                _core_loop
                0x0000000000402414                . = ALIGN (0x4)
 *(.startup)
 *fill*         0x0000000000402414        0xc 
 .startup       0x0000000000402420      0x214 ./Project_Settings/Startup_Code/startup_cm7.o
                0x0000000000402420                Reset_Handler
                0x0000000000402420                _start
                0x00000000004025b4                MCAL_LTB_TRACE_OFF
                0x00000000004025b6                _end_of_eunit_test
                0x0000000000402634                . = ALIGN (0x4)
 *(.systeminit)
                0x0000000000402634                . = ALIGN (0x4)
 *(.text.startup)
 .text.startup  0x0000000000402634      0x154 ./src/main.o
                0x0000000000402634                main
                0x0000000000402788                . = ALIGN (0x4)
 *(.text)
 .text          0x0000000000402788        0x0 ./Project_Settings/Startup_Code/Vector_Table.o
 .text          0x0000000000402788        0x0 ./Project_Settings/Startup_Code/exceptions.o
 .text          0x0000000000402788        0x0 ./Project_Settings/Startup_Code/nvic.o
 .text          0x0000000000402788        0x0 ./Project_Settings/Startup_Code/startup.o
 .text          0x0000000000402788        0x0 ./Project_Settings/Startup_Code/startup_cm7.o
 .text          0x0000000000402788        0x0 ./Project_Settings/Startup_Code/system.o
 .text          0x0000000000402788        0x0 ./RTD/src/Clock_Ip.o
 .text          0x0000000000402788        0x0 ./RTD/src/Clock_Ip_Data.o
 .text          0x0000000000402788        0x0 ./RTD/src/Clock_Ip_Divider.o
 .text          0x0000000000402788        0x0 ./RTD/src/Clock_Ip_DividerTrigger.o
 .text          0x0000000000402788        0x0 ./RTD/src/Clock_Ip_ExtOsc.o
 .text          0x0000000000402788        0x0 ./RTD/src/Clock_Ip_FracDiv.o
 .text          0x0000000000402788        0x0 ./RTD/src/Clock_Ip_Frequency.o
 .text          0x0000000000402788        0x0 ./RTD/src/Clock_Ip_Gate.o
 .text          0x0000000000402788        0x0 ./RTD/src/Clock_Ip_IntOsc.o
 .text          0x0000000000402788        0x0 ./RTD/src/Clock_Ip_Irq.o
 .text          0x0000000000402788        0x0 ./RTD/src/Clock_Ip_Monitor.o
 .text          0x0000000000402788        0x0 ./RTD/src/Clock_Ip_Pll.o
 .text          0x0000000000402788        0x0 ./RTD/src/Clock_Ip_ProgFreqSwitch.o
 .text          0x0000000000402788        0x0 ./RTD/src/Clock_Ip_Selector.o
 .text          0x0000000000402788        0x0 ./RTD/src/Clock_Ip_Specific.o
 .text          0x0000000000402788        0x0 ./RTD/src/Det.o
 .text          0x0000000000402788        0x0 ./RTD/src/Det_stub.o
 .text          0x0000000000402788        0x0 ./RTD/src/Gmac_Ip.o
 .text          0x0000000000402788        0x0 ./RTD/src/Gmac_Ip_Hw_Access.o
 .text          0x0000000000402788        0x0 ./RTD/src/Gmac_Ip_Irq.o
 .text          0x0000000000402788        0x0 ./RTD/src/Igf_Port_Ip.o
 .text          0x0000000000402788        0x0 ./RTD/src/OsIf_Interrupts.o
 .text          0x0000000000402788        0x0 ./RTD/src/OsIf_Software_Semaphore.o
 .text          0x0000000000402788        0x0 ./RTD/src/OsIf_Timer.o
 .text          0x0000000000402788        0x0 ./RTD/src/OsIf_Timer_System.o
 .text          0x0000000000402788        0x0 ./RTD/src/OsIf_Timer_System_Internal_Systick.o
 .text          0x0000000000402788        0x6 ./RTD/src/SchM_BaseNXP.o
                0x0000000000402788                BaseNXP_schm_read_msr
 .text          0x000000000040278e        0x6 ./RTD/src/SchM_Eth_43_GMAC.o
                0x000000000040278e                Eth_43_GMAC_schm_read_msr
 .text          0x0000000000402794        0x6 ./RTD/src/SchM_Mcu.o
                0x0000000000402794                Mcu_schm_read_msr
 .text          0x000000000040279a        0x6 ./RTD/src/SchM_Port.o
                0x000000000040279a                Port_schm_read_msr
 .text          0x00000000004027a0       0x14 ./RTD/src/Siul2_Port_Ip.o
 .text          0x00000000004027b4        0x0 ./RTD/src/Tspc_Port_Ip.o
 .text          0x00000000004027b4        0x0 ./board/Siul2_Port_Ip_Cfg.o
 .text          0x00000000004027b4        0x0 ./board/Tspc_Port_Ip_Cfg.o
 .text          0x00000000004027b4        0x0 ./board/dcf_config.o
 .text          0x00000000004027b4        0x0 ./board/ivt_config.o
 .text          0x00000000004027b4        0x0 ./generate/src/Clock_Ip_Cfg.o
 .text          0x00000000004027b4        0x0 ./generate/src/Gmac_Ip_Cfg.o
 .text          0x00000000004027b4        0x0 ./generate/src/Gmac_Ip_Sa_VS_0_PBcfg.o
 .text          0x00000000004027b4        0x0 ./generate/src/Igf_Port_Ip_Cfg.o
 .text          0x00000000004027b4        0x0 ./generate/src/OsIf_Cfg.o
 .text          0x00000000004027b4       0x3e ./src/main.o
 .text          0x00000000004027f2        0x0 /home/kj/NXP/S32DS.3.6.7/S32DS/build_tools/gcc_v10.2/gcc-10.2-arm32-eabi/bin/../lib/gcc/arm-none-eabi/10.2.0/../../../../arm-none-eabi/lib/thumb/v7e-m+fp/hard/libc_nano.a(lib_a-memmove.o)
 .text          0x00000000004027f2        0x0 /home/kj/NXP/S32DS.3.6.7/S32DS/build_tools/gcc_v10.2/gcc-10.2-arm32-eabi/bin/../lib/gcc/arm-none-eabi/10.2.0/../../../../arm-none-eabi/lib/thumb/v7e-m+fp/hard/libc_nano.a(lib_a-memset.o)
 *fill*         0x00000000004027f2        0x2 
 .text          0x00000000004027f4      0x424 /home/kj/NXP/S32DS.3.6.7/S32DS/build_tools/gcc_v10.2/gcc-10.2-arm32-eabi/bin/../lib/gcc/arm-none-eabi/10.2.0/thumb/v7e-m+fp/hard/libgcc.a(_arm_muldivdf3.o)
                0x00000000004027f4                __aeabi_dmul
                0x00000000004027f4                __muldf3
                0x0000000000402a48                __aeabi_ddiv
                0x0000000000402a48                __divdf3
 .text          0x0000000000402c18      0x110 /home/kj/NXP/S32DS.3.6.7/S32DS/build_tools/gcc_v10.2/gcc-10.2-arm32-eabi/bin/../lib/gcc/arm-none-eabi/10.2.0/thumb/v7e-m+fp/hard/libgcc.a(_arm_cmpdf2.o)
                0x0000000000402c18                __gtdf2
                0x0000000000402c18                __gedf2
                0x0000000000402c20                __ltdf2
                0x0000000000402c20                __ledf2
                0x0000000000402c28                __cmpdf2
                0x0000000000402c28                __eqdf2
                0x0000000000402c28                __nedf2
                0x0000000000402ca4                __aeabi_cdrcmple
                0x0000000000402cb4                __aeabi_cdcmple
                0x0000000000402cb4                __aeabi_cdcmpeq
                0x0000000000402cc4                __aeabi_dcmpeq
                0x0000000000402cd8                __aeabi_dcmplt
                0x0000000000402cec                __aeabi_dcmple
                0x0000000000402d00                __aeabi_dcmpge
                0x0000000000402d14                __aeabi_dcmpgt
 .text          0x0000000000402d28       0x40 /home/kj/NXP/S32DS.3.6.7/S32DS/build_tools/gcc_v10.2/gcc-10.2-arm32-eabi/bin/../lib/gcc/arm-none-eabi/10.2.0/thumb/v7e-m+fp/hard/libgcc.a(_arm_fixunsdfsi.o)
                0x0000000000402d28                __fixunsdfsi
                0x0000000000402d28                __aeabi_d2uiz
 .text          0x0000000000402d68       0xa0 /home/kj/NXP/S32DS.3.6.7/S32DS/build_tools/gcc_v10.2/gcc-10.2-arm32-eabi/bin/../lib/gcc/arm-none-eabi/10.2.0/thumb/v7e-m+fp/hard/libgcc.a(_aeabi_ldivmod.o)
                0x0000000000402d68                __aeabi_ldivmod
 .text          0x0000000000402e08       0x30 /home/kj/NXP/S32DS.3.6.7/S32DS/build_tools/gcc_v10.2/gcc-10.2-arm32-eabi/bin/../lib/gcc/arm-none-eabi/10.2.0/thumb/v7e-m+fp/hard/libgcc.a(_aeabi_uldivmod.o)
                0x0000000000402e08                __aeabi_uldivmod
 .text          0x0000000000402e38      0x2d8 /home/kj/NXP/S32DS.3.6.7/S32DS/build_tools/gcc_v10.2/gcc-10.2-arm32-eabi/bin/../lib/gcc/arm-none-eabi/10.2.0/thumb/v7e-m+fp/hard/libgcc.a(_udivmoddi4.o)
                0x0000000000402e38                __udivmoddi4
 .text          0x0000000000403110        0x4 /home/kj/NXP/S32DS.3.6.7/S32DS/build_tools/gcc_v10.2/gcc-10.2-arm32-eabi/bin/../lib/gcc/arm-none-eabi/10.2.0/thumb/v7e-m+fp/hard/libgcc.a(_dvmd_tls.o)
                0x0000000000403110                __aeabi_ldiv0
                0x0000000000403110                __aeabi_idiv0
 *(.text*)
 .text.memmove  0x0000000000403114       0x34 /home/kj/NXP/S32DS.3.6.7/S32DS/build_tools/gcc_v10.2/gcc-10.2-arm32-eabi/bin/../lib/gcc/arm-none-eabi/10.2.0/../../../../arm-none-eabi/lib/thumb/v7e-m+fp/hard/libc_nano.a(lib_a-memmove.o)
                0x0000000000403114                memmove
 .text.memset   0x0000000000403148       0x10 /home/kj/NXP/S32DS.3.6.7/S32DS/build_tools/gcc_v10.2/gcc-10.2-arm32-eabi/bin/../lib/gcc/arm-none-eabi/10.2.0/../../../../arm-none-eabi/lib/thumb/v7e-m+fp/hard/libc_nano.a(lib_a-memset.o)
                0x0000000000403148                memset
                0x0000000000403158                . = ALIGN (0x4)
 *(.mcal_text)
 .mcal_text     0x0000000000403158       0x14 ./Project_Settings/Startup_Code/exceptions.o
                0x0000000000403158                NMI_Handler
                0x000000000040315a                HardFault_Handler
                0x000000000040315c                MemManage_Handler
                0x000000000040315e                BusFault_Handler
                0x0000000000403160                UsageFault_Handler
                0x0000000000403162                SVC_Handler
                0x0000000000403164                DebugMon_Handler
                0x0000000000403166                PendSV_Handler
                0x0000000000403168                SysTick_Handler
                0x000000000040316a                undefined_handler
 .mcal_text     0x000000000040316c       0x52 ./Project_Settings/Startup_Code/nvic.o
                0x000000000040316c                NVIC_SetPriorityGrouping
                0x0000000000403180                NVIC_EnableIRQ
                0x0000000000403198                NVIC_DisableIRQ
                0x00000000004031b0                NVIC_SetPriority
 *fill*         0x00000000004031be        0x2 
 .mcal_text     0x00000000004031c0       0xe8 ./Project_Settings/Startup_Code/startup.o
                0x00000000004031c0                init_data_bss
                0x000000000040324c                init_data_bss_core2
 .mcal_text     0x00000000004032a8      0x340 ./Project_Settings/Startup_Code/system.o
                0x00000000004032a8                startup_go_to_user_mode
                0x00000000004032aa                default_interrupt_routine
                0x00000000004032ac                Sys_GetCoreID
                0x00000000004032bc                SystemInit
                0x00000000004035cc                Enable_FPU
 .mcal_text     0x00000000004035e8      0x884 ./RTD/src/Clock_Ip.o
                0x00000000004035ea                Clock_Ip_InitClock
                0x0000000000403b90                Clock_Ip_GetPllStatus
                0x0000000000403c34                Clock_Ip_DistributePll
                0x0000000000403d20                Clock_Ip_Init
                0x0000000000403d44                Clock_Ip_DisableClockMonitor
                0x0000000000403d68                Clock_Ip_InstallNotificationsCallback
                0x0000000000403d74                Clock_Ip_DisableModuleClock
                0x0000000000403d9c                Clock_Ip_EnableModuleClock
                0x0000000000403dc4                Clock_Ip_DisableFircInStandby
                0x0000000000403ddc                Clock_Ip_EnableFircInStandby
                0x0000000000403df4                Clock_Ip_DisableSircInStandby
                0x0000000000403e0c                Clock_Ip_EnableSircInStandby
                0x0000000000403e24                Clock_Ip_ReportClockErrors
                0x0000000000403e30                Clock_Ip_StartTimeout
                0x0000000000403e50                Clock_Ip_TimeoutExpired
 .mcal_text     0x0000000000403e6c      0x1e4 ./RTD/src/Clock_Ip_Divider.o
 .mcal_text     0x0000000000404050       0x9c ./RTD/src/Clock_Ip_DividerTrigger.o
 .mcal_text     0x00000000004040ec      0x234 ./RTD/src/Clock_Ip_ExtOsc.o
 .mcal_text     0x0000000000404320        0x6 ./RTD/src/Clock_Ip_FracDiv.o
 .mcal_text     0x0000000000404326        0x2 ./RTD/src/Clock_Ip_Frequency.o
                0x0000000000404326                Clock_Ip_SetExternalSignalFrequency
 .mcal_text     0x0000000000404328      0x154 ./RTD/src/Clock_Ip_Gate.o
 .mcal_text     0x000000000040447c      0x104 ./RTD/src/Clock_Ip_IntOsc.o
 .mcal_text     0x0000000000404580        0x4 ./RTD/src/Clock_Ip_Irq.o
                0x0000000000404580                Mcu_Cmu_ClockFail_IRQHandler
 .mcal_text     0x0000000000404584      0x288 ./RTD/src/Clock_Ip_Monitor.o
                0x00000000004047c4                Clock_Ip_CMU_ClockFailInt
 .mcal_text     0x000000000040480c      0x1d0 ./RTD/src/Clock_Ip_Pll.o
 .mcal_text     0x00000000004049dc      0x1f0 ./RTD/src/Clock_Ip_ProgFreqSwitch.o
 .mcal_text     0x0000000000404bcc      0x3dc ./RTD/src/Clock_Ip_Selector.o
                0x0000000000404f7c                Clock_Ip_SetRtcRtccClksel_TrustedCall
 .mcal_text     0x0000000000404fa8      0x3c8 ./RTD/src/Clock_Ip_Specific.o
                0x0000000000404fa8                Clock_Ip_SetFlashWaitStates
                0x0000000000404fac                Clock_Ip_McMeEnterKey
                0x0000000000404fc0                Clock_Ip_PowerClockIpModules
                0x00000000004052c4                DisableFircInStandbyMode
                0x00000000004052d4                EnableFircInStandbyMode
                0x00000000004052f0                DisableSircInStandbyMode
                0x0000000000405300                EnableSircInStandbyMode
                0x000000000040531c                Clock_Ip_Command
                0x000000000040536c                Clock_Ip_SetRamWaitStates
 .mcal_text     0x0000000000405370      0x504 ./RTD/src/Det.o
                0x0000000000405370                Det_Start
                0x0000000000405372                Det_InitDataNode
                0x00000000004053f8                Det_LinkNodeToHead
                0x0000000000405428                Det_DelAllNodesSameId
                0x0000000000405526                Det_FreeNodesInLinkedList
                0x000000000040555c                Det_Init
                0x0000000000405754                Det_ReportError
                0x00000000004057b4                Det_ReportRuntimeError
                0x0000000000405814                Det_ReportTransientFault
 .mcal_text     0x0000000000405874      0x1e0 ./RTD/src/Det_stub.o
                0x0000000000405874                Det_TestLastReportError
                0x00000000004058c4                Det_TestLastReportRuntimeError
                0x0000000000405914                Det_TestLastReportTransientFault
                0x0000000000405964                Det_TestNoError
                0x00000000004059b4                Det_TestNoRuntimeError
                0x0000000000405a04                Det_TestNoTransientFault
 .mcal_text     0x0000000000405a54     0x1848 ./RTD/src/Gmac_Ip.o
                0x0000000000405b70                Gmac_Ip_EnableTimeGateScheduling
                0x0000000000405d1c                Gmac_Ip_Deinit
                0x0000000000405d40                Gmac_Ip_GetPowerState
                0x0000000000405d50                Gmac_Ip_SetPowerState
                0x0000000000405d60                Gmac_Ip_EnableController
                0x0000000000405dc4                Gmac_Ip_DisableController
                0x0000000000405f0c                Gmac_Ip_SetSpeed
                0x0000000000405f1c                Gmac_Ip_GetTxBuff
                0x0000000000405fb0                Gmac_Ip_GetTxMultiBuff
                0x0000000000406044                Gmac_Ip_SendFrame
                0x00000000004060d4                Gmac_Ip_SendMultiBufferFrame
                0x00000000004061b8                Gmac_Ip_ReadFrame
                0x00000000004062e8                Gmac_Ip_SetRxExternalBuffer
                0x0000000000406334                Gmac_Ip_ProvideRxBuff
                0x00000000004063e0                Gmac_Ip_IsFrameAvailable
                0x000000000040640c                Gmac_Ip_GetTransmitStatus
                0x0000000000406510                Gmac_Ip_GetCounter
                0x000000000040652c                Gmac_Ip_EnableMDIO
                0x0000000000406574                Gmac_Ip_MDIORead
                0x00000000004065bc                Gmac_Ip_MDIOWrite
                0x00000000004065f4                Gmac_Ip_MDIOReadMMD
                0x0000000000406638                Gmac_Ip_MDIOWriteMMD
                0x0000000000406678                Gmac_Ip_SetMacAddr
                0x0000000000406694                Gmac_Ip_Init
                0x0000000000406b90                Gmac_Ip_GetMacAddr
                0x0000000000406bbc                Gmac_Ip_GetInterruptFlags
                0x0000000000406bcc                Gmac_Ip_GetChInterruptFlags
                0x0000000000406be0                Gmac_Ip_SetBroadcastForwardAll
                0x0000000000406c0c                Gmac_Ip_SetMulticastForwardAll
                0x0000000000406c40                Gmac_Ip_SetUnicastHashFilter
                0x0000000000406c6c                Gmac_Ip_SetMulticastHashFilter
                0x0000000000406c98                Gmac_Ip_SetHashOrPerfectFilter
                0x0000000000406cc4                Gmac_Ip_AddDstAddrToHashFilter
                0x0000000000406ce4                Gmac_Ip_RemoveDstAddrFromHashFilter
                0x0000000000406d04                Gmac_Ip_SetAddrPerfectFilter
                0x0000000000406d84                Gmac_Ip_SetArpOffloading
                0x0000000000406dac                Gmac_Ip_EnableVlan
                0x0000000000406e18                Gmac_Ip_SetTxOuterVlanTagForInsertion
                0x0000000000406e9c                Gmac_Ip_SetTxOuterVlanTagForReplacement
                0x0000000000406ed0                Gmac_Ip_SetTxInnerVlanTag
                0x0000000000406ef4                Gmac_Ip_SetVlanTagRxFilter
                0x0000000000406f48                Gmac_Ip_AddVlanTagToRxFilter
                0x0000000000406fc0                Gmac_Ip_ReadVlanTagRxFilter
                0x0000000000406fd0                Gmac_Ip_ClearVlanTagRxFilter
                0x0000000000407030                Gmac_Ip_AddVlanTagToHashTable
                0x0000000000407054                Gmac_Ip_RemoveVlanTagFromHashTable
                0x0000000000407078                Gmac_Ip_InitSysTime
                0x0000000000407124                Gmac_Ip_SetSysTimeCorr
                0x0000000000407188                Gmac_Ip_SetRateRatioCorr
                0x000000000040720c                Gmac_Ip_GetSysTime
                0x0000000000407234                Gmac_Ip_SetTxSchedAlgo
                0x0000000000407244                Gmac_Ip_SetTxRingWeight
                0x0000000000407270                Gmac_Ip_EnableTxStoreAndForward
                0x0000000000407284                Gmac_Ip_SetTxThreshold
 .mcal_text     0x000000000040729c      0x668 ./RTD/src/Gmac_Ip_Hw_Access.o
                0x00000000004072ca                GMAC_StartTimeOut
                0x00000000004072ea                GMAC_TimeoutExpired
                0x0000000000407306                GMAC_WriteManagementFrame
                0x0000000000407398                GMAC_CommonIRQHandler
                0x0000000000407514                GMAC_SafetyIRQHandler
                0x00000000004075c8                GMAC_RxIRQHandler
                0x0000000000407610                GMAC_TxIRQHandler
                0x0000000000407658                GMAC_AddToHashTable
                0x0000000000407682                GMAC_RemoveFromHashTable
                0x00000000004076ae                GMAC_AddVlanToHashTable
                0x00000000004076d4                GMAC_RemoveVlanFromHashTable
                0x00000000004076fa                GMAC_GetPowerState
                0x000000000040771e                GMAC_SetPowerState
                0x0000000000407746                GMAC_SetSpeed
                0x0000000000407772                GMAC_SetSchedAlg
                0x0000000000407790                GMAC_SetTxQueueQuantumWeight
                0x0000000000407794                GMAC_SetTxQueueCreditBasedShaper
                0x000000000040779c                GMAC_SetTxQueueOperationMode
                0x00000000004077c2                GMAC_SetTxStoreAndForward
                0x00000000004077cc                GMAC_SetTxThreshold
                0x00000000004077e2                GMAC_EnableRxQueue
                0x0000000000407806                GMAC_SetRxQueueOperationMode
                0x000000000040781c                GMAC_SetRxQueuesDmaChMap
                0x0000000000407848                GMAC_ReadVlanTagRxFilter
                0x000000000040789c                GMAC_SetVlanTagInvMatch
                0x00000000004078ae                GMAC_SetVlanTagDataRxMatch
 .mcal_text     0x0000000000407904       0x78 ./RTD/src/Gmac_Ip_Irq.o
                0x0000000000407904                GMAC0_Common_IRQHandler
                0x000000000040790a                GMAC0_Safety_IRQHandler
                0x0000000000407910                GMAC0_CH0_TX_IRQHandler
                0x0000000000407918                GMAC0_CH1_TX_IRQHandler
                0x0000000000407920                GMAC0_CH2_TX_IRQHandler
                0x0000000000407928                GMAC0_CH0_RX_IRQHandler
                0x0000000000407930                GMAC0_CH1_RX_IRQHandler
                0x0000000000407938                GMAC0_CH2_RX_IRQHandler
                0x0000000000407940                GMAC1_Common_IRQHandler
                0x0000000000407946                GMAC1_Safety_IRQHandler
                0x000000000040794c                GMAC1_CH0_TX_IRQHandler
                0x0000000000407954                GMAC1_CH1_TX_IRQHandler
                0x000000000040795c                GMAC1_CH2_TX_IRQHandler
                0x0000000000407964                GMAC1_CH0_RX_IRQHandler
                0x000000000040796c                GMAC1_CH1_RX_IRQHandler
                0x0000000000407974                GMAC1_CH2_RX_IRQHandler
 .mcal_text     0x000000000040797c       0x1e ./RTD/src/OsIf_Timer.o
                0x000000000040797c                OsIf_Init
                0x0000000000407984                OsIf_GetCounter
                0x0000000000407988                OsIf_GetElapsed
                0x0000000000407990                OsIf_SetTimerFrequency
                0x0000000000407992                OsIf_MicrosToTicks
 .mcal_text     0x000000000040799a       0x4c ./RTD/src/OsIf_Timer_System_Internal_Systick.o
                0x000000000040799a                OsIf_Timer_System_Internal_Init
                0x00000000004079b0                OsIf_Timer_System_Internal_GetCounter
                0x00000000004079bc                OsIf_Timer_System_Internal_GetElapsed
 *fill*         0x00000000004079e6        0x2 
 .mcal_text     0x00000000004079e8       0xc8 ./RTD/src/SchM_BaseNXP.o
                0x00000000004079e8                SchM_Enter_BaseNXP_BASENXP_EXCLUSIVE_AREA_00
                0x0000000000407a1c                SchM_Exit_BaseNXP_BASENXP_EXCLUSIVE_AREA_00
                0x0000000000407a4c                SchM_Enter_BaseNXP_BASENXP_EXCLUSIVE_AREA_01
                0x0000000000407a80                SchM_Exit_BaseNXP_BASENXP_EXCLUSIVE_AREA_01
 .mcal_text     0x0000000000407ab0      0x258 ./RTD/src/SchM_Eth_43_GMAC.o
                0x0000000000407ab0                SchM_Enter_Eth_43_GMAC_ETH_EXCLUSIVE_AREA_00
                0x0000000000407ae4                SchM_Exit_Eth_43_GMAC_ETH_EXCLUSIVE_AREA_00
                0x0000000000407b14                SchM_Enter_Eth_43_GMAC_ETH_EXCLUSIVE_AREA_01
                0x0000000000407b48                SchM_Exit_Eth_43_GMAC_ETH_EXCLUSIVE_AREA_01
                0x0000000000407b78                SchM_Enter_Eth_43_GMAC_ETH_EXCLUSIVE_AREA_02
                0x0000000000407bac                SchM_Exit_Eth_43_GMAC_ETH_EXCLUSIVE_AREA_02
                0x0000000000407bdc                SchM_Enter_Eth_43_GMAC_ETH_EXCLUSIVE_AREA_03
                0x0000000000407c10                SchM_Exit_Eth_43_GMAC_ETH_EXCLUSIVE_AREA_03
                0x0000000000407c40                SchM_Enter_Eth_43_GMAC_ETH_EXCLUSIVE_AREA_35
                0x0000000000407c74                SchM_Exit_Eth_43_GMAC_ETH_EXCLUSIVE_AREA_35
                0x0000000000407ca4                SchM_Enter_Eth_43_GMAC_ETH_EXCLUSIVE_AREA_36
                0x0000000000407cd8                SchM_Exit_Eth_43_GMAC_ETH_EXCLUSIVE_AREA_36
 .mcal_text     0x0000000000407d08      0x12c ./RTD/src/SchM_Mcu.o
                0x0000000000407d08                SchM_Enter_Mcu_MCU_EXCLUSIVE_AREA_00
                0x0000000000407d3c                SchM_Exit_Mcu_MCU_EXCLUSIVE_AREA_00
                0x0000000000407d6c                SchM_Enter_Mcu_MCU_EXCLUSIVE_AREA_01
                0x0000000000407da0                SchM_Exit_Mcu_MCU_EXCLUSIVE_AREA_01
                0x0000000000407dd0                SchM_Enter_Mcu_MCU_EXCLUSIVE_AREA_02
                0x0000000000407e04                SchM_Exit_Mcu_MCU_EXCLUSIVE_AREA_02
 .mcal_text     0x0000000000407e34      0xaf0 ./RTD/src/SchM_Port.o
                0x0000000000407e34                SchM_Enter_Port_PORT_EXCLUSIVE_AREA_00
                0x0000000000407e68                SchM_Exit_Port_PORT_EXCLUSIVE_AREA_00
                0x0000000000407e98                SchM_Enter_Port_PORT_EXCLUSIVE_AREA_01
                0x0000000000407ecc                SchM_Exit_Port_PORT_EXCLUSIVE_AREA_01
                0x0000000000407efc                SchM_Enter_Port_PORT_EXCLUSIVE_AREA_02
                0x0000000000407f30                SchM_Exit_Port_PORT_EXCLUSIVE_AREA_02
                0x0000000000407f60                SchM_Enter_Port_PORT_EXCLUSIVE_AREA_03
                0x0000000000407f94                SchM_Exit_Port_PORT_EXCLUSIVE_AREA_03
                0x0000000000407fc4                SchM_Enter_Port_PORT_EXCLUSIVE_AREA_04
                0x0000000000407ff8                SchM_Exit_Port_PORT_EXCLUSIVE_AREA_04
                0x0000000000408028                SchM_Enter_Port_PORT_EXCLUSIVE_AREA_05
                0x000000000040805c                SchM_Exit_Port_PORT_EXCLUSIVE_AREA_05
                0x000000000040808c                SchM_Enter_Port_PORT_EXCLUSIVE_AREA_06
                0x00000000004080c0                SchM_Exit_Port_PORT_EXCLUSIVE_AREA_06
                0x00000000004080f0                SchM_Enter_Port_PORT_EXCLUSIVE_AREA_07
                0x0000000000408124                SchM_Exit_Port_PORT_EXCLUSIVE_AREA_07
                0x0000000000408154                SchM_Enter_Port_PORT_EXCLUSIVE_AREA_08
                0x0000000000408188                SchM_Exit_Port_PORT_EXCLUSIVE_AREA_08
                0x00000000004081b8                SchM_Enter_Port_PORT_EXCLUSIVE_AREA_09
                0x00000000004081ec                SchM_Exit_Port_PORT_EXCLUSIVE_AREA_09
                0x000000000040821c                SchM_Enter_Port_PORT_EXCLUSIVE_AREA_10
                0x0000000000408250                SchM_Exit_Port_PORT_EXCLUSIVE_AREA_10
                0x0000000000408280                SchM_Enter_Port_PORT_EXCLUSIVE_AREA_11
                0x00000000004082b4                SchM_Exit_Port_PORT_EXCLUSIVE_AREA_11
                0x00000000004082e4                SchM_Enter_Port_PORT_EXCLUSIVE_AREA_12
                0x0000000000408318                SchM_Exit_Port_PORT_EXCLUSIVE_AREA_12
                0x0000000000408348                SchM_Enter_Port_PORT_EXCLUSIVE_AREA_13
                0x000000000040837c                SchM_Exit_Port_PORT_EXCLUSIVE_AREA_13
                0x00000000004083ac                SchM_Enter_Port_PORT_EXCLUSIVE_AREA_14
                0x00000000004083e0                SchM_Exit_Port_PORT_EXCLUSIVE_AREA_14
                0x0000000000408410                SchM_Enter_Port_PORT_EXCLUSIVE_AREA_15
                0x0000000000408444                SchM_Exit_Port_PORT_EXCLUSIVE_AREA_15
                0x0000000000408474                SchM_Enter_Port_PORT_EXCLUSIVE_AREA_16
                0x00000000004084a8                SchM_Exit_Port_PORT_EXCLUSIVE_AREA_16
                0x00000000004084d8                SchM_Enter_Port_PORT_EXCLUSIVE_AREA_17
                0x000000000040850c                SchM_Exit_Port_PORT_EXCLUSIVE_AREA_17
                0x000000000040853c                SchM_Enter_Port_PORT_EXCLUSIVE_AREA_18
                0x0000000000408570                SchM_Exit_Port_PORT_EXCLUSIVE_AREA_18
                0x00000000004085a0                SchM_Enter_Port_PORT_EXCLUSIVE_AREA_19
                0x00000000004085d4                SchM_Exit_Port_PORT_EXCLUSIVE_AREA_19
                0x0000000000408604                SchM_Enter_Port_PORT_EXCLUSIVE_AREA_20
                0x0000000000408638                SchM_Exit_Port_PORT_EXCLUSIVE_AREA_20
                0x0000000000408668                SchM_Enter_Port_PORT_EXCLUSIVE_AREA_21
                0x000000000040869c                SchM_Exit_Port_PORT_EXCLUSIVE_AREA_21
                0x00000000004086cc                SchM_Enter_Port_PORT_EXCLUSIVE_AREA_22
                0x0000000000408700                SchM_Exit_Port_PORT_EXCLUSIVE_AREA_22
                0x0000000000408730                SchM_Enter_Port_PORT_EXCLUSIVE_AREA_23
                0x0000000000408764                SchM_Exit_Port_PORT_EXCLUSIVE_AREA_23
                0x0000000000408794                SchM_Enter_Port_PORT_EXCLUSIVE_AREA_24
                0x00000000004087c8                SchM_Exit_Port_PORT_EXCLUSIVE_AREA_24
                0x00000000004087f8                SchM_Enter_Port_PORT_EXCLUSIVE_AREA_25
                0x000000000040882c                SchM_Exit_Port_PORT_EXCLUSIVE_AREA_25
                0x000000000040885c                SchM_Enter_Port_PORT_EXCLUSIVE_AREA_26
                0x0000000000408890                SchM_Exit_Port_PORT_EXCLUSIVE_AREA_26
                0x00000000004088c0                SchM_Enter_Port_PORT_EXCLUSIVE_AREA_27
                0x00000000004088f4                SchM_Exit_Port_PORT_EXCLUSIVE_AREA_27
 .mcal_text     0x0000000000408924      0x458 ./RTD/src/Siul2_Port_Ip.o
                0x0000000000408a78                Siul2_Port_Ip_Init
                0x0000000000408aa8                Siul2_Port_Ip_SetPullSel
                0x0000000000408b04                Siul2_Port_Ip_SetOutputBuffer
                0x0000000000408b6a                Siul2_Port_Ip_SetInputBuffer
                0x0000000000408bda                Siul2_Port_Ip_SetPinDirection
                0x0000000000408c52                Siul2_Port_Ip_RevertPinConfiguration
                0x0000000000408cb4                Siul2_Port_Ip_GetPinConfiguration
 .mcal_text     0x0000000000408d7c      0x11c ./RTD/src/Tspc_Port_Ip.o
                0x0000000000408d7c                Tspc_Port_Ip_EnableObeGroup
                0x0000000000408dac                Tspc_Port_Ip_DisableObeGroup
                0x0000000000408ddc                Tspc_Port_Ip_MaskObeGroup
                0x0000000000408dfa                Tspc_Port_Ip_ConfigureObeGroup
                0x0000000000408e98                . = ALIGN (0x4)
 *(.acmcu_code_rom)
                0x0000000000408e98                . = ALIGN (0x4)
                0x0000000000408e98                __acfls_code_rom_start = .
 *(.acfls_code_rom)
 .acfls_code_rom
                0x0000000000408e98       0x78 ./RTD/src/Clock_Ip_Specific.o
                0x0000000000408e98                Clock_Ip_PRAMCSetRamIWS
 .acfls_code_rom.__stub
                0x0000000000408f10        0x8 linker stubs
                0x0000000000408f18                . = ALIGN (0x4)
                0x0000000000408f18                __acfls_code_rom_end = .
                0x0000000000408f18                __acmem_43_infls_code_rom_start = .
 *(.acmem_43_infls_code_rom)
                0x0000000000408f18                . = ALIGN (0x4)
                0x0000000000408f18                __acmem_43_infls_code_rom_end = .
 *(.init)
                0x0000000000408f18                . = ALIGN (0x4)
 *(.fini)
                0x0000000000408f18                . = ALIGN (0x4)
 *(.rodata)
 .rodata        0x0000000000408f18        0x3 ./RTD/src/Clock_Ip_IntOsc.o
 *fill*         0x0000000000408f1b        0x1 
 .rodata        0x0000000000408f1c       0x2d ./RTD/src/Gmac_Ip.o
 .rodata        0x0000000000408f49        0x3 ./RTD/src/Gmac_Ip_Hw_Access.o
 .rodata        0x0000000000408f4c        0x4 ./RTD/src/Siul2_Port_Ip.o
                0x0000000000408f4c                Port_au32Siul2BaseAddr
 .rodata        0x0000000000408f50       0x10 ./board/dcf_config.o
                0x0000000000408f50                dcf_commands
 .rodata        0x0000000000408f60      0x100 ./board/ivt_config.o
                0x0000000000408f60                ivt_binary
 *(.rodata*)
                0x0000000000409060                . = ALIGN (0x4)
 *(.mcal_const_cfg)
 .mcal_const_cfg
                0x0000000000409060      0x6c0 ./board/Siul2_Port_Ip_Cfg.o
                0x0000000000409060                g_pin_mux_InitConfigArr_PortContainer_0_VS_0
 .mcal_const_cfg
                0x0000000000409720      0x7fc ./generate/src/Clock_Ip_Cfg.o
                0x0000000000409720                Clock_Ip_aClockConfig
 .mcal_const_cfg
                0x0000000000409f1c      0x174 ./generate/src/Gmac_Ip_Sa_VS_0_PBcfg.o
                0x0000000000409f1c                Gmac_1_ConfigPB_VS_0
                0x0000000000409f34                Gmac_0_ConfigPB_VS_0
                0x000000000040a090                . = ALIGN (0x4)
 *(.mcal_const)
 .mcal_const    0x000000000040a090     0x12de ./RTD/src/Clock_Ip_Data.o
                0x000000000040a090                Clock_Ip_axGateInfo
                0x000000000040a778                Clock_Ip_axFeatureExtensions
                0x000000000040a9c8                Clock_Ip_aeHwDfsName
                0x000000000040a9cc                Clock_Ip_aeHwPllName
                0x000000000040a9d4                Clock_Ip_aeSourceTypeClockName
                0x000000000040aa48                Clock_Ip_apxMcMeTriggerPartitions
                0x000000000040aa58                Clock_Ip_apxMcMeGetPartitions
                0x000000000040aa68                Clock_Ip_apxMcMeSetPartitions
                0x000000000040aa78                Clock_Ip_axCmuInfo
                0x000000000040ab04                Clock_Ip_aeCmuNames
                0x000000000040ab20                Clock_Ip_apxCmu
                0x000000000040ab3c                Clock_Ip_apxPll
                0x000000000040ab4c                Clock_Ip_apxXosc
                0x000000000040ab54                Clock_Ip_apxCgmPcfs
                0x000000000040ab58                Clock_Ip_apxCgm
                0x000000000040abac                Clock_Ip_au16SelectorEntryRtcHardwareValue
                0x000000000040abe6                Clock_Ip_au16SelectorEntryHardwareValue
                0x000000000040ac20                Clock_Ip_au8SoftwareMuxResetValue
                0x000000000040acd1                Clock_Ip_au8ClockFeatures
                0x000000000040b30a                Clock_Ip_au8CmuCallbackIndex
                0x000000000040b314                Clock_Ip_au8PcfsCallbackIndex
                0x000000000040b31e                Clock_Ip_au8SelectorCallbackIndex
                0x000000000040b328                Clock_Ip_au8PllCallbackIndex
                0x000000000040b332                Clock_Ip_au8FractionalDividerCallbackIndex
                0x000000000040b33c                Clock_Ip_au8GateCallbackIndex
                0x000000000040b346                Clock_Ip_au8IrcoscCallbackIndex
                0x000000000040b350                Clock_Ip_au8XoscCallbackIndex
                0x000000000040b35a                Clock_Ip_au8DividerTriggerCallbackIndex
                0x000000000040b364                Clock_Ip_au8DividerCallbackIndex
 *fill*         0x000000000040b36e        0x2 
 .mcal_const    0x000000000040b370       0x14 ./RTD/src/Clock_Ip_Divider.o
                0x000000000040b370                Clock_Ip_axDividerCallbacks
 .mcal_const    0x000000000040b384       0x10 ./RTD/src/Clock_Ip_DividerTrigger.o
                0x000000000040b384                Clock_Ip_axDividerTriggerCallbacks
 .mcal_const    0x000000000040b394       0x30 ./RTD/src/Clock_Ip_ExtOsc.o
                0x000000000040b394                Clock_Ip_axExtOscCallbacks
 .mcal_const    0x000000000040b3c4        0xc ./RTD/src/Clock_Ip_FracDiv.o
                0x000000000040b3c4                Clock_Ip_axFracDivCallbacks
 .mcal_const    0x000000000040b3d0       0x10 ./RTD/src/Clock_Ip_Gate.o
                0x000000000040b3d0                Clock_Ip_axGateCallbacks
 .mcal_const    0x000000000040b3e0       0x30 ./RTD/src/Clock_Ip_IntOsc.o
                0x000000000040b3e0                Clock_Ip_axIntOscCallbacks
 .mcal_const    0x000000000040b410       0x20 ./RTD/src/Clock_Ip_Monitor.o
                0x000000000040b410                Clock_Ip_axCmuCallbacks
 .mcal_const    0x000000000040b430       0x3c ./RTD/src/Clock_Ip_Pll.o
                0x000000000040b430                Clock_Ip_axPllCallbacks
 .mcal_const    0x000000000040b46c        0x8 ./RTD/src/Clock_Ip_ProgFreqSwitch.o
                0x000000000040b46c                Clock_Ip_axPcfsCallbacks
 .mcal_const    0x000000000040b474       0x28 ./RTD/src/Clock_Ip_Selector.o
                0x000000000040b474                Clock_Ip_axSelectorCallbacks
 .mcal_const    0x000000000040b49c       0x38 ./RTD/src/Gmac_Ip_Hw_Access.o
                0x000000000040b49c                Gmac_apxBases
                0x000000000040b4a4                Gmac_apxChBases
                0x000000000040b4bc                Gmac_apxQueueBases
                0x000000000040b4d4                . = ALIGN (0x4)
                0x000000000040b4d4                __init_table = .
 *(.init_table)
 .init_table    0x000000000040b4d4       0x4c ./Project_Settings/Startup_Code/startup_cm7.o
                0x000000000040b520                . = ALIGN (0x4)
                0x000000000040b520                __zero_table = .
 *(.zero_table)
 .zero_table    0x000000000040b520       0x1c ./Project_Settings/Startup_Code/startup_cm7.o

.ARM.extab      0x000000000040b53c        0x0
 .ARM.extab     0x000000000040b53c        0x0 /home/kj/NXP/S32DS.3.6.7/S32DS/build_tools/gcc_v10.2/gcc-10.2-arm32-eabi/bin/../lib/gcc/arm-none-eabi/10.2.0/thumb/v7e-m+fp/hard/libgcc.a(_udivmoddi4.o)

.ARM.exidx      0x000000000040b53c        0x8
 .ARM.exidx     0x000000000040b53c        0x8 /home/kj/NXP/S32DS.3.6.7/S32DS/build_tools/gcc_v10.2/gcc-10.2-arm32-eabi/bin/../lib/gcc/arm-none-eabi/10.2.0/thumb/v7e-m+fp/hard/libgcc.a(_udivmoddi4.o)

.glue_7         0x000000000040b544        0x0
 .glue_7        0x000000000040b544        0x0 linker stubs

.glue_7t        0x000000000040b544        0x0
 .glue_7t       0x000000000040b544        0x0 linker stubs

.vfp11_veneer   0x000000000040b544        0x0
 .vfp11_veneer  0x000000000040b544        0x0 linker stubs

.v4_bx          0x000000000040b544        0x0
 .v4_bx         0x000000000040b544        0x0 linker stubs

.iplt           0x000000000040b544        0x0
 .iplt          0x000000000040b544        0x0 ./Project_Settings/Startup_Code/Vector_Table.o

.rel.dyn        0x000000000040b544        0x0
 .rel.iplt      0x000000000040b544        0x0 ./Project_Settings/Startup_Code/Vector_Table.o
                0x000000000040b544                . = ALIGN (0x4)
                0x000000000040b544                __text_end = .
                0x000000000040b544                __sram_data_rom = __text_end

.sram_bss       0x0000000020400000      0x288
                0x0000000020400000                . = ALIGN (0x8)
                0x0000000020400000                __standby_ram_begin__ = .
 *(.standby_data)
                0x0000000020400000                . = ALIGN (0x8)
                0x0000000020400000                __standby_ram_end__ = .
                0x0000000020400000                . = ALIGN (0x10)
                0x0000000020400000                __sram_bss_start = .
 *(.bss)
 .bss           0x0000000020400000        0x0 ./Project_Settings/Startup_Code/Vector_Table.o
 .bss           0x0000000020400000        0x0 ./Project_Settings/Startup_Code/exceptions.o
 .bss           0x0000000020400000        0x0 ./Project_Settings/Startup_Code/nvic.o
 .bss           0x0000000020400000        0x0 ./Project_Settings/Startup_Code/startup.o
 .bss           0x0000000020400000        0x0 ./Project_Settings/Startup_Code/startup_cm7.o
 .bss           0x0000000020400000       0x80 ./Project_Settings/Startup_Code/system.o
                0x0000000020400000                rbar
                0x0000000020400040                rasr
 .bss           0x0000000020400080        0x0 ./RTD/src/Clock_Ip.o
 .bss           0x0000000020400080        0x0 ./RTD/src/Clock_Ip_Data.o
 .bss           0x0000000020400080        0x0 ./RTD/src/Clock_Ip_Divider.o
 .bss           0x0000000020400080        0x0 ./RTD/src/Clock_Ip_DividerTrigger.o
 .bss           0x0000000020400080        0x0 ./RTD/src/Clock_Ip_ExtOsc.o
 .bss           0x0000000020400080        0x0 ./RTD/src/Clock_Ip_FracDiv.o
 .bss           0x0000000020400080        0x0 ./RTD/src/Clock_Ip_Frequency.o
 .bss           0x0000000020400080        0x0 ./RTD/src/Clock_Ip_Gate.o
 .bss           0x0000000020400080        0x0 ./RTD/src/Clock_Ip_IntOsc.o
 .bss           0x0000000020400080        0x0 ./RTD/src/Clock_Ip_Irq.o
 .bss           0x0000000020400080        0x0 ./RTD/src/Clock_Ip_Monitor.o
 .bss           0x0000000020400080        0x0 ./RTD/src/Clock_Ip_Pll.o
 .bss           0x0000000020400080        0x0 ./RTD/src/Clock_Ip_ProgFreqSwitch.o
 .bss           0x0000000020400080        0x0 ./RTD/src/Clock_Ip_Selector.o
 .bss           0x0000000020400080        0x0 ./RTD/src/Clock_Ip_Specific.o
 .bss           0x0000000020400080        0x0 ./RTD/src/Det.o
 .bss           0x0000000020400080        0x0 ./RTD/src/Det_stub.o
 .bss           0x0000000020400080        0x0 ./RTD/src/Gmac_Ip.o
 .bss           0x0000000020400080        0x0 ./RTD/src/Gmac_Ip_Hw_Access.o
 .bss           0x0000000020400080        0x0 ./RTD/src/Gmac_Ip_Irq.o
 .bss           0x0000000020400080        0x0 ./RTD/src/Igf_Port_Ip.o
 .bss           0x0000000020400080        0x0 ./RTD/src/OsIf_Interrupts.o
 .bss           0x0000000020400080        0x0 ./RTD/src/OsIf_Software_Semaphore.o
 .bss           0x0000000020400080        0x0 ./RTD/src/OsIf_Timer.o
 .bss           0x0000000020400080        0x0 ./RTD/src/OsIf_Timer_System.o
 .bss           0x0000000020400080        0x0 ./RTD/src/OsIf_Timer_System_Internal_Systick.o
 .bss           0x0000000020400080        0x0 ./RTD/src/SchM_BaseNXP.o
 .bss           0x0000000020400080        0x0 ./RTD/src/SchM_Eth_43_GMAC.o
 .bss           0x0000000020400080        0x0 ./RTD/src/SchM_Mcu.o
 .bss           0x0000000020400080        0x0 ./RTD/src/SchM_Port.o
 .bss           0x0000000020400080        0x0 ./RTD/src/Siul2_Port_Ip.o
 .bss           0x0000000020400080        0x0 ./RTD/src/Tspc_Port_Ip.o
 .bss           0x0000000020400080        0x0 ./board/Siul2_Port_Ip_Cfg.o
 .bss           0x0000000020400080        0x0 ./board/Tspc_Port_Ip_Cfg.o
 .bss           0x0000000020400080        0x0 ./board/dcf_config.o
 .bss           0x0000000020400080        0x0 ./board/ivt_config.o
 .bss           0x0000000020400080        0x0 ./generate/src/Clock_Ip_Cfg.o
 .bss           0x0000000020400080        0x0 ./generate/src/Gmac_Ip_Cfg.o
 .bss           0x0000000020400080        0x0 ./generate/src/Gmac_Ip_Sa_VS_0_PBcfg.o
 .bss           0x0000000020400080        0x0 ./generate/src/Igf_Port_Ip_Cfg.o
 .bss           0x0000000020400080        0x0 ./generate/src/OsIf_Cfg.o
 .bss           0x0000000020400080        0x0 ./src/main.o
 .bss           0x0000000020400080        0x0 /home/kj/NXP/S32DS.3.6.7/S32DS/build_tools/gcc_v10.2/gcc-10.2-arm32-eabi/bin/../lib/gcc/arm-none-eabi/10.2.0/../../../../arm-none-eabi/lib/thumb/v7e-m+fp/hard/libc_nano.a(lib_a-memmove.o)
 .bss           0x0000000020400080        0x0 /home/kj/NXP/S32DS.3.6.7/S32DS/build_tools/gcc_v10.2/gcc-10.2-arm32-eabi/bin/../lib/gcc/arm-none-eabi/10.2.0/../../../../arm-none-eabi/lib/thumb/v7e-m+fp/hard/libc_nano.a(lib_a-memset.o)
 .bss           0x0000000020400080        0x0 /home/kj/NXP/S32DS.3.6.7/S32DS/build_tools/gcc_v10.2/gcc-10.2-arm32-eabi/bin/../lib/gcc/arm-none-eabi/10.2.0/thumb/v7e-m+fp/hard/libgcc.a(_arm_muldivdf3.o)
 .bss           0x0000000020400080        0x0 /home/kj/NXP/S32DS.3.6.7/S32DS/build_tools/gcc_v10.2/gcc-10.2-arm32-eabi/bin/../lib/gcc/arm-none-eabi/10.2.0/thumb/v7e-m+fp/hard/libgcc.a(_arm_cmpdf2.o)
 .bss           0x0000000020400080        0x0 /home/kj/NXP/S32DS.3.6.7/S32DS/build_tools/gcc_v10.2/gcc-10.2-arm32-eabi/bin/../lib/gcc/arm-none-eabi/10.2.0/thumb/v7e-m+fp/hard/libgcc.a(_arm_fixunsdfsi.o)
 .bss           0x0000000020400080        0x0 /home/kj/NXP/S32DS.3.6.7/S32DS/build_tools/gcc_v10.2/gcc-10.2-arm32-eabi/bin/../lib/gcc/arm-none-eabi/10.2.0/thumb/v7e-m+fp/hard/libgcc.a(_aeabi_ldivmod.o)
 .bss           0x0000000020400080        0x0 /home/kj/NXP/S32DS.3.6.7/S32DS/build_tools/gcc_v10.2/gcc-10.2-arm32-eabi/bin/../lib/gcc/arm-none-eabi/10.2.0/thumb/v7e-m+fp/hard/libgcc.a(_aeabi_uldivmod.o)
 .bss           0x0000000020400080        0x0 /home/kj/NXP/S32DS.3.6.7/S32DS/build_tools/gcc_v10.2/gcc-10.2-arm32-eabi/bin/../lib/gcc/arm-none-eabi/10.2.0/thumb/v7e-m+fp/hard/libgcc.a(_udivmoddi4.o)
 .bss           0x0000000020400080        0x0 /home/kj/NXP/S32DS.3.6.7/S32DS/build_tools/gcc_v10.2/gcc-10.2-arm32-eabi/bin/../lib/gcc/arm-none-eabi/10.2.0/thumb/v7e-m+fp/hard/libgcc.a(_dvmd_tls.o)
 *(.bss*)
                0x0000000020400080                . = ALIGN (0x10)
 *(.mcal_bss)
 .mcal_bss      0x0000000020400080        0x4 ./Project_Settings/Startup_Code/system.o
                0x0000000020400080                RESET_CATCH_CORE
 .mcal_bss      0x0000000020400084       0xbd ./RTD/src/Clock_Ip.o
                0x0000000020400088                Clock_Ip_FreqIds
                0x000000002040013c                Clock_Ip_pxConfig
 *fill*         0x0000000020400141        0x3 
 .mcal_bss      0x0000000020400144       0x10 ./RTD/src/Clock_Ip_Monitor.o
 *fill*         0x0000000020400154        0x4 
 .mcal_bss      0x0000000020400158        0x8 ./RTD/src/Clock_Ip_ProgFreqSwitch.o
 .mcal_bss      0x0000000020400160        0xc ./RTD/src/Clock_Ip_Specific.o
 .mcal_bss      0x000000002040016c       0x4c ./RTD/src/Gmac_Ip.o
                0x000000002040016c                Gmac_Ip_u16NumberOfClearedBd
                0x00000000204001b0                Gmac_apxState
 .mcal_bss      0x00000000204001b8        0x8 ./RTD/src/Siul2_Port_Ip.o
 .mcal_bss      0x00000000204001c0       0xb8 ./generate/src/Gmac_Ip_Cfg.o
                0x00000000204001c0                GMAC_1_StateStructure
                0x000000002040021c                GMAC_0_StateStructure
 .mcal_bss      0x0000000020400278       0x10 ./generate/src/Gmac_Ip_Sa_VS_0_PBcfg.o
                0x0000000020400288                . = ALIGN (0x4)
                0x0000000020400288                __sram_bss_end = .

.sram_data      0x0000000020400288       0xa8 load address 0x000000000040b544
                0x0000000020400288                . = ALIGN (0x4)
                0x0000000020400288                __sram_data_begin__ = .
                0x0000000020400288                . = ALIGN (0x4)
 *(.ramcode)
 .ramcode       0x0000000020400288       0xa4 ./RTD/src/Clock_Ip_Specific.o
                0x000000002040032c                . = ALIGN (0x4)
 *(.data)
 .data          0x000000002040032c        0x0 ./Project_Settings/Startup_Code/Vector_Table.o
 .data          0x000000002040032c        0x0 ./Project_Settings/Startup_Code/exceptions.o
 .data          0x000000002040032c        0x0 ./Project_Settings/Startup_Code/nvic.o
 .data          0x000000002040032c        0x0 ./Project_Settings/Startup_Code/startup.o
 .data          0x000000002040032c        0x0 ./Project_Settings/Startup_Code/startup_cm7.o
 .data          0x000000002040032c        0x0 ./Project_Settings/Startup_Code/system.o
 .data          0x000000002040032c        0x4 ./RTD/src/Clock_Ip.o
 .data          0x0000000020400330        0x0 ./RTD/src/Clock_Ip_Data.o
 .data          0x0000000020400330        0x0 ./RTD/src/Clock_Ip_Divider.o
 .data          0x0000000020400330        0x0 ./RTD/src/Clock_Ip_DividerTrigger.o
 .data          0x0000000020400330        0x0 ./RTD/src/Clock_Ip_ExtOsc.o
 .data          0x0000000020400330        0x0 ./RTD/src/Clock_Ip_FracDiv.o
 .data          0x0000000020400330        0x0 ./RTD/src/Clock_Ip_Frequency.o
 .data          0x0000000020400330        0x0 ./RTD/src/Clock_Ip_Gate.o
 .data          0x0000000020400330        0x0 ./RTD/src/Clock_Ip_IntOsc.o
 .data          0x0000000020400330        0x0 ./RTD/src/Clock_Ip_Irq.o
 .data          0x0000000020400330        0x0 ./RTD/src/Clock_Ip_Monitor.o
 .data          0x0000000020400330        0x0 ./RTD/src/Clock_Ip_Pll.o
 .data          0x0000000020400330        0x0 ./RTD/src/Clock_Ip_ProgFreqSwitch.o
 .data          0x0000000020400330        0x0 ./RTD/src/Clock_Ip_Selector.o
 .data          0x0000000020400330        0x0 ./RTD/src/Clock_Ip_Specific.o
 .data          0x0000000020400330        0x0 ./RTD/src/Det.o
 .data          0x0000000020400330        0x0 ./RTD/src/Det_stub.o
 .data          0x0000000020400330        0x0 ./RTD/src/Gmac_Ip.o
 .data          0x0000000020400330        0x0 ./RTD/src/Gmac_Ip_Hw_Access.o
 .data          0x0000000020400330        0x0 ./RTD/src/Gmac_Ip_Irq.o
 .data          0x0000000020400330        0x0 ./RTD/src/Igf_Port_Ip.o
 .data          0x0000000020400330        0x0 ./RTD/src/OsIf_Interrupts.o
 .data          0x0000000020400330        0x0 ./RTD/src/OsIf_Software_Semaphore.o
 .data          0x0000000020400330        0x0 ./RTD/src/OsIf_Timer.o
 .data          0x0000000020400330        0x0 ./RTD/src/OsIf_Timer_System.o
 .data          0x0000000020400330        0x0 ./RTD/src/OsIf_Timer_System_Internal_Systick.o
 .data          0x0000000020400330        0x0 ./RTD/src/SchM_BaseNXP.o
 .data          0x0000000020400330        0x0 ./RTD/src/SchM_Eth_43_GMAC.o
 .data          0x0000000020400330        0x0 ./RTD/src/SchM_Mcu.o
 .data          0x0000000020400330        0x0 ./RTD/src/SchM_Port.o
 .data          0x0000000020400330        0x0 ./RTD/src/Siul2_Port_Ip.o
 .data          0x0000000020400330        0x0 ./RTD/src/Tspc_Port_Ip.o
 .data          0x0000000020400330        0x0 ./board/Siul2_Port_Ip_Cfg.o
 .data          0x0000000020400330        0x0 ./board/Tspc_Port_Ip_Cfg.o
 .data          0x0000000020400330        0x0 ./board/dcf_config.o
 .data          0x0000000020400330        0x0 ./board/ivt_config.o
 .data          0x0000000020400330        0x0 ./generate/src/Clock_Ip_Cfg.o
 .data          0x0000000020400330        0x0 ./generate/src/Gmac_Ip_Cfg.o
 .data          0x0000000020400330        0x0 ./generate/src/Gmac_Ip_Sa_VS_0_PBcfg.o
 .data          0x0000000020400330        0x0 ./generate/src/Igf_Port_Ip_Cfg.o
 .data          0x0000000020400330        0x0 ./generate/src/OsIf_Cfg.o
 .data          0x0000000020400330        0x0 ./src/main.o
 .data          0x0000000020400330        0x0 /home/kj/NXP/S32DS.3.6.7/S32DS/build_tools/gcc_v10.2/gcc-10.2-arm32-eabi/bin/../lib/gcc/arm-none-eabi/10.2.0/../../../../arm-none-eabi/lib/thumb/v7e-m+fp/hard/libc_nano.a(lib_a-memmove.o)
 .data          0x0000000020400330        0x0 /home/kj/NXP/S32DS.3.6.7/S32DS/build_tools/gcc_v10.2/gcc-10.2-arm32-eabi/bin/../lib/gcc/arm-none-eabi/10.2.0/../../../../arm-none-eabi/lib/thumb/v7e-m+fp/hard/libc_nano.a(lib_a-memset.o)
 .data          0x0000000020400330        0x0 /home/kj/NXP/S32DS.3.6.7/S32DS/build_tools/gcc_v10.2/gcc-10.2-arm32-eabi/bin/../lib/gcc/arm-none-eabi/10.2.0/thumb/v7e-m+fp/hard/libgcc.a(_arm_muldivdf3.o)
 .data          0x0000000020400330        0x0 /home/kj/NXP/S32DS.3.6.7/S32DS/build_tools/gcc_v10.2/gcc-10.2-arm32-eabi/bin/../lib/gcc/arm-none-eabi/10.2.0/thumb/v7e-m+fp/hard/libgcc.a(_arm_cmpdf2.o)
 .data          0x0000000020400330        0x0 /home/kj/NXP/S32DS.3.6.7/S32DS/build_tools/gcc_v10.2/gcc-10.2-arm32-eabi/bin/../lib/gcc/arm-none-eabi/10.2.0/thumb/v7e-m+fp/hard/libgcc.a(_arm_fixunsdfsi.o)
 .data          0x0000000020400330        0x0 /home/kj/NXP/S32DS.3.6.7/S32DS/build_tools/gcc_v10.2/gcc-10.2-arm32-eabi/bin/../lib/gcc/arm-none-eabi/10.2.0/thumb/v7e-m+fp/hard/libgcc.a(_aeabi_ldivmod.o)
 .data          0x0000000020400330        0x0 /home/kj/NXP/S32DS.3.6.7/S32DS/build_tools/gcc_v10.2/gcc-10.2-arm32-eabi/bin/../lib/gcc/arm-none-eabi/10.2.0/thumb/v7e-m+fp/hard/libgcc.a(_aeabi_uldivmod.o)
 .data          0x0000000020400330        0x0 /home/kj/NXP/S32DS.3.6.7/S32DS/build_tools/gcc_v10.2/gcc-10.2-arm32-eabi/bin/../lib/gcc/arm-none-eabi/10.2.0/thumb/v7e-m+fp/hard/libgcc.a(_udivmoddi4.o)
 .data          0x0000000020400330        0x0 /home/kj/NXP/S32DS.3.6.7/S32DS/build_tools/gcc_v10.2/gcc-10.2-arm32-eabi/bin/../lib/gcc/arm-none-eabi/10.2.0/thumb/v7e-m+fp/hard/libgcc.a(_dvmd_tls.o)
 *(.data*)
                0x0000000020400330                . = ALIGN (0x4)
 *(.mcal_data)
                0x0000000020400330                . = ALIGN (0x4)
                0x0000000020400330                __sram_data_end__ = .
                0x000000000040b5ec                __sram_data_rom_end = (__sram_data_rom + (__sram_data_end__ - __sram_data_begin__))

.heap           0x0000000020400330     0x2000 load address 0x000000000040b5ec
                0x0000000000000000                . = (. + ALIGN (0x4))
                0x0000000020400330                _end = .
                0x0000000020400330                end = .
                0x0000000020400330                _heap_start = .
                0x0000000000002000                . = (. + HEAP_SIZE)
 *fill*         0x0000000020400330     0x2000 
                0x0000000020402330                _heap_end = .

.acfls_code_ram
                0x000000002047ff00        0x0
                0x000000002047ff00                __acfls_code_ram_start = .
 *(.acfls_code_ram)
                0x000000002047ff00                __acfls_code_ram_end = .
                0x000000002047ff00                __acmem_43_infls_code_ram_start = .
 *(.acmem_43_infls_code_ram)
                0x000000002047ff00                __acmem_43_infls_code_ram_end = .
                0x000000000040b5ec                __non_cacheable_data_rom = __sram_data_rom_end

.non_cacheable_data
                0x0000000020480000        0x4 load address 0x000000000040b5ec
                0x0000000020480000                . = ALIGN (0x4)
                0x0000000020480000                __non_cacheable_data_start__ = .
 *(.mcal_data_no_cacheable)
                0x0000000020480000                . = ALIGN (0x4)
 *(.mcal_const_no_cacheable)
                0x0000000020480000                . = ALIGN (0x4)
                0x0000000020480000                HSE_LOOP_ADDR = .
                0x0000000020480000        0x4 LONG 0x0
                0x0000000020480004                __non_cacheable_data_end__ = .
                0x000000000040b5f0                __non_cacheable_data_rom_end = (__non_cacheable_data_rom + (__non_cacheable_data_end__ - __non_cacheable_data_start__))

.igot.plt       0x0000000020480004        0x0 load address 0x000000000040b5f0
 .igot.plt      0x0000000020480004        0x0 ./Project_Settings/Startup_Code/Vector_Table.o

.non_cacheable_bss
                0x0000000020480100     0x1400 load address 0x000000000040b700
                0x0000000020480100                . = ALIGN (0x10)
                0x0000000020480100                __non_cacheable_bss_start = .
 *(.mcal_bss_no_cacheable)
 .mcal_bss_no_cacheable
                0x0000000020480100      0x7a0 ./RTD/src/Det.o
                0x0000000020480100                Det_NextIdxList
                0x0000000020480150                Det_RuntimeErrorId
                0x0000000020480178                Det_aErrorState
                0x0000000020480298                Det_Runtime_NextIdxList
                0x00000000204802e8                Det_aRuntimeErrorState
                0x0000000020480408                Det_ModuleId
                0x0000000020480458                Det_numTransientEventErrors
                0x0000000020480478                Det_TransientInstanceId
                0x00000000204804a0                Det_RuntimeModuleId
                0x00000000204804f0                Det_TransientFaultId
                0x0000000020480518                Det_OverflowErrorFlag
                0x0000000020480520                Det_Transient_Head
                0x0000000020480530                Det_RuntimeInstanceId
                0x0000000020480558                Det_ModuleState
                0x0000000020480578                Det_OverflowRuntimeErrorFlag
                0x0000000020480580                Det_RuntimeApiId
                0x00000000204805a8                Det_OverflowTransientErrorFlag
                0x00000000204805b0                Det_Head
                0x00000000204805c0                Det_numEventErrors
                0x00000000204805e0                Det_Runtime_Head
                0x00000000204805f0                Det_Tail
                0x0000000020480600                Det_InstanceId
                0x0000000020480628                Det_numRuntimeEventErrors
                0x0000000020480648                Det_Runtime_Tail
                0x0000000020480658                Det_TransientApiId
                0x0000000020480680                Det_ApiId
                0x00000000204806a8                Det_Transient_NextIdxList
                0x00000000204806f8                Det_aTransientErrorState
                0x0000000020480818                Det_Transient_Tail
                0x0000000020480828                Det_ErrorId
                0x0000000020480850                Det_TransientModuleId
 .mcal_bss_no_cacheable
                0x00000000204808a0       0x40 ./RTD/src/SchM_BaseNXP.o
 .mcal_bss_no_cacheable
                0x00000000204808e0       0xc0 ./RTD/src/SchM_Eth_43_GMAC.o
 .mcal_bss_no_cacheable
                0x00000000204809a0       0x60 ./RTD/src/SchM_Mcu.o
 .mcal_bss_no_cacheable
                0x0000000020480a00      0x380 ./RTD/src/SchM_Port.o
 *fill*         0x0000000020480d80       0x80 
 .mcal_bss_no_cacheable
                0x0000000020480e00      0x700 ./generate/src/Gmac_Ip_Cfg.o
                0x0000000020480e00                GMAC_0_TxRing_0_DataBuffer
                0x0000000020480f00                GMAC_1_TxRing_0_DescBuffer
                0x0000000020481000                GMAC_0_RxRing_0_DataBuffer
                0x0000000020481100                GMAC_1_RxRing_0_DescBuffer
                0x0000000020481180                GMAC_0_TxRing_0_DescBuffer
                0x0000000020481200                GMAC_0_RxRing_0_DescBuffer
                0x0000000020481300                GMAC_1_TxRing_0_DataBuffer
                0x0000000020481400                GMAC_1_RxRing_0_DataBuffer
                0x0000000020481500                . = ALIGN (0x4)
                0x0000000020481500                __non_cacheable_bss_end = .

.int_results    0x00000000204bbf00      0x100
                0x00000000204bbf00                . = ALIGN (0x4)
 *(.int_results)
                0x00000000204bc000                . = (. + 0x100)
 *fill*         0x00000000204bbf00      0x100 
                0x000000000040b5f0                __shareable_data_rom = __non_cacheable_data_rom_end

.shareable_data
                0x00000000204bc000        0x0 load address 0x000000000040b5f0
                0x00000000204bc000                . = ALIGN (0x4)
                0x00000000204bc000                __shareable_data_start__ = .
 *(.mcal_shared_data)
                0x00000000204bc000                . = ALIGN (0x4)
                0x00000000204bc000                __shareable_data_end__ = .
                0x000000000040b5f0                __shareable_data_rom_end = (__shareable_data_rom + (__shareable_data_end__ - __shareable_data_start__))

.int_vector     0x0000000020000000      0x408
                0x0000000020000000                . = ALIGN (0x800)
                0x0000000020000000                __interrupts_ram_start = .
                0x0000000020000408                . = (. + (__interrupts_init_end - __interrupts_init_start))
 *fill*         0x0000000020000000      0x408 
                0x0000000020000408                . = ALIGN (0x4)
                0x0000000020000408                __interrupts_ram_end = .
                0x000000000040b5f0                __tcm_data_rom = __shareable_data_rom_end

.data_tcm_data  0x0000000020000408        0x0 load address 0x000000000040b5f0
                0x0000000020000408                . = ALIGN (0x4)
                0x0000000020000408                __dtcm_data_start__ = .
 *(.dtcm_data*)
                0x0000000020000408                . = ALIGN (0x4)
                0x0000000020000408                __dtcm_data_end__ = .
                0x000000000040b5f0                __tcm_data_rom_end = (__tcm_data_rom + (__dtcm_data_end__ - __dtcm_data_start__))

.bss_tcm_data   0x0000000020000408        0x0
                0x0000000020000408                . = ALIGN (0x4)
                0x0000000020000408                __dtcm_bss_start__ = .
 *(.dtcm_bss*)
                0x0000000020000408                . = ALIGN (0x4)
                0x0000000020000408                __dtcm_bss_end__ = .
                0x000000000040b5f0                __tcm_code_rom_start = __tcm_data_rom_end

.itcm_text      0x0000000000000000        0x0 load address 0x000000000040b5f0
                0x0000000000000000                . = ALIGN (0x4)
                0x0000000000000000                __itcm_start__ = .
 *(.itcm_text*)
                0x0000000000000000                . = ALIGN (0x4)
                0x0000000000000000                __itcm_end__ = .
                0x000000000040b5f0                __tcm_code_rom_end = (__tcm_code_rom_start + (__itcm_end__ - __itcm_start__))

.shareable_bss  0x00000000204bc000        0x0
                0x00000000204bc000                . = ALIGN (0x10)
                0x00000000204bc000                __shareable_bss_start = .
 *(.mcal_shared_bss)
                0x00000000204bc000                . = ALIGN (0x4)
                0x00000000204bc000                __shareable_bss_end = .
                0x000000002000f000                __Stack_dtcm_end = ORIGIN (int_stack_dtcm)
                0x0000000020010000                __Stack_dtcm_start = (ORIGIN (int_stack_dtcm) + LENGTH (int_stack_dtcm))
                0x0000000020400000                __INT_SRAM_START = ORIGIN (int_sram)
                0x00000000204c0000                __INT_SRAM_END = ORIGIN (ram_rsvd2)
                0x0000000000000000                __INT_ITCM_START = ORIGIN (int_itcm)
                0x0000000000008000                __INT_ITCM_END = (ORIGIN (int_itcm) + LENGTH (int_itcm))
                0x0000000020000000                __INT_DTCM_START = ORIGIN (int_dtcm)
                0x0000000020010000                __INT_DTCM_END = ((ORIGIN (int_dtcm) + LENGTH (int_dtcm)) + LENGTH (int_stack_dtcm))
                0x00000000204bc000                __RAM_SHAREABLE_START = __shareable_data_start__
                0x000000000000000e                __RAM_SHAREABLE_SIZE = 0xe
                0x000000000040b5f0                __ROM_SHAREABLE_START = __shareable_data_rom
                0x000000000040b5f0                __ROM_SHAREABLE_END = __shareable_data_rom_end
                0x0000000020480000                __RAM_NO_CACHEABLE_START = __non_cacheable_data_start__
                0x0000000000000012                __RAM_NO_CACHEABLE_SIZE = 0x12
                0x000000000040b5ec                __ROM_NO_CACHEABLE_START = __non_cacheable_data_rom
                0x000000000040b5f0                __ROM_NO_CACHEABLE_END = __non_cacheable_data_rom_end
                0x0000000020400288                __RAM_CACHEABLE_START = __sram_data_begin__
                0x0000000000000013                __RAM_CACHEABLE_SIZE = 0x13
                0x000000000040b544                __ROM_CACHEABLE_START = __sram_data_rom
                0x000000000040b5ec                __ROM_CACHEABLE_END = __sram_data_rom_end
                0x0000000000400000                __ROM_CODE_START = ORIGIN (int_pflash)
                0x0000000010000000                __ROM_DATA_START = ORIGIN (int_dflash)
                0x0000000020400000                __BSS_SRAM_START = __sram_bss_start
                0x0000000020400288                __BSS_SRAM_END = __sram_bss_end
                0x0000000000000288                __BSS_SRAM_SIZE = (__sram_bss_end - __sram_bss_start)
                0x0000000020480100                __BSS_SRAM_NC_START = __non_cacheable_bss_start
                0x0000000000001400                __BSS_SRAM_NC_SIZE = (__non_cacheable_bss_end - __non_cacheable_bss_start)
                0x0000000020481500                __BSS_SRAM_NC_END = __non_cacheable_bss_end
                0x00000000204bc000                __BSS_SRAM_SH_START = __shareable_bss_start
                0x0000000000000000                __BSS_SRAM_SH_SIZE = (__shareable_bss_end - __shareable_bss_start)
                0x00000000204bc000                __BSS_SRAM_SH_END = __shareable_bss_end
                0x0000000020000000                __RAM_INTERRUPT_START = __interrupts_ram_start
                0x0000000000402000                __INIT_INTERRUPT_START = __interrupts_init_start
                0x0000000000402408                __INIT_INTERRUPT_END = __interrupts_init_end
                0x0000000000000000                __RAM_ITCM_START = __itcm_start__
                0x000000000040b5f0                __ROM_ITCM_START = __tcm_code_rom_start
                0x000000000040b5f0                __ROM_ITCM_END = __tcm_code_rom_end
                0x0000000020000408                __RAM_DTCM_DATA_START = __dtcm_data_start__
                0x000000000040b5f0                __ROM_DTCM_DATA_START = __tcm_data_rom
                0x000000000040b5f0                __ROM_DTCM_END = __tcm_data_rom_end
                0x000000000040b4d4                __INIT_TABLE = __init_table
                0x000000000040b520                __ZERO_TABLE = __zero_table
                0x0000000000000001                __RAM_INIT = 0x1
                0x0000000000000001                __ITCM_INIT = 0x1
                0x0000000000000001                __DTCM_INIT = 0x1
                0x0000000000408e98                Fls_ACEraseRomStart = __acfls_code_rom_start
                0x0000000000408f18                Fls_ACEraseRomEnd = __acfls_code_rom_end
                0x0000000000000020                Fls_ACEraseSize = ((__acfls_code_rom_end - __acfls_code_rom_start) / 0x4)
                0x0000000000408e98                Fls_ACWriteRomStart = __acfls_code_rom_start
                0x0000000000408f18                Fls_ACWriteRomEnd = __acfls_code_rom_end
                0x0000000000000020                Fls_ACWriteSize = ((__acfls_code_rom_end - __acfls_code_rom_start) / 0x4)
                0x000000002047ff00                _ERASE_FUNC_ADDRESS_ = __acfls_code_ram_start
                0x000000002047ff00                _WRITE_FUNC_ADDRESS_ = __acfls_code_ram_start
                0x0000000000408f18                Mem_43_INFLS_ACEraseRomStart = __acmem_43_infls_code_rom_start
                0x0000000000408f18                Mem_43_INFLS_ACEraseRomEnd = __acmem_43_infls_code_rom_end
                0x0000000000000000                Mem_43_INFLS_ACEraseSize = (((__acmem_43_infls_code_rom_end - __acmem_43_infls_code_rom_start) + 0x3) / 0x4)
                0x0000000000408f18                Mem_43_INFLS_ACWriteRomStart = __acmem_43_infls_code_rom_start
                0x0000000000408f18                Mem_43_INFLS_ACWriteRomEnd = __acmem_43_infls_code_rom_end
                0x0000000000000000                Mem_43_INFLS_ACWriteSize = (((__acmem_43_infls_code_rom_end - __acmem_43_infls_code_rom_start) + 0x3) / 0x4)
                0x000000002047ff00                _MEM_43_INFLS_ERASE_FUNC_ADDRESS_ = __acmem_43_infls_code_ram_start
                0x000000002047ff00                _MEM_43_INFLS_WRITE_FUNC_ADDRESS_ = __acmem_43_infls_code_ram_start
                0x0000000000402000                __ENTRY_VTABLE = __INIT_INTERRUPT_START
                0x0000000000402000                __CORE0_VTOR = __INIT_INTERRUPT_START
                0x0000000000402000                __CORE1_VTOR = __INIT_INTERRUPT_START
                0x0000000000402000                __CORE2_VTOR = __INIT_INTERRUPT_START
                0x0000000000402000                __CORE3_VTOR = __INIT_INTERRUPT_START
                0x0000000000000003                __INDEX_COPY_CORE2 = 0x3
                0x0000000000000001                ASSERT ((__standby_ram_end__ <= __STANDBY_RAM_LIMIT_END), Memory for standby ram overflow)
OUTPUT(Gmac_Ip_NON_Loopback_S32K388.elf elf32-littlearm)
LOAD linker stubs

.ARM.attributes
                0x0000000000000000       0x30
 .ARM.attributes
                0x0000000000000000       0x20 ./Project_Settings/Startup_Code/Vector_Table.o
 .ARM.attributes
                0x0000000000000020       0x34 ./Project_Settings/Startup_Code/exceptions.o
 .ARM.attributes
                0x0000000000000054       0x34 ./Project_Settings/Startup_Code/nvic.o
 .ARM.attributes
                0x0000000000000088       0x34 ./Project_Settings/Startup_Code/startup.o
 .ARM.attributes
                0x00000000000000bc       0x1f ./Project_Settings/Startup_Code/startup_cm7.o
 .ARM.attributes
                0x00000000000000db       0x34 ./Project_Settings/Startup_Code/system.o
 .ARM.attributes
                0x000000000000010f       0x34 ./RTD/src/Clock_Ip.o
 .ARM.attributes
                0x0000000000000143       0x39 ./RTD/src/Clock_Ip_Data.o
 .ARM.attributes
                0x000000000000017c       0x34 ./RTD/src/Clock_Ip_Divider.o
 .ARM.attributes
                0x00000000000001b0       0x34 ./RTD/src/Clock_Ip_DividerTrigger.o
 .ARM.attributes
                0x00000000000001e4       0x34 ./RTD/src/Clock_Ip_ExtOsc.o
 .ARM.attributes
                0x0000000000000218       0x34 ./RTD/src/Clock_Ip_FracDiv.o
 .ARM.attributes
                0x000000000000024c       0x34 ./RTD/src/Clock_Ip_Frequency.o
 .ARM.attributes
                0x0000000000000280       0x34 ./RTD/src/Clock_Ip_Gate.o
 .ARM.attributes
                0x00000000000002b4       0x34 ./RTD/src/Clock_Ip_IntOsc.o
 .ARM.attributes
                0x00000000000002e8       0x34 ./RTD/src/Clock_Ip_Irq.o
 .ARM.attributes
                0x000000000000031c       0x34 ./RTD/src/Clock_Ip_Monitor.o
 .ARM.attributes
                0x0000000000000350       0x34 ./RTD/src/Clock_Ip_Pll.o
 .ARM.attributes
                0x0000000000000384       0x34 ./RTD/src/Clock_Ip_ProgFreqSwitch.o
 .ARM.attributes
                0x00000000000003b8       0x34 ./RTD/src/Clock_Ip_Selector.o
 .ARM.attributes
                0x00000000000003ec       0x34 ./RTD/src/Clock_Ip_Specific.o
 .ARM.attributes
                0x0000000000000420       0x34 ./RTD/src/Det.o
 .ARM.attributes
                0x0000000000000454       0x34 ./RTD/src/Det_stub.o
 .ARM.attributes
                0x0000000000000488       0x34 ./RTD/src/Gmac_Ip.o
 .ARM.attributes
                0x00000000000004bc       0x34 ./RTD/src/Gmac_Ip_Hw_Access.o
 .ARM.attributes
                0x00000000000004f0       0x34 ./RTD/src/Gmac_Ip_Irq.o
 .ARM.attributes
                0x0000000000000524       0x39 ./RTD/src/Igf_Port_Ip.o
 .ARM.attributes
                0x000000000000055d       0x39 ./RTD/src/OsIf_Interrupts.o
 .ARM.attributes
                0x0000000000000596       0x39 ./RTD/src/OsIf_Software_Semaphore.o
 .ARM.attributes
                0x00000000000005cf       0x34 ./RTD/src/OsIf_Timer.o
 .ARM.attributes
                0x0000000000000603       0x39 ./RTD/src/OsIf_Timer_System.o
 .ARM.attributes
                0x000000000000063c       0x34 ./RTD/src/OsIf_Timer_System_Internal_Systick.o
 .ARM.attributes
                0x0000000000000670       0x34 ./RTD/src/SchM_BaseNXP.o
 .ARM.attributes
                0x00000000000006a4       0x34 ./RTD/src/SchM_Eth_43_GMAC.o
 .ARM.attributes
                0x00000000000006d8       0x34 ./RTD/src/SchM_Mcu.o
 .ARM.attributes
                0x000000000000070c       0x34 ./RTD/src/SchM_Port.o
 .ARM.attributes
                0x0000000000000740       0x34 ./RTD/src/Siul2_Port_Ip.o
 .ARM.attributes
                0x0000000000000774       0x34 ./RTD/src/Tspc_Port_Ip.o
 .ARM.attributes
                0x00000000000007a8       0x39 ./board/Siul2_Port_Ip_Cfg.o
 .ARM.attributes
                0x00000000000007e1       0x39 ./board/Tspc_Port_Ip_Cfg.o
 .ARM.attributes
                0x000000000000081a       0x39 ./board/dcf_config.o
 .ARM.attributes
                0x0000000000000853       0x39 ./board/ivt_config.o
 .ARM.attributes
                0x000000000000088c       0x39 ./generate/src/Clock_Ip_Cfg.o
 .ARM.attributes
                0x00000000000008c5       0x39 ./generate/src/Gmac_Ip_Cfg.o
 .ARM.attributes
                0x00000000000008fe       0x39 ./generate/src/Gmac_Ip_Sa_VS_0_PBcfg.o
 .ARM.attributes
                0x0000000000000937       0x39 ./generate/src/Igf_Port_Ip_Cfg.o
 .ARM.attributes
                0x0000000000000970       0x39 ./generate/src/OsIf_Cfg.o
 .ARM.attributes
                0x00000000000009a9       0x34 ./src/main.o
 .ARM.attributes
                0x00000000000009dd       0x34 /home/kj/NXP/S32DS.3.6.7/S32DS/build_tools/gcc_v10.2/gcc-10.2-arm32-eabi/bin/../lib/gcc/arm-none-eabi/10.2.0/../../../../arm-none-eabi/lib/thumb/v7e-m+fp/hard/libc_nano.a(lib_a-memmove.o)
 .ARM.attributes
                0x0000000000000a11       0x34 /home/kj/NXP/S32DS.3.6.7/S32DS/build_tools/gcc_v10.2/gcc-10.2-arm32-eabi/bin/../lib/gcc/arm-none-eabi/10.2.0/../../../../arm-none-eabi/lib/thumb/v7e-m+fp/hard/libc_nano.a(lib_a-memset.o)
 .ARM.attributes
                0x0000000000000a45       0x1e /home/kj/NXP/S32DS.3.6.7/S32DS/build_tools/gcc_v10.2/gcc-10.2-arm32-eabi/bin/../lib/gcc/arm-none-eabi/10.2.0/thumb/v7e-m+fp/hard/libgcc.a(_arm_muldivdf3.o)
 .ARM.attributes
                0x0000000000000a63       0x1e /home/kj/NXP/S32DS.3.6.7/S32DS/build_tools/gcc_v10.2/gcc-10.2-arm32-eabi/bin/../lib/gcc/arm-none-eabi/10.2.0/thumb/v7e-m+fp/hard/libgcc.a(_arm_cmpdf2.o)
 .ARM.attributes
                0x0000000000000a81       0x1e /home/kj/NXP/S32DS.3.6.7/S32DS/build_tools/gcc_v10.2/gcc-10.2-arm32-eabi/bin/../lib/gcc/arm-none-eabi/10.2.0/thumb/v7e-m+fp/hard/libgcc.a(_arm_fixunsdfsi.o)
 .ARM.attributes
                0x0000000000000a9f       0x1e /home/kj/NXP/S32DS.3.6.7/S32DS/build_tools/gcc_v10.2/gcc-10.2-arm32-eabi/bin/../lib/gcc/arm-none-eabi/10.2.0/thumb/v7e-m+fp/hard/libgcc.a(_aeabi_ldivmod.o)
 .ARM.attributes
                0x0000000000000abd       0x1e /home/kj/NXP/S32DS.3.6.7/S32DS/build_tools/gcc_v10.2/gcc-10.2-arm32-eabi/bin/../lib/gcc/arm-none-eabi/10.2.0/thumb/v7e-m+fp/hard/libgcc.a(_aeabi_uldivmod.o)
 .ARM.attributes
                0x0000000000000adb       0x34 /home/kj/NXP/S32DS.3.6.7/S32DS/build_tools/gcc_v10.2/gcc-10.2-arm32-eabi/bin/../lib/gcc/arm-none-eabi/10.2.0/thumb/v7e-m+fp/hard/libgcc.a(_udivmoddi4.o)
 .ARM.attributes
                0x0000000000000b0f       0x1e /home/kj/NXP/S32DS.3.6.7/S32DS/build_tools/gcc_v10.2/gcc-10.2-arm32-eabi/bin/../lib/gcc/arm-none-eabi/10.2.0/thumb/v7e-m+fp/hard/libgcc.a(_dvmd_tls.o)

.comment        0x0000000000000000       0x53
 .comment       0x0000000000000000       0x53 ./Project_Settings/Startup_Code/exceptions.o
                                         0x54 (size before relaxing)
 .comment       0x0000000000000053       0x54 ./Project_Settings/Startup_Code/nvic.o
 .comment       0x0000000000000053       0x54 ./Project_Settings/Startup_Code/startup.o
 .comment       0x0000000000000053       0x54 ./Project_Settings/Startup_Code/system.o
 .comment       0x0000000000000053       0x54 ./RTD/src/Clock_Ip.o
 .comment       0x0000000000000053       0x54 ./RTD/src/Clock_Ip_Data.o
 .comment       0x0000000000000053       0x54 ./RTD/src/Clock_Ip_Divider.o
 .comment       0x0000000000000053       0x54 ./RTD/src/Clock_Ip_DividerTrigger.o
 .comment       0x0000000000000053       0x54 ./RTD/src/Clock_Ip_ExtOsc.o
 .comment       0x0000000000000053       0x54 ./RTD/src/Clock_Ip_FracDiv.o
 .comment       0x0000000000000053       0x54 ./RTD/src/Clock_Ip_Frequency.o
 .comment       0x0000000000000053       0x54 ./RTD/src/Clock_Ip_Gate.o
 .comment       0x0000000000000053       0x54 ./RTD/src/Clock_Ip_IntOsc.o
 .comment       0x0000000000000053       0x54 ./RTD/src/Clock_Ip_Irq.o
 .comment       0x0000000000000053       0x54 ./RTD/src/Clock_Ip_Monitor.o
 .comment       0x0000000000000053       0x54 ./RTD/src/Clock_Ip_Pll.o
 .comment       0x0000000000000053       0x54 ./RTD/src/Clock_Ip_ProgFreqSwitch.o
 .comment       0x0000000000000053       0x54 ./RTD/src/Clock_Ip_Selector.o
 .comment       0x0000000000000053       0x54 ./RTD/src/Clock_Ip_Specific.o
 .comment       0x0000000000000053       0x54 ./RTD/src/Det.o
 .comment       0x0000000000000053       0x54 ./RTD/src/Det_stub.o
 .comment       0x0000000000000053       0x54 ./RTD/src/Gmac_Ip.o
 .comment       0x0000000000000053       0x54 ./RTD/src/Gmac_Ip_Hw_Access.o
 .comment       0x0000000000000053       0x54 ./RTD/src/Gmac_Ip_Irq.o
 .comment       0x0000000000000053       0x54 ./RTD/src/Igf_Port_Ip.o
 .comment       0x0000000000000053       0x54 ./RTD/src/OsIf_Interrupts.o
 .comment       0x0000000000000053       0x54 ./RTD/src/OsIf_Software_Semaphore.o
 .comment       0x0000000000000053       0x54 ./RTD/src/OsIf_Timer.o
 .comment       0x0000000000000053       0x54 ./RTD/src/OsIf_Timer_System.o
 .comment       0x0000000000000053       0x54 ./RTD/src/OsIf_Timer_System_Internal_Systick.o
 .comment       0x0000000000000053       0x54 ./RTD/src/SchM_BaseNXP.o
 .comment       0x0000000000000053       0x54 ./RTD/src/SchM_Eth_43_GMAC.o
 .comment       0x0000000000000053       0x54 ./RTD/src/SchM_Mcu.o
 .comment       0x0000000000000053       0x54 ./RTD/src/SchM_Port.o
 .comment       0x0000000000000053       0x54 ./RTD/src/Siul2_Port_Ip.o
 .comment       0x0000000000000053       0x54 ./RTD/src/Tspc_Port_Ip.o
 .comment       0x0000000000000053       0x54 ./board/Siul2_Port_Ip_Cfg.o
 .comment       0x0000000000000053       0x54 ./board/Tspc_Port_Ip_Cfg.o
 .comment       0x0000000000000053       0x54 ./board/dcf_config.o
 .comment       0x0000000000000053       0x54 ./board/ivt_config.o
 .comment       0x0000000000000053       0x54 ./generate/src/Clock_Ip_Cfg.o
 .comment       0x0000000000000053       0x54 ./generate/src/Gmac_Ip_Cfg.o
 .comment       0x0000000000000053       0x54 ./generate/src/Gmac_Ip_Sa_VS_0_PBcfg.o
 .comment       0x0000000000000053       0x54 ./generate/src/Igf_Port_Ip_Cfg.o
 .comment       0x0000000000000053       0x54 ./generate/src/OsIf_Cfg.o
 .comment       0x0000000000000053       0x54 ./src/main.o
 .comment       0x0000000000000053       0x54 /home/kj/NXP/S32DS.3.6.7/S32DS/build_tools/gcc_v10.2/gcc-10.2-arm32-eabi/bin/../lib/gcc/arm-none-eabi/10.2.0/../../../../arm-none-eabi/lib/thumb/v7e-m+fp/hard/libc_nano.a(lib_a-memmove.o)
 .comment       0x0000000000000053       0x54 /home/kj/NXP/S32DS.3.6.7/S32DS/build_tools/gcc_v10.2/gcc-10.2-arm32-eabi/bin/../lib/gcc/arm-none-eabi/10.2.0/../../../../arm-none-eabi/lib/thumb/v7e-m+fp/hard/libc_nano.a(lib_a-memset.o)

.debug_info     0x0000000000000000    0x2b5cc
 .debug_info    0x0000000000000000      0x139 ./Project_Settings/Startup_Code/exceptions.o
 .debug_info    0x0000000000000139      0x76c ./Project_Settings/Startup_Code/nvic.o
 .debug_info    0x00000000000008a5      0x371 ./Project_Settings/Startup_Code/startup.o
 .debug_info    0x0000000000000c16       0x22 ./Project_Settings/Startup_Code/startup_cm7.o
 .debug_info    0x0000000000000c38      0xe33 ./Project_Settings/Startup_Code/system.o
 .debug_info    0x0000000000001a6b     0x22e7 ./RTD/src/Clock_Ip.o
 .debug_info    0x0000000000003d52     0x1bfc ./RTD/src/Clock_Ip_Data.o
 .debug_info    0x000000000000594e     0x1104 ./RTD/src/Clock_Ip_Divider.o
 .debug_info    0x0000000000006a52      0x8fc ./RTD/src/Clock_Ip_DividerTrigger.o
 .debug_info    0x000000000000734e      0xc4f ./RTD/src/Clock_Ip_ExtOsc.o
 .debug_info    0x0000000000007f9d      0x6b7 ./RTD/src/Clock_Ip_FracDiv.o
 .debug_info    0x0000000000008654      0x529 ./RTD/src/Clock_Ip_Frequency.o
 .debug_info    0x0000000000008b7d      0xcd3 ./RTD/src/Clock_Ip_Gate.o
 .debug_info    0x0000000000009850      0xf6b ./RTD/src/Clock_Ip_IntOsc.o
 .debug_info    0x000000000000a7bb       0xb2 ./RTD/src/Clock_Ip_Irq.o
 .debug_info    0x000000000000a86d     0x16f2 ./RTD/src/Clock_Ip_Monitor.o
 .debug_info    0x000000000000bf5f      0xd07 ./RTD/src/Clock_Ip_Pll.o
 .debug_info    0x000000000000cc66     0x130c ./RTD/src/Clock_Ip_ProgFreqSwitch.o
 .debug_info    0x000000000000df72     0x1143 ./RTD/src/Clock_Ip_Selector.o
 .debug_info    0x000000000000f0b5     0x1f7e ./RTD/src/Clock_Ip_Specific.o
 .debug_info    0x0000000000011033      0xe10 ./RTD/src/Det.o
 .debug_info    0x0000000000011e43      0x5dd ./RTD/src/Det_stub.o
 .debug_info    0x0000000000012420     0x646c ./RTD/src/Gmac_Ip.o
 .debug_info    0x000000000001888c     0x3391 ./RTD/src/Gmac_Ip_Hw_Access.o
 .debug_info    0x000000000001bc1d      0x35a ./RTD/src/Gmac_Ip_Irq.o
 .debug_info    0x000000000001bf77       0x7d ./RTD/src/Igf_Port_Ip.o
 .debug_info    0x000000000001bff4       0x7d ./RTD/src/OsIf_Interrupts.o
 .debug_info    0x000000000001c071       0x7d ./RTD/src/OsIf_Software_Semaphore.o
 .debug_info    0x000000000001c0ee      0x2d0 ./RTD/src/OsIf_Timer.o
 .debug_info    0x000000000001c3be       0x7d ./RTD/src/OsIf_Timer_System.o
 .debug_info    0x000000000001c43b      0x197 ./RTD/src/OsIf_Timer_System_Internal_Systick.o
 .debug_info    0x000000000001c5d2      0x2d0 ./RTD/src/SchM_BaseNXP.o
 .debug_info    0x000000000001c8a2      0x604 ./RTD/src/SchM_Eth_43_GMAC.o
 .debug_info    0x000000000001cea6      0x39d ./RTD/src/SchM_Mcu.o
 .debug_info    0x000000000001d243     0x17a2 ./RTD/src/SchM_Port.o
 .debug_info    0x000000000001e9e5     0x341a ./RTD/src/Siul2_Port_Ip.o
 .debug_info    0x0000000000021dff      0x490 ./RTD/src/Tspc_Port_Ip.o
 .debug_info    0x000000000002228f     0x2624 ./board/Siul2_Port_Ip_Cfg.o
 .debug_info    0x00000000000248b3       0x7d ./board/Tspc_Port_Ip_Cfg.o
 .debug_info    0x0000000000024930       0xac ./board/dcf_config.o
 .debug_info    0x00000000000249dc       0xac ./board/ivt_config.o
 .debug_info    0x0000000000024a88     0x1137 ./generate/src/Clock_Ip_Cfg.o
 .debug_info    0x0000000000025bbf      0x44d ./generate/src/Gmac_Ip_Cfg.o
 .debug_info    0x000000000002600c      0xaa9 ./generate/src/Gmac_Ip_Sa_VS_0_PBcfg.o
 .debug_info    0x0000000000026ab5       0x7d ./generate/src/Igf_Port_Ip_Cfg.o
 .debug_info    0x0000000000026b32       0x7d ./generate/src/OsIf_Cfg.o
 .debug_info    0x0000000000026baf     0x4418 ./src/main.o
 .debug_info    0x000000000002afc7       0x26 /home/kj/NXP/S32DS.3.6.7/S32DS/build_tools/gcc_v10.2/gcc-10.2-arm32-eabi/bin/../lib/gcc/arm-none-eabi/10.2.0/thumb/v7e-m+fp/hard/libgcc.a(_arm_muldivdf3.o)
 .debug_info    0x000000000002afed       0x26 /home/kj/NXP/S32DS.3.6.7/S32DS/build_tools/gcc_v10.2/gcc-10.2-arm32-eabi/bin/../lib/gcc/arm-none-eabi/10.2.0/thumb/v7e-m+fp/hard/libgcc.a(_arm_cmpdf2.o)
 .debug_info    0x000000000002b013       0x26 /home/kj/NXP/S32DS.3.6.7/S32DS/build_tools/gcc_v10.2/gcc-10.2-arm32-eabi/bin/../lib/gcc/arm-none-eabi/10.2.0/thumb/v7e-m+fp/hard/libgcc.a(_arm_fixunsdfsi.o)
 .debug_info    0x000000000002b039       0x26 /home/kj/NXP/S32DS.3.6.7/S32DS/build_tools/gcc_v10.2/gcc-10.2-arm32-eabi/bin/../lib/gcc/arm-none-eabi/10.2.0/thumb/v7e-m+fp/hard/libgcc.a(_aeabi_ldivmod.o)
 .debug_info    0x000000000002b05f       0x26 /home/kj/NXP/S32DS.3.6.7/S32DS/build_tools/gcc_v10.2/gcc-10.2-arm32-eabi/bin/../lib/gcc/arm-none-eabi/10.2.0/thumb/v7e-m+fp/hard/libgcc.a(_aeabi_uldivmod.o)
 .debug_info    0x000000000002b085      0x521 /home/kj/NXP/S32DS.3.6.7/S32DS/build_tools/gcc_v10.2/gcc-10.2-arm32-eabi/bin/../lib/gcc/arm-none-eabi/10.2.0/thumb/v7e-m+fp/hard/libgcc.a(_udivmoddi4.o)
 .debug_info    0x000000000002b5a6       0x26 /home/kj/NXP/S32DS.3.6.7/S32DS/build_tools/gcc_v10.2/gcc-10.2-arm32-eabi/bin/../lib/gcc/arm-none-eabi/10.2.0/thumb/v7e-m+fp/hard/libgcc.a(_dvmd_tls.o)

.debug_abbrev   0x0000000000000000     0x4a0b
 .debug_abbrev  0x0000000000000000       0x47 ./Project_Settings/Startup_Code/exceptions.o
 .debug_abbrev  0x0000000000000047      0x111 ./Project_Settings/Startup_Code/nvic.o
 .debug_abbrev  0x0000000000000158      0x128 ./Project_Settings/Startup_Code/startup.o
 .debug_abbrev  0x0000000000000280       0x12 ./Project_Settings/Startup_Code/startup_cm7.o
 .debug_abbrev  0x0000000000000292      0x227 ./Project_Settings/Startup_Code/system.o
 .debug_abbrev  0x00000000000004b9      0x3c8 ./RTD/src/Clock_Ip.o
 .debug_abbrev  0x0000000000000881      0x155 ./RTD/src/Clock_Ip_Data.o
 .debug_abbrev  0x00000000000009d6      0x25b ./RTD/src/Clock_Ip_Divider.o
 .debug_abbrev  0x0000000000000c31      0x1b0 ./RTD/src/Clock_Ip_DividerTrigger.o
 .debug_abbrev  0x0000000000000de1      0x2da ./RTD/src/Clock_Ip_ExtOsc.o
 .debug_abbrev  0x00000000000010bb      0x163 ./RTD/src/Clock_Ip_FracDiv.o
 .debug_abbrev  0x000000000000121e       0x92 ./RTD/src/Clock_Ip_Frequency.o
 .debug_abbrev  0x00000000000012b0      0x249 ./RTD/src/Clock_Ip_Gate.o
 .debug_abbrev  0x00000000000014f9      0x25d ./RTD/src/Clock_Ip_IntOsc.o
 .debug_abbrev  0x0000000000001756       0x6a ./RTD/src/Clock_Ip_Irq.o
 .debug_abbrev  0x00000000000017c0      0x2ec ./RTD/src/Clock_Ip_Monitor.o
 .debug_abbrev  0x0000000000001aac      0x2a8 ./RTD/src/Clock_Ip_Pll.o
 .debug_abbrev  0x0000000000001d54      0x1ae ./RTD/src/Clock_Ip_ProgFreqSwitch.o
 .debug_abbrev  0x0000000000001f02      0x2f8 ./RTD/src/Clock_Ip_Selector.o
 .debug_abbrev  0x00000000000021fa      0x35f ./RTD/src/Clock_Ip_Specific.o
 .debug_abbrev  0x0000000000002559      0x281 ./RTD/src/Det.o
 .debug_abbrev  0x00000000000027da      0x176 ./RTD/src/Det_stub.o
 .debug_abbrev  0x0000000000002950      0x445 ./RTD/src/Gmac_Ip.o
 .debug_abbrev  0x0000000000002d95      0x3c6 ./RTD/src/Gmac_Ip_Hw_Access.o
 .debug_abbrev  0x000000000000315b       0xa5 ./RTD/src/Gmac_Ip_Irq.o
 .debug_abbrev  0x0000000000003200       0x29 ./RTD/src/Igf_Port_Ip.o
 .debug_abbrev  0x0000000000003229       0x29 ./RTD/src/OsIf_Interrupts.o
 .debug_abbrev  0x0000000000003252       0x29 ./RTD/src/OsIf_Software_Semaphore.o
 .debug_abbrev  0x000000000000327b      0x1ad ./RTD/src/OsIf_Timer.o
 .debug_abbrev  0x0000000000003428       0x29 ./RTD/src/OsIf_Timer_System.o
 .debug_abbrev  0x0000000000003451      0x120 ./RTD/src/OsIf_Timer_System_Internal_Systick.o
 .debug_abbrev  0x0000000000003571      0x133 ./RTD/src/SchM_BaseNXP.o
 .debug_abbrev  0x00000000000036a4      0x133 ./RTD/src/SchM_Eth_43_GMAC.o
 .debug_abbrev  0x00000000000037d7      0x133 ./RTD/src/SchM_Mcu.o
 .debug_abbrev  0x000000000000390a      0x133 ./RTD/src/SchM_Port.o
 .debug_abbrev  0x0000000000003a3d      0x37c ./RTD/src/Siul2_Port_Ip.o
 .debug_abbrev  0x0000000000003db9      0x1cc ./RTD/src/Tspc_Port_Ip.o
 .debug_abbrev  0x0000000000003f85      0x146 ./board/Siul2_Port_Ip_Cfg.o
 .debug_abbrev  0x00000000000040cb       0x29 ./board/Tspc_Port_Ip_Cfg.o
 .debug_abbrev  0x00000000000040f4       0x64 ./board/dcf_config.o
 .debug_abbrev  0x0000000000004158       0x64 ./board/ivt_config.o
 .debug_abbrev  0x00000000000041bc      0x10c ./generate/src/Clock_Ip_Cfg.o
 .debug_abbrev  0x00000000000042c8      0x105 ./generate/src/Gmac_Ip_Cfg.o
 .debug_abbrev  0x00000000000043cd      0x15c ./generate/src/Gmac_Ip_Sa_VS_0_PBcfg.o
 .debug_abbrev  0x0000000000004529       0x29 ./generate/src/Igf_Port_Ip_Cfg.o
 .debug_abbrev  0x0000000000004552       0x29 ./generate/src/OsIf_Cfg.o
 .debug_abbrev  0x000000000000457b      0x2f6 ./src/main.o
 .debug_abbrev  0x0000000000004871       0x14 /home/kj/NXP/S32DS.3.6.7/S32DS/build_tools/gcc_v10.2/gcc-10.2-arm32-eabi/bin/../lib/gcc/arm-none-eabi/10.2.0/thumb/v7e-m+fp/hard/libgcc.a(_arm_muldivdf3.o)
 .debug_abbrev  0x0000000000004885       0x14 /home/kj/NXP/S32DS.3.6.7/S32DS/build_tools/gcc_v10.2/gcc-10.2-arm32-eabi/bin/../lib/gcc/arm-none-eabi/10.2.0/thumb/v7e-m+fp/hard/libgcc.a(_arm_cmpdf2.o)